 
****************************************
Report : timing
        -path full
        -delay max
        -nets
        -max_paths 1
        -transition_time
Design : mlp_wrapper_N_FEATURES32_HIDDEN116_HIDDEN216_DATA_WIDTH8
Version: X-2025.06-SP2
Date   : Sun Jun 14 23:46:18 2026
****************************************

 # A fanout number of 1000 was used for high fanout net computations.

Operating Conditions: tt1v25c   Library: tcbn28hpcplusbwp30p140tt1v25c_ccs
Wire Load Model Mode: segmented

  Startpoint: i_valid (input port clocked by clk)
  Endpoint: valid_ff_reg
            (rising edge-triggered flip-flop clocked by clk)
  Path Group: REGIN
  Path Type: max

  Des/Clust/Port     Wire Load Model       Library
  ------------------------------------------------
  mlp_wrapper_N_FEATURES32_HIDDEN116_HIDDEN216_DATA_WIDTH8 ZeroWireload tcbn28hpcplusbwp30p140tt1v25c_ccs

Attributes:
    d - dont_touch
    u - dont_use
   mo - map_only
   so - size_only
    i - ideal_net or ideal_network
  inf - infeasible path

  Point                          Fanout     Trans      Incr       Path      Attributes
  --------------------------------------------------------------------------------------------
  clock clk (rise edge)                                0.00       0.00
  clock network delay (ideal)                          0.00       0.00
  input external delay                                 0.20       0.20 r
  i_valid (in)                               0.00      0.00       0.20 r
  i_valid (net)                    1                   0.00       0.20 r
  valid_ff_reg/D (DFCNQD1BWP40P140EHVT)      0.00      0.00       0.20 r
  data arrival time                                               0.20

  clock clk (rise edge)                                1.00       1.00
  clock network delay (ideal)                          0.00       1.00
  clock uncertainty                                   -0.05       0.95
  valid_ff_reg/CP (DFCNQD1BWP40P140EHVT)               0.00       0.95 r
  library setup time                                  -0.04       0.91
  data required time                                              0.91
  --------------------------------------------------------------------------------------------
  data required time                                              0.91
  data arrival time                                              -0.20
  --------------------------------------------------------------------------------------------
  slack (MET)                                                     0.71


  Startpoint: o_valid_ff_reg
              (rising edge-triggered flip-flop clocked by clk)
  Endpoint: o_valid (output port clocked by clk)
  Path Group: REGOUT
  Path Type: max

  Des/Clust/Port     Wire Load Model       Library
  ------------------------------------------------
  mlp_wrapper_N_FEATURES32_HIDDEN116_HIDDEN216_DATA_WIDTH8 ZeroWireload tcbn28hpcplusbwp30p140tt1v25c_ccs
  mlp_N_FEATURES32_HIDDEN116_HIDDEN216_DATA_WIDTH8 ZeroWireload tcbn28hpcplusbwp30p140tt1v25c_ccs

Attributes:
    d - dont_touch
    u - dont_use
   mo - map_only
   so - size_only
    i - ideal_net or ideal_network
  inf - infeasible path

  Point                             Fanout     Trans      Incr       Path      Attributes
  -----------------------------------------------------------------------------------------------
  clock clk (rise edge)                                   0.00       0.00
  clock network delay (ideal)                             0.00       0.00
  o_valid_ff_reg/CP (DFCNQD1BWP40P140EHVT)      0.00      0.00 #     0.00 r
  o_valid_ff_reg/Q (DFCNQD1BWP40P140EHVT)       0.07      0.13       0.13 f
  o_valid (net)                       1                   0.00       0.13 f
  o_valid (out)                                 0.07      0.00       0.13 f
  data arrival time                                                  0.13

  clock clk (rise edge)                                   1.00       1.00
  clock network delay (ideal)                             0.00       1.00
  clock uncertainty                                      -0.05       0.95
  output external delay                                  -0.20       0.75
  data required time                                                 0.75
  -----------------------------------------------------------------------------------------------
  data required time                                                 0.75
  data arrival time                                                 -0.13
  -----------------------------------------------------------------------------------------------
  slack (MET)                                                        0.62


  Startpoint: U_DUT/x_ff_reg_13_
              (rising edge-triggered flip-flop clocked by clk)
  Endpoint: U_DUT/acc1_ff_reg_4__12_
            (rising edge-triggered flip-flop clocked by clk)
  Path Group: clk
  Path Type: max

  Des/Clust/Port     Wire Load Model       Library
  ------------------------------------------------
  mlp_wrapper_N_FEATURES32_HIDDEN116_HIDDEN216_DATA_WIDTH8 ZeroWireload tcbn28hpcplusbwp30p140tt1v25c_ccs
  mlp_N_FEATURES32_HIDDEN116_HIDDEN216_DATA_WIDTH8 ZeroWireload tcbn28hpcplusbwp30p140tt1v25c_ccs

Attributes:
    d - dont_touch
    u - dont_use
   mo - map_only
   so - size_only
    i - ideal_net or ideal_network
  inf - infeasible path

  Point                                   Fanout     Trans      Incr       Path      Attributes
  -----------------------------------------------------------------------------------------------------
  clock clk (rise edge)                                         0.00       0.00
  clock network delay (ideal)                                   0.00       0.00
  U_DUT/x_ff_reg_13_/CP (DFQD2BWP30P140)              0.00      0.00 #     0.00 r
  U_DUT/x_ff_reg_13_/Q (DFQD2BWP30P140)               0.03      0.05       0.05 f
  U_DUT/x_ff[13] (net)                     32                   0.00       0.05 f
  U_DUT/U1442/Z (CKBD1BWP30P140)                      0.05      0.04       0.09 f
  U_DUT/n15770 (net)                       26                   0.00       0.09 f
  U_DUT/U14095/Z (AN2D0BWP40P140EHVT)                 0.03      0.05       0.14 f
  U_DUT/n15957 (net)                        1                   0.00       0.14 f
  U_DUT/U14168/CO (FA1D0BWP30P140HVT)                 0.02      0.05       0.19 f
  U_DUT/n15888 (net)                        1                   0.00       0.19 f
  U_DUT/U14145/S (FA1D0BWP30P140HVT)                  0.02      0.07       0.27 r
  U_DUT/n16020 (net)                        1                   0.00       0.27 r
  U_DUT/U14189/S (FA1D0BWP30P140HVT)                  0.02      0.07       0.34 f
  U_DUT/n16055 (net)                        1                   0.00       0.34 f
  U_DUT/U14201/S (FA1D0BWP30P140HVT)                  0.02      0.07       0.41 r
  U_DUT/n16091 (net)                        1                   0.00       0.41 r
  U_DUT/U14211/S (FA1D0BWP30P140HVT)                  0.02      0.07       0.48 f
  U_DUT/n17792 (net)                        2                   0.00       0.48 f
  U_DUT/U15251/CO (FA1D0BWP30P140HVT)                 0.03      0.05       0.52 f
  U_DUT/n16113 (net)                        1                   0.00       0.52 f
  U_DUT/U14222/CO (FA1D1BWP30P140LVT)                 0.01      0.03       0.55 f
  U_DUT/n17788 (net)                        1                   0.00       0.55 f
  U_DUT/U15249/CO (FA1D0BWP30P140HVT)                 0.02      0.04       0.59 f
  U_DUT/n17782 (net)                        1                   0.00       0.59 f
  U_DUT/U15245/CO (FA1D0BWP30P140HVT)                 0.02      0.04       0.63 f
  U_DUT/n17779 (net)                        1                   0.00       0.63 f
  U_DUT/U15243/CO (FA1D1BWP30P140LVT)                 0.01      0.02       0.65 f
  U_DUT/n16116 (net)                        1                   0.00       0.65 f
  U_DUT/U14224/CO (FA1D0BWP30P140HVT)                 0.02      0.04       0.69 f
  U_DUT/n17785 (net)                        1                   0.00       0.69 f
  U_DUT/U15247/CO (FA1D1BWP30P140LVT)                 0.01      0.02       0.71 f
  U_DUT/n16122 (net)                        1                   0.00       0.71 f
  U_DUT/U14228/CO (FA1D1BWP30P140LVT)                 0.01      0.02       0.73 f
  U_DUT/n18020 (net)                        1                   0.00       0.73 f
  U_DUT/U15374/CO (FA1D2BWP30P140LVT)                 0.01      0.02       0.75 f
  U_DUT/n17977 (net)                        1                   0.00       0.75 f
  U_DUT/U15349/CO (FA1D1BWP30P140LVT)                 0.01      0.02       0.77 f
  U_DUT/n18017 (net)                        1                   0.00       0.77 f
  U_DUT/U15372/CO (FA1D0BWP30P140HVT)                 0.02      0.04       0.81 f
  U_DUT/n17980 (net)                        1                   0.00       0.81 f
  U_DUT/U15351/CO (FA1D1BWP30P140LVT)                 0.01      0.02       0.83 f
  U_DUT/n16103 (net)                        1                   0.00       0.83 f
  U_DUT/U14214/CO (FA1D0BWP30P140HVT)                 0.02      0.04       0.87 f
  U_DUT/n16105 (net)                        1                   0.00       0.87 f
  U_DUT/U14216/Z (CKXOR2D1BWP30P140)                  0.01      0.02       0.89 f
  U_DUT/n16106 (net)                        1                   0.00       0.89 f
  U_DUT/U14217/ZN (INR2D2BWP30P140LVT)                0.02      0.01       0.91 r
  U_DUT/n18024 (net)                       13                   0.00       0.91 r
  U_DUT/U15352/Z (CKAN2D0BWP40P140EHVT)               0.01      0.03       0.94 r
  U_DUT/N5227 (net)                         1                   0.00       0.94 r
  U_DUT/acc1_ff_reg_4__12_/D (DFQD1BWP30P140LVT)      0.01      0.00       0.94 r
  data arrival time                                                        0.94

  clock clk (rise edge)                                         1.00       1.00
  clock network delay (ideal)                                   0.00       1.00
  clock uncertainty                                            -0.05       0.95
  U_DUT/acc1_ff_reg_4__12_/CP (DFQD1BWP30P140LVT)               0.00       0.95 r
  library setup time                                           -0.01       0.94
  data required time                                                       0.94
  -----------------------------------------------------------------------------------------------------
  data required time                                                       0.94
  data arrival time                                                       -0.94
  -----------------------------------------------------------------------------------------------------
  slack (MET)                                                              0.00


1
