 
****************************************
check_design summary:
Version:     X-2025.06-SP2
Date:        Sun Jun 14 23:26:50 2026
****************************************

                   Name                                            Total
--------------------------------------------------------------------------------
Cells                                                             581
    Cells do not drive (LINT-1)                                   581

Nets                                                                9
    Unloaded nets (LINT-2)                                          9
--------------------------------------------------------------------------------

Warning: In design 'mlp_N_FEATURES32_HIDDEN116_HIDDEN216_DATA_WIDTH8', cell 'B_43' does not drive any nets. (LINT-1)
Warning: In design 'mlp_N_FEATURES32_HIDDEN116_HIDDEN216_DATA_WIDTH8', cell 'B_74' does not drive any nets. (LINT-1)
Warning: In design 'mlp_N_FEATURES32_HIDDEN116_HIDDEN216_DATA_WIDTH8', cell 'B_75' does not drive any nets. (LINT-1)
Warning: In design 'mlp_N_FEATURES32_HIDDEN116_HIDDEN216_DATA_WIDTH8', cell 'B_106' does not drive any nets. (LINT-1)
Warning: In design 'mlp_N_FEATURES32_HIDDEN116_HIDDEN216_DATA_WIDTH8', cell 'B_107' does not drive any nets. (LINT-1)
Warning: In design 'mlp_N_FEATURES32_HIDDEN116_HIDDEN216_DATA_WIDTH8', cell 'B_138' does not drive any nets. (LINT-1)
Warning: In design 'mlp_N_FEATURES32_HIDDEN116_HIDDEN216_DATA_WIDTH8', cell 'B_139' does not drive any nets. (LINT-1)
Warning: In design 'mlp_N_FEATURES32_HIDDEN116_HIDDEN216_DATA_WIDTH8', cell 'B_170' does not drive any nets. (LINT-1)
Warning: In design 'mlp_N_FEATURES32_HIDDEN116_HIDDEN216_DATA_WIDTH8', cell 'B_171' does not drive any nets. (LINT-1)
Warning: In design 'mlp_N_FEATURES32_HIDDEN116_HIDDEN216_DATA_WIDTH8', cell 'B_202' does not drive any nets. (LINT-1)
Warning: In design 'mlp_N_FEATURES32_HIDDEN116_HIDDEN216_DATA_WIDTH8', cell 'B_203' does not drive any nets. (LINT-1)
Warning: In design 'mlp_N_FEATURES32_HIDDEN116_HIDDEN216_DATA_WIDTH8', cell 'B_234' does not drive any nets. (LINT-1)
Warning: In design 'mlp_N_FEATURES32_HIDDEN116_HIDDEN216_DATA_WIDTH8', cell 'B_235' does not drive any nets. (LINT-1)
Warning: In design 'mlp_N_FEATURES32_HIDDEN116_HIDDEN216_DATA_WIDTH8', cell 'B_266' does not drive any nets. (LINT-1)
Warning: In design 'mlp_N_FEATURES32_HIDDEN116_HIDDEN216_DATA_WIDTH8', cell 'B_267' does not drive any nets. (LINT-1)
Warning: In design 'mlp_N_FEATURES32_HIDDEN116_HIDDEN216_DATA_WIDTH8', cell 'B_298' does not drive any nets. (LINT-1)
Warning: In design 'mlp_N_FEATURES32_HIDDEN116_HIDDEN216_DATA_WIDTH8', cell 'B_299' does not drive any nets. (LINT-1)
Warning: In design 'mlp_N_FEATURES32_HIDDEN116_HIDDEN216_DATA_WIDTH8', cell 'B_330' does not drive any nets. (LINT-1)
Warning: In design 'mlp_N_FEATURES32_HIDDEN116_HIDDEN216_DATA_WIDTH8', cell 'B_331' does not drive any nets. (LINT-1)
Warning: In design 'mlp_N_FEATURES32_HIDDEN116_HIDDEN216_DATA_WIDTH8', cell 'B_362' does not drive any nets. (LINT-1)
Warning: In design 'mlp_N_FEATURES32_HIDDEN116_HIDDEN216_DATA_WIDTH8', cell 'B_363' does not drive any nets. (LINT-1)
Warning: In design 'mlp_N_FEATURES32_HIDDEN116_HIDDEN216_DATA_WIDTH8', cell 'B_394' does not drive any nets. (LINT-1)
Warning: In design 'mlp_N_FEATURES32_HIDDEN116_HIDDEN216_DATA_WIDTH8', cell 'B_395' does not drive any nets. (LINT-1)
Warning: In design 'mlp_N_FEATURES32_HIDDEN116_HIDDEN216_DATA_WIDTH8', cell 'B_426' does not drive any nets. (LINT-1)
Warning: In design 'mlp_N_FEATURES32_HIDDEN116_HIDDEN216_DATA_WIDTH8', cell 'B_427' does not drive any nets. (LINT-1)
Warning: In design 'mlp_N_FEATURES32_HIDDEN116_HIDDEN216_DATA_WIDTH8', cell 'B_458' does not drive any nets. (LINT-1)
Warning: In design 'mlp_N_FEATURES32_HIDDEN116_HIDDEN216_DATA_WIDTH8', cell 'B_459' does not drive any nets. (LINT-1)
Warning: In design 'mlp_N_FEATURES32_HIDDEN116_HIDDEN216_DATA_WIDTH8', cell 'B_490' does not drive any nets. (LINT-1)
Warning: In design 'mlp_N_FEATURES32_HIDDEN116_HIDDEN216_DATA_WIDTH8', cell 'B_491' does not drive any nets. (LINT-1)
Warning: In design 'mlp_N_FEATURES32_HIDDEN116_HIDDEN216_DATA_WIDTH8', cell 'B_522' does not drive any nets. (LINT-1)
Warning: In design 'mlp_N_FEATURES32_HIDDEN116_HIDDEN216_DATA_WIDTH8', cell 'B_523' does not drive any nets. (LINT-1)
Warning: In design 'mlp_N_FEATURES32_HIDDEN116_HIDDEN216_DATA_WIDTH8', cell 'B_554' does not drive any nets. (LINT-1)
Warning: In design 'mlp_N_FEATURES32_HIDDEN116_HIDDEN216_DATA_WIDTH8', cell 'C41197' does not drive any nets. (LINT-1)
Warning: In design 'mlp_N_FEATURES32_HIDDEN116_HIDDEN216_DATA_WIDTH8', cell 'C41198' does not drive any nets. (LINT-1)
Warning: In design 'mlp_N_FEATURES32_HIDDEN116_HIDDEN216_DATA_WIDTH8', cell 'C41199' does not drive any nets. (LINT-1)
Warning: In design 'mlp_N_FEATURES32_HIDDEN116_HIDDEN216_DATA_WIDTH8', cell 'C41200' does not drive any nets. (LINT-1)
Warning: In design 'mlp_N_FEATURES32_HIDDEN116_HIDDEN216_DATA_WIDTH8', cell 'C41201' does not drive any nets. (LINT-1)
Warning: In design 'mlp_N_FEATURES32_HIDDEN116_HIDDEN216_DATA_WIDTH8', cell 'C41202' does not drive any nets. (LINT-1)
Warning: In design 'mlp_N_FEATURES32_HIDDEN116_HIDDEN216_DATA_WIDTH8', cell 'C41203' does not drive any nets. (LINT-1)
Warning: In design 'mlp_N_FEATURES32_HIDDEN116_HIDDEN216_DATA_WIDTH8', cell 'C41204' does not drive any nets. (LINT-1)
Warning: In design 'mlp_N_FEATURES32_HIDDEN116_HIDDEN216_DATA_WIDTH8', cell 'C41205' does not drive any nets. (LINT-1)
Warning: In design 'mlp_N_FEATURES32_HIDDEN116_HIDDEN216_DATA_WIDTH8', cell 'C41206' does not drive any nets. (LINT-1)
Warning: In design 'mlp_N_FEATURES32_HIDDEN116_HIDDEN216_DATA_WIDTH8', cell 'C41207' does not drive any nets. (LINT-1)
Warning: In design 'mlp_N_FEATURES32_HIDDEN116_HIDDEN216_DATA_WIDTH8', cell 'C41208' does not drive any nets. (LINT-1)
Warning: In design 'mlp_N_FEATURES32_HIDDEN116_HIDDEN216_DATA_WIDTH8', cell 'C41209' does not drive any nets. (LINT-1)
Warning: In design 'mlp_N_FEATURES32_HIDDEN116_HIDDEN216_DATA_WIDTH8', cell 'C41210' does not drive any nets. (LINT-1)
Warning: In design 'mlp_N_FEATURES32_HIDDEN116_HIDDEN216_DATA_WIDTH8', cell 'C41211' does not drive any nets. (LINT-1)
Warning: In design 'mlp_N_FEATURES32_HIDDEN116_HIDDEN216_DATA_WIDTH8', cell 'C41212' does not drive any nets. (LINT-1)
Warning: In design 'mlp_N_FEATURES32_HIDDEN116_HIDDEN216_DATA_WIDTH8', cell 'C41213' does not drive any nets. (LINT-1)
Warning: In design 'mlp_N_FEATURES32_HIDDEN116_HIDDEN216_DATA_WIDTH8', cell 'C41214' does not drive any nets. (LINT-1)
Warning: In design 'mlp_N_FEATURES32_HIDDEN116_HIDDEN216_DATA_WIDTH8', cell 'C41215' does not drive any nets. (LINT-1)
Warning: In design 'mlp_N_FEATURES32_HIDDEN116_HIDDEN216_DATA_WIDTH8', cell 'C41216' does not drive any nets. (LINT-1)
Warning: In design 'mlp_N_FEATURES32_HIDDEN116_HIDDEN216_DATA_WIDTH8', cell 'C41217' does not drive any nets. (LINT-1)
Warning: In design 'mlp_N_FEATURES32_HIDDEN116_HIDDEN216_DATA_WIDTH8', cell 'C41218' does not drive any nets. (LINT-1)
Warning: In design 'mlp_N_FEATURES32_HIDDEN116_HIDDEN216_DATA_WIDTH8', cell 'C41219' does not drive any nets. (LINT-1)
Warning: In design 'mlp_N_FEATURES32_HIDDEN116_HIDDEN216_DATA_WIDTH8', cell 'C41220' does not drive any nets. (LINT-1)
Warning: In design 'mlp_N_FEATURES32_HIDDEN116_HIDDEN216_DATA_WIDTH8', cell 'C41221' does not drive any nets. (LINT-1)
Warning: In design 'mlp_N_FEATURES32_HIDDEN116_HIDDEN216_DATA_WIDTH8', cell 'C41222' does not drive any nets. (LINT-1)
Warning: In design 'mlp_N_FEATURES32_HIDDEN116_HIDDEN216_DATA_WIDTH8', cell 'C41223' does not drive any nets. (LINT-1)
Warning: In design 'mlp_N_FEATURES32_HIDDEN116_HIDDEN216_DATA_WIDTH8', cell 'C41224' does not drive any nets. (LINT-1)
Warning: In design 'mlp_N_FEATURES32_HIDDEN116_HIDDEN216_DATA_WIDTH8', cell 'C41225' does not drive any nets. (LINT-1)
Warning: In design 'mlp_N_FEATURES32_HIDDEN116_HIDDEN216_DATA_WIDTH8', cell 'C41226' does not drive any nets. (LINT-1)
Warning: In design 'mlp_N_FEATURES32_HIDDEN116_HIDDEN216_DATA_WIDTH8', cell 'C41227' does not drive any nets. (LINT-1)
Warning: In design 'mlp_N_FEATURES32_HIDDEN116_HIDDEN216_DATA_WIDTH8', cell 'C41228' does not drive any nets. (LINT-1)
Warning: In design 'mlp_N_FEATURES32_HIDDEN116_HIDDEN216_DATA_WIDTH8', cell 'C41229' does not drive any nets. (LINT-1)
Warning: In design 'mlp_N_FEATURES32_HIDDEN116_HIDDEN216_DATA_WIDTH8', cell 'C41230' does not drive any nets. (LINT-1)
Warning: In design 'mlp_N_FEATURES32_HIDDEN116_HIDDEN216_DATA_WIDTH8', cell 'C41231' does not drive any nets. (LINT-1)
Warning: In design 'mlp_N_FEATURES32_HIDDEN116_HIDDEN216_DATA_WIDTH8', cell 'C41232' does not drive any nets. (LINT-1)
Warning: In design 'mlp_N_FEATURES32_HIDDEN116_HIDDEN216_DATA_WIDTH8', cell 'C41233' does not drive any nets. (LINT-1)
Warning: In design 'mlp_N_FEATURES32_HIDDEN116_HIDDEN216_DATA_WIDTH8', cell 'C41234' does not drive any nets. (LINT-1)
Warning: In design 'mlp_N_FEATURES32_HIDDEN116_HIDDEN216_DATA_WIDTH8', cell 'C41235' does not drive any nets. (LINT-1)
Warning: In design 'mlp_N_FEATURES32_HIDDEN116_HIDDEN216_DATA_WIDTH8', cell 'C41236' does not drive any nets. (LINT-1)
Warning: In design 'mlp_N_FEATURES32_HIDDEN116_HIDDEN216_DATA_WIDTH8', cell 'C41237' does not drive any nets. (LINT-1)
Warning: In design 'mlp_N_FEATURES32_HIDDEN116_HIDDEN216_DATA_WIDTH8', cell 'C41238' does not drive any nets. (LINT-1)
Warning: In design 'mlp_N_FEATURES32_HIDDEN116_HIDDEN216_DATA_WIDTH8', cell 'C41239' does not drive any nets. (LINT-1)
Warning: In design 'mlp_N_FEATURES32_HIDDEN116_HIDDEN216_DATA_WIDTH8', cell 'C41240' does not drive any nets. (LINT-1)
Warning: In design 'mlp_N_FEATURES32_HIDDEN116_HIDDEN216_DATA_WIDTH8', cell 'C41241' does not drive any nets. (LINT-1)
Warning: In design 'mlp_N_FEATURES32_HIDDEN116_HIDDEN216_DATA_WIDTH8', cell 'C41242' does not drive any nets. (LINT-1)
Warning: In design 'mlp_N_FEATURES32_HIDDEN116_HIDDEN216_DATA_WIDTH8', cell 'C41243' does not drive any nets. (LINT-1)
Warning: In design 'mlp_N_FEATURES32_HIDDEN116_HIDDEN216_DATA_WIDTH8', cell 'C41244' does not drive any nets. (LINT-1)
Warning: In design 'mlp_N_FEATURES32_HIDDEN116_HIDDEN216_DATA_WIDTH8', cell 'C41245' does not drive any nets. (LINT-1)
Warning: In design 'mlp_N_FEATURES32_HIDDEN116_HIDDEN216_DATA_WIDTH8', cell 'C41246' does not drive any nets. (LINT-1)
Warning: In design 'mlp_N_FEATURES32_HIDDEN116_HIDDEN216_DATA_WIDTH8', cell 'C41247' does not drive any nets. (LINT-1)
Warning: In design 'mlp_N_FEATURES32_HIDDEN116_HIDDEN216_DATA_WIDTH8', cell 'C41248' does not drive any nets. (LINT-1)
Warning: In design 'mlp_N_FEATURES32_HIDDEN116_HIDDEN216_DATA_WIDTH8', cell 'C41249' does not drive any nets. (LINT-1)
Warning: In design 'mlp_N_FEATURES32_HIDDEN116_HIDDEN216_DATA_WIDTH8', cell 'C41250' does not drive any nets. (LINT-1)
Warning: In design 'mlp_N_FEATURES32_HIDDEN116_HIDDEN216_DATA_WIDTH8', cell 'C41251' does not drive any nets. (LINT-1)
Warning: In design 'mlp_N_FEATURES32_HIDDEN116_HIDDEN216_DATA_WIDTH8', cell 'C41252' does not drive any nets. (LINT-1)
Warning: In design 'mlp_N_FEATURES32_HIDDEN116_HIDDEN216_DATA_WIDTH8', cell 'C41253' does not drive any nets. (LINT-1)
Warning: In design 'mlp_N_FEATURES32_HIDDEN116_HIDDEN216_DATA_WIDTH8', cell 'C41254' does not drive any nets. (LINT-1)
Warning: In design 'mlp_N_FEATURES32_HIDDEN116_HIDDEN216_DATA_WIDTH8', cell 'C41255' does not drive any nets. (LINT-1)
Warning: In design 'mlp_N_FEATURES32_HIDDEN116_HIDDEN216_DATA_WIDTH8', cell 'C41256' does not drive any nets. (LINT-1)
Warning: In design 'mlp_N_FEATURES32_HIDDEN116_HIDDEN216_DATA_WIDTH8', cell 'C41257' does not drive any nets. (LINT-1)
Warning: In design 'mlp_N_FEATURES32_HIDDEN116_HIDDEN216_DATA_WIDTH8', cell 'C41258' does not drive any nets. (LINT-1)
Warning: In design 'mlp_N_FEATURES32_HIDDEN116_HIDDEN216_DATA_WIDTH8', cell 'C41259' does not drive any nets. (LINT-1)
Warning: In design 'mlp_N_FEATURES32_HIDDEN116_HIDDEN216_DATA_WIDTH8', cell 'C41260' does not drive any nets. (LINT-1)
Warning: In design 'mlp_N_FEATURES32_HIDDEN116_HIDDEN216_DATA_WIDTH8', cell 'C41261' does not drive any nets. (LINT-1)
Warning: In design 'mlp_N_FEATURES32_HIDDEN116_HIDDEN216_DATA_WIDTH8', cell 'C41262' does not drive any nets. (LINT-1)
Warning: In design 'mlp_N_FEATURES32_HIDDEN116_HIDDEN216_DATA_WIDTH8', cell 'C41263' does not drive any nets. (LINT-1)
Warning: In design 'mlp_N_FEATURES32_HIDDEN116_HIDDEN216_DATA_WIDTH8', cell 'C41264' does not drive any nets. (LINT-1)
Warning: In design 'mlp_N_FEATURES32_HIDDEN116_HIDDEN216_DATA_WIDTH8', cell 'C41265' does not drive any nets. (LINT-1)
Warning: In design 'mlp_N_FEATURES32_HIDDEN116_HIDDEN216_DATA_WIDTH8', cell 'C41266' does not drive any nets. (LINT-1)
Warning: In design 'mlp_N_FEATURES32_HIDDEN116_HIDDEN216_DATA_WIDTH8', cell 'C41267' does not drive any nets. (LINT-1)
Warning: In design 'mlp_N_FEATURES32_HIDDEN116_HIDDEN216_DATA_WIDTH8', cell 'C41268' does not drive any nets. (LINT-1)
Warning: In design 'mlp_N_FEATURES32_HIDDEN116_HIDDEN216_DATA_WIDTH8', cell 'C41269' does not drive any nets. (LINT-1)
Warning: In design 'mlp_N_FEATURES32_HIDDEN116_HIDDEN216_DATA_WIDTH8', cell 'C41270' does not drive any nets. (LINT-1)
Warning: In design 'mlp_N_FEATURES32_HIDDEN116_HIDDEN216_DATA_WIDTH8', cell 'C41271' does not drive any nets. (LINT-1)
Warning: In design 'mlp_N_FEATURES32_HIDDEN116_HIDDEN216_DATA_WIDTH8', cell 'C41272' does not drive any nets. (LINT-1)
Warning: In design 'mlp_N_FEATURES32_HIDDEN116_HIDDEN216_DATA_WIDTH8', cell 'C41273' does not drive any nets. (LINT-1)
Warning: In design 'mlp_N_FEATURES32_HIDDEN116_HIDDEN216_DATA_WIDTH8', cell 'C41274' does not drive any nets. (LINT-1)
Warning: In design 'mlp_N_FEATURES32_HIDDEN116_HIDDEN216_DATA_WIDTH8', cell 'C41275' does not drive any nets. (LINT-1)
Warning: In design 'mlp_N_FEATURES32_HIDDEN116_HIDDEN216_DATA_WIDTH8', cell 'C41276' does not drive any nets. (LINT-1)
Warning: In design 'mlp_N_FEATURES32_HIDDEN116_HIDDEN216_DATA_WIDTH8', cell 'C41277' does not drive any nets. (LINT-1)
Warning: In design 'mlp_N_FEATURES32_HIDDEN116_HIDDEN216_DATA_WIDTH8', cell 'C41278' does not drive any nets. (LINT-1)
Warning: In design 'mlp_N_FEATURES32_HIDDEN116_HIDDEN216_DATA_WIDTH8', cell 'C41279' does not drive any nets. (LINT-1)
Warning: In design 'mlp_N_FEATURES32_HIDDEN116_HIDDEN216_DATA_WIDTH8', cell 'C41280' does not drive any nets. (LINT-1)
Warning: In design 'mlp_N_FEATURES32_HIDDEN116_HIDDEN216_DATA_WIDTH8', cell 'C41281' does not drive any nets. (LINT-1)
Warning: In design 'mlp_N_FEATURES32_HIDDEN116_HIDDEN216_DATA_WIDTH8', cell 'C41282' does not drive any nets. (LINT-1)
Warning: In design 'mlp_N_FEATURES32_HIDDEN116_HIDDEN216_DATA_WIDTH8', cell 'C41283' does not drive any nets. (LINT-1)
Warning: In design 'mlp_N_FEATURES32_HIDDEN116_HIDDEN216_DATA_WIDTH8', cell 'C41284' does not drive any nets. (LINT-1)
Warning: In design 'mlp_N_FEATURES32_HIDDEN116_HIDDEN216_DATA_WIDTH8', cell 'C41285' does not drive any nets. (LINT-1)
Warning: In design 'mlp_N_FEATURES32_HIDDEN116_HIDDEN216_DATA_WIDTH8', cell 'C41286' does not drive any nets. (LINT-1)
Warning: In design 'mlp_N_FEATURES32_HIDDEN116_HIDDEN216_DATA_WIDTH8', cell 'C41287' does not drive any nets. (LINT-1)
Warning: In design 'mlp_N_FEATURES32_HIDDEN116_HIDDEN216_DATA_WIDTH8', cell 'C41288' does not drive any nets. (LINT-1)
Warning: In design 'mlp_N_FEATURES32_HIDDEN116_HIDDEN216_DATA_WIDTH8', cell 'C41289' does not drive any nets. (LINT-1)
Warning: In design 'mlp_N_FEATURES32_HIDDEN116_HIDDEN216_DATA_WIDTH8', cell 'C41290' does not drive any nets. (LINT-1)
Warning: In design 'mlp_N_FEATURES32_HIDDEN116_HIDDEN216_DATA_WIDTH8', cell 'C41291' does not drive any nets. (LINT-1)
Warning: In design 'mlp_N_FEATURES32_HIDDEN116_HIDDEN216_DATA_WIDTH8', cell 'C41292' does not drive any nets. (LINT-1)
Warning: In design 'mlp_N_FEATURES32_HIDDEN116_HIDDEN216_DATA_WIDTH8', cell 'C41293' does not drive any nets. (LINT-1)
Warning: In design 'mlp_N_FEATURES32_HIDDEN116_HIDDEN216_DATA_WIDTH8', cell 'C41294' does not drive any nets. (LINT-1)
Warning: In design 'mlp_N_FEATURES32_HIDDEN116_HIDDEN216_DATA_WIDTH8', cell 'C41295' does not drive any nets. (LINT-1)
Warning: In design 'mlp_N_FEATURES32_HIDDEN116_HIDDEN216_DATA_WIDTH8', cell 'C41296' does not drive any nets. (LINT-1)
Warning: In design 'mlp_N_FEATURES32_HIDDEN116_HIDDEN216_DATA_WIDTH8', cell 'C41297' does not drive any nets. (LINT-1)
Warning: In design 'mlp_N_FEATURES32_HIDDEN116_HIDDEN216_DATA_WIDTH8', cell 'C41298' does not drive any nets. (LINT-1)
Warning: In design 'mlp_N_FEATURES32_HIDDEN116_HIDDEN216_DATA_WIDTH8', cell 'C41299' does not drive any nets. (LINT-1)
Warning: In design 'mlp_N_FEATURES32_HIDDEN116_HIDDEN216_DATA_WIDTH8', cell 'C41300' does not drive any nets. (LINT-1)
Warning: In design 'mlp_N_FEATURES32_HIDDEN116_HIDDEN216_DATA_WIDTH8', cell 'C41301' does not drive any nets. (LINT-1)
Warning: In design 'mlp_N_FEATURES32_HIDDEN116_HIDDEN216_DATA_WIDTH8', cell 'C41302' does not drive any nets. (LINT-1)
Warning: In design 'mlp_N_FEATURES32_HIDDEN116_HIDDEN216_DATA_WIDTH8', cell 'C41303' does not drive any nets. (LINT-1)
Warning: In design 'mlp_N_FEATURES32_HIDDEN116_HIDDEN216_DATA_WIDTH8', cell 'C41304' does not drive any nets. (LINT-1)
Warning: In design 'mlp_N_FEATURES32_HIDDEN116_HIDDEN216_DATA_WIDTH8', cell 'C41305' does not drive any nets. (LINT-1)
Warning: In design 'mlp_N_FEATURES32_HIDDEN116_HIDDEN216_DATA_WIDTH8', cell 'C41306' does not drive any nets. (LINT-1)
Warning: In design 'mlp_N_FEATURES32_HIDDEN116_HIDDEN216_DATA_WIDTH8', cell 'C41307' does not drive any nets. (LINT-1)
Warning: In design 'mlp_N_FEATURES32_HIDDEN116_HIDDEN216_DATA_WIDTH8', cell 'C41308' does not drive any nets. (LINT-1)
Warning: In design 'mlp_N_FEATURES32_HIDDEN116_HIDDEN216_DATA_WIDTH8', cell 'C41309' does not drive any nets. (LINT-1)
Warning: In design 'mlp_N_FEATURES32_HIDDEN116_HIDDEN216_DATA_WIDTH8', cell 'C41310' does not drive any nets. (LINT-1)
Warning: In design 'mlp_N_FEATURES32_HIDDEN116_HIDDEN216_DATA_WIDTH8', cell 'C41311' does not drive any nets. (LINT-1)
Warning: In design 'mlp_N_FEATURES32_HIDDEN116_HIDDEN216_DATA_WIDTH8', cell 'C41312' does not drive any nets. (LINT-1)
Warning: In design 'mlp_N_FEATURES32_HIDDEN116_HIDDEN216_DATA_WIDTH8', cell 'C41313' does not drive any nets. (LINT-1)
Warning: In design 'mlp_N_FEATURES32_HIDDEN116_HIDDEN216_DATA_WIDTH8', cell 'C41314' does not drive any nets. (LINT-1)
Warning: In design 'mlp_N_FEATURES32_HIDDEN116_HIDDEN216_DATA_WIDTH8', cell 'C41315' does not drive any nets. (LINT-1)
Warning: In design 'mlp_N_FEATURES32_HIDDEN116_HIDDEN216_DATA_WIDTH8', cell 'C41316' does not drive any nets. (LINT-1)
Warning: In design 'mlp_N_FEATURES32_HIDDEN116_HIDDEN216_DATA_WIDTH8', cell 'C41317' does not drive any nets. (LINT-1)
Warning: In design 'mlp_N_FEATURES32_HIDDEN116_HIDDEN216_DATA_WIDTH8', cell 'C41318' does not drive any nets. (LINT-1)
Warning: In design 'mlp_N_FEATURES32_HIDDEN116_HIDDEN216_DATA_WIDTH8', cell 'C41319' does not drive any nets. (LINT-1)
Warning: In design 'mlp_N_FEATURES32_HIDDEN116_HIDDEN216_DATA_WIDTH8', cell 'C41320' does not drive any nets. (LINT-1)
Warning: In design 'mlp_N_FEATURES32_HIDDEN116_HIDDEN216_DATA_WIDTH8', cell 'C41321' does not drive any nets. (LINT-1)
Warning: In design 'mlp_N_FEATURES32_HIDDEN116_HIDDEN216_DATA_WIDTH8', cell 'C41322' does not drive any nets. (LINT-1)
Warning: In design 'mlp_N_FEATURES32_HIDDEN116_HIDDEN216_DATA_WIDTH8', cell 'C41323' does not drive any nets. (LINT-1)
Warning: In design 'mlp_N_FEATURES32_HIDDEN116_HIDDEN216_DATA_WIDTH8', cell 'C41324' does not drive any nets. (LINT-1)
Warning: In design 'mlp_N_FEATURES32_HIDDEN116_HIDDEN216_DATA_WIDTH8', cell 'C41325' does not drive any nets. (LINT-1)
Warning: In design 'mlp_N_FEATURES32_HIDDEN116_HIDDEN216_DATA_WIDTH8', cell 'C41326' does not drive any nets. (LINT-1)
Warning: In design 'mlp_N_FEATURES32_HIDDEN116_HIDDEN216_DATA_WIDTH8', cell 'C41327' does not drive any nets. (LINT-1)
Warning: In design 'mlp_N_FEATURES32_HIDDEN116_HIDDEN216_DATA_WIDTH8', cell 'C41328' does not drive any nets. (LINT-1)
Warning: In design 'mlp_N_FEATURES32_HIDDEN116_HIDDEN216_DATA_WIDTH8', cell 'C41329' does not drive any nets. (LINT-1)
Warning: In design 'mlp_N_FEATURES32_HIDDEN116_HIDDEN216_DATA_WIDTH8', cell 'C41330' does not drive any nets. (LINT-1)
Warning: In design 'mlp_N_FEATURES32_HIDDEN116_HIDDEN216_DATA_WIDTH8', cell 'C41331' does not drive any nets. (LINT-1)
Warning: In design 'mlp_N_FEATURES32_HIDDEN116_HIDDEN216_DATA_WIDTH8', cell 'C41332' does not drive any nets. (LINT-1)
Warning: In design 'mlp_N_FEATURES32_HIDDEN116_HIDDEN216_DATA_WIDTH8', cell 'C41333' does not drive any nets. (LINT-1)
Warning: In design 'mlp_N_FEATURES32_HIDDEN116_HIDDEN216_DATA_WIDTH8', cell 'C41334' does not drive any nets. (LINT-1)
Warning: In design 'mlp_N_FEATURES32_HIDDEN116_HIDDEN216_DATA_WIDTH8', cell 'C41335' does not drive any nets. (LINT-1)
Warning: In design 'mlp_N_FEATURES32_HIDDEN116_HIDDEN216_DATA_WIDTH8', cell 'C41336' does not drive any nets. (LINT-1)
Warning: In design 'mlp_N_FEATURES32_HIDDEN116_HIDDEN216_DATA_WIDTH8', cell 'C41337' does not drive any nets. (LINT-1)
Warning: In design 'mlp_N_FEATURES32_HIDDEN116_HIDDEN216_DATA_WIDTH8', cell 'C41338' does not drive any nets. (LINT-1)
Warning: In design 'mlp_N_FEATURES32_HIDDEN116_HIDDEN216_DATA_WIDTH8', cell 'C41339' does not drive any nets. (LINT-1)
Warning: In design 'mlp_N_FEATURES32_HIDDEN116_HIDDEN216_DATA_WIDTH8', cell 'C41340' does not drive any nets. (LINT-1)
Warning: In design 'mlp_N_FEATURES32_HIDDEN116_HIDDEN216_DATA_WIDTH8', cell 'C41341' does not drive any nets. (LINT-1)
Warning: In design 'mlp_N_FEATURES32_HIDDEN116_HIDDEN216_DATA_WIDTH8', cell 'C41342' does not drive any nets. (LINT-1)
Warning: In design 'mlp_N_FEATURES32_HIDDEN116_HIDDEN216_DATA_WIDTH8', cell 'C41343' does not drive any nets. (LINT-1)
Warning: In design 'mlp_N_FEATURES32_HIDDEN116_HIDDEN216_DATA_WIDTH8', cell 'C41344' does not drive any nets. (LINT-1)
Warning: In design 'mlp_N_FEATURES32_HIDDEN116_HIDDEN216_DATA_WIDTH8', cell 'C41345' does not drive any nets. (LINT-1)
Warning: In design 'mlp_N_FEATURES32_HIDDEN116_HIDDEN216_DATA_WIDTH8', cell 'C41346' does not drive any nets. (LINT-1)
Warning: In design 'mlp_N_FEATURES32_HIDDEN116_HIDDEN216_DATA_WIDTH8', cell 'C41347' does not drive any nets. (LINT-1)
Warning: In design 'mlp_N_FEATURES32_HIDDEN116_HIDDEN216_DATA_WIDTH8', cell 'C41348' does not drive any nets. (LINT-1)
Warning: In design 'mlp_N_FEATURES32_HIDDEN116_HIDDEN216_DATA_WIDTH8', cell 'C41349' does not drive any nets. (LINT-1)
Warning: In design 'mlp_N_FEATURES32_HIDDEN116_HIDDEN216_DATA_WIDTH8', cell 'C41350' does not drive any nets. (LINT-1)
Warning: In design 'mlp_N_FEATURES32_HIDDEN116_HIDDEN216_DATA_WIDTH8', cell 'C41351' does not drive any nets. (LINT-1)
Warning: In design 'mlp_N_FEATURES32_HIDDEN116_HIDDEN216_DATA_WIDTH8', cell 'C41352' does not drive any nets. (LINT-1)
Warning: In design 'mlp_N_FEATURES32_HIDDEN116_HIDDEN216_DATA_WIDTH8', cell 'C41353' does not drive any nets. (LINT-1)
Warning: In design 'mlp_N_FEATURES32_HIDDEN116_HIDDEN216_DATA_WIDTH8', cell 'C41354' does not drive any nets. (LINT-1)
Warning: In design 'mlp_N_FEATURES32_HIDDEN116_HIDDEN216_DATA_WIDTH8', cell 'C41355' does not drive any nets. (LINT-1)
Warning: In design 'mlp_N_FEATURES32_HIDDEN116_HIDDEN216_DATA_WIDTH8', cell 'C41356' does not drive any nets. (LINT-1)
Warning: In design 'mlp_N_FEATURES32_HIDDEN116_HIDDEN216_DATA_WIDTH8', cell 'C41357' does not drive any nets. (LINT-1)
Warning: In design 'mlp_N_FEATURES32_HIDDEN116_HIDDEN216_DATA_WIDTH8', cell 'C41358' does not drive any nets. (LINT-1)
Warning: In design 'mlp_N_FEATURES32_HIDDEN116_HIDDEN216_DATA_WIDTH8', cell 'C41359' does not drive any nets. (LINT-1)
Warning: In design 'mlp_N_FEATURES32_HIDDEN116_HIDDEN216_DATA_WIDTH8', cell 'C41360' does not drive any nets. (LINT-1)
Warning: In design 'mlp_N_FEATURES32_HIDDEN116_HIDDEN216_DATA_WIDTH8', cell 'C41361' does not drive any nets. (LINT-1)
Warning: In design 'mlp_N_FEATURES32_HIDDEN116_HIDDEN216_DATA_WIDTH8', cell 'C41362' does not drive any nets. (LINT-1)
Warning: In design 'mlp_N_FEATURES32_HIDDEN116_HIDDEN216_DATA_WIDTH8', cell 'C41363' does not drive any nets. (LINT-1)
Warning: In design 'mlp_N_FEATURES32_HIDDEN116_HIDDEN216_DATA_WIDTH8', cell 'C41364' does not drive any nets. (LINT-1)
Warning: In design 'mlp_N_FEATURES32_HIDDEN116_HIDDEN216_DATA_WIDTH8', cell 'C41365' does not drive any nets. (LINT-1)
Warning: In design 'mlp_N_FEATURES32_HIDDEN116_HIDDEN216_DATA_WIDTH8', cell 'C41366' does not drive any nets. (LINT-1)
Warning: In design 'mlp_N_FEATURES32_HIDDEN116_HIDDEN216_DATA_WIDTH8', cell 'C41367' does not drive any nets. (LINT-1)
Warning: In design 'mlp_N_FEATURES32_HIDDEN116_HIDDEN216_DATA_WIDTH8', cell 'C41368' does not drive any nets. (LINT-1)
Warning: In design 'mlp_N_FEATURES32_HIDDEN116_HIDDEN216_DATA_WIDTH8', cell 'C41369' does not drive any nets. (LINT-1)
Warning: In design 'mlp_N_FEATURES32_HIDDEN116_HIDDEN216_DATA_WIDTH8', cell 'C41370' does not drive any nets. (LINT-1)
Warning: In design 'mlp_N_FEATURES32_HIDDEN116_HIDDEN216_DATA_WIDTH8', cell 'C41371' does not drive any nets. (LINT-1)
Warning: In design 'mlp_N_FEATURES32_HIDDEN116_HIDDEN216_DATA_WIDTH8', cell 'C41372' does not drive any nets. (LINT-1)
Warning: In design 'mlp_N_FEATURES32_HIDDEN116_HIDDEN216_DATA_WIDTH8', cell 'C41373' does not drive any nets. (LINT-1)
Warning: In design 'mlp_N_FEATURES32_HIDDEN116_HIDDEN216_DATA_WIDTH8', cell 'C41374' does not drive any nets. (LINT-1)
Warning: In design 'mlp_N_FEATURES32_HIDDEN116_HIDDEN216_DATA_WIDTH8', cell 'C41375' does not drive any nets. (LINT-1)
Warning: In design 'mlp_N_FEATURES32_HIDDEN116_HIDDEN216_DATA_WIDTH8', cell 'C41376' does not drive any nets. (LINT-1)
Warning: In design 'mlp_N_FEATURES32_HIDDEN116_HIDDEN216_DATA_WIDTH8', cell 'C41377' does not drive any nets. (LINT-1)
Warning: In design 'mlp_N_FEATURES32_HIDDEN116_HIDDEN216_DATA_WIDTH8', cell 'C41378' does not drive any nets. (LINT-1)
Warning: In design 'mlp_N_FEATURES32_HIDDEN116_HIDDEN216_DATA_WIDTH8', cell 'C41379' does not drive any nets. (LINT-1)
Warning: In design 'mlp_N_FEATURES32_HIDDEN116_HIDDEN216_DATA_WIDTH8', cell 'C41380' does not drive any nets. (LINT-1)
Warning: In design 'mlp_N_FEATURES32_HIDDEN116_HIDDEN216_DATA_WIDTH8', cell 'C41381' does not drive any nets. (LINT-1)
Warning: In design 'mlp_N_FEATURES32_HIDDEN116_HIDDEN216_DATA_WIDTH8', cell 'C41382' does not drive any nets. (LINT-1)
Warning: In design 'mlp_N_FEATURES32_HIDDEN116_HIDDEN216_DATA_WIDTH8', cell 'C41383' does not drive any nets. (LINT-1)
Warning: In design 'mlp_N_FEATURES32_HIDDEN116_HIDDEN216_DATA_WIDTH8', cell 'C41384' does not drive any nets. (LINT-1)
Warning: In design 'mlp_N_FEATURES32_HIDDEN116_HIDDEN216_DATA_WIDTH8', cell 'C41385' does not drive any nets. (LINT-1)
Warning: In design 'mlp_N_FEATURES32_HIDDEN116_HIDDEN216_DATA_WIDTH8', cell 'C41386' does not drive any nets. (LINT-1)
Warning: In design 'mlp_N_FEATURES32_HIDDEN116_HIDDEN216_DATA_WIDTH8', cell 'C41387' does not drive any nets. (LINT-1)
Warning: In design 'mlp_N_FEATURES32_HIDDEN116_HIDDEN216_DATA_WIDTH8', cell 'C41388' does not drive any nets. (LINT-1)
Warning: In design 'mlp_N_FEATURES32_HIDDEN116_HIDDEN216_DATA_WIDTH8', cell 'C41389' does not drive any nets. (LINT-1)
Warning: In design 'mlp_N_FEATURES32_HIDDEN116_HIDDEN216_DATA_WIDTH8', cell 'C41390' does not drive any nets. (LINT-1)
Warning: In design 'mlp_N_FEATURES32_HIDDEN116_HIDDEN216_DATA_WIDTH8', cell 'C41391' does not drive any nets. (LINT-1)
Warning: In design 'mlp_N_FEATURES32_HIDDEN116_HIDDEN216_DATA_WIDTH8', cell 'C41392' does not drive any nets. (LINT-1)
Warning: In design 'mlp_N_FEATURES32_HIDDEN116_HIDDEN216_DATA_WIDTH8', cell 'C41393' does not drive any nets. (LINT-1)
Warning: In design 'mlp_N_FEATURES32_HIDDEN116_HIDDEN216_DATA_WIDTH8', cell 'C41394' does not drive any nets. (LINT-1)
Warning: In design 'mlp_N_FEATURES32_HIDDEN116_HIDDEN216_DATA_WIDTH8', cell 'C41395' does not drive any nets. (LINT-1)
Warning: In design 'mlp_N_FEATURES32_HIDDEN116_HIDDEN216_DATA_WIDTH8', cell 'C41396' does not drive any nets. (LINT-1)
Warning: In design 'mlp_N_FEATURES32_HIDDEN116_HIDDEN216_DATA_WIDTH8', cell 'C41397' does not drive any nets. (LINT-1)
Warning: In design 'mlp_N_FEATURES32_HIDDEN116_HIDDEN216_DATA_WIDTH8', cell 'C41398' does not drive any nets. (LINT-1)
Warning: In design 'mlp_N_FEATURES32_HIDDEN116_HIDDEN216_DATA_WIDTH8', cell 'C41399' does not drive any nets. (LINT-1)
Warning: In design 'mlp_N_FEATURES32_HIDDEN116_HIDDEN216_DATA_WIDTH8', cell 'C41400' does not drive any nets. (LINT-1)
Warning: In design 'mlp_N_FEATURES32_HIDDEN116_HIDDEN216_DATA_WIDTH8', cell 'C41401' does not drive any nets. (LINT-1)
Warning: In design 'mlp_N_FEATURES32_HIDDEN116_HIDDEN216_DATA_WIDTH8', cell 'C41402' does not drive any nets. (LINT-1)
Warning: In design 'mlp_N_FEATURES32_HIDDEN116_HIDDEN216_DATA_WIDTH8', cell 'C41403' does not drive any nets. (LINT-1)
Warning: In design 'mlp_N_FEATURES32_HIDDEN116_HIDDEN216_DATA_WIDTH8', cell 'C41404' does not drive any nets. (LINT-1)
Warning: In design 'mlp_N_FEATURES32_HIDDEN116_HIDDEN216_DATA_WIDTH8', cell 'C41405' does not drive any nets. (LINT-1)
Warning: In design 'mlp_N_FEATURES32_HIDDEN116_HIDDEN216_DATA_WIDTH8', cell 'C41406' does not drive any nets. (LINT-1)
Warning: In design 'mlp_N_FEATURES32_HIDDEN116_HIDDEN216_DATA_WIDTH8', cell 'C41407' does not drive any nets. (LINT-1)
Warning: In design 'mlp_N_FEATURES32_HIDDEN116_HIDDEN216_DATA_WIDTH8', cell 'C41408' does not drive any nets. (LINT-1)
Warning: In design 'mlp_N_FEATURES32_HIDDEN116_HIDDEN216_DATA_WIDTH8', cell 'C41409' does not drive any nets. (LINT-1)
Warning: In design 'mlp_N_FEATURES32_HIDDEN116_HIDDEN216_DATA_WIDTH8', cell 'C41410' does not drive any nets. (LINT-1)
Warning: In design 'mlp_N_FEATURES32_HIDDEN116_HIDDEN216_DATA_WIDTH8', cell 'C41411' does not drive any nets. (LINT-1)
Warning: In design 'mlp_N_FEATURES32_HIDDEN116_HIDDEN216_DATA_WIDTH8', cell 'C41412' does not drive any nets. (LINT-1)
Warning: In design 'mlp_N_FEATURES32_HIDDEN116_HIDDEN216_DATA_WIDTH8', cell 'C41413' does not drive any nets. (LINT-1)
Warning: In design 'mlp_N_FEATURES32_HIDDEN116_HIDDEN216_DATA_WIDTH8', cell 'C41414' does not drive any nets. (LINT-1)
Warning: In design 'mlp_N_FEATURES32_HIDDEN116_HIDDEN216_DATA_WIDTH8', cell 'C41415' does not drive any nets. (LINT-1)
Warning: In design 'mlp_N_FEATURES32_HIDDEN116_HIDDEN216_DATA_WIDTH8', cell 'C41416' does not drive any nets. (LINT-1)
Warning: In design 'mlp_N_FEATURES32_HIDDEN116_HIDDEN216_DATA_WIDTH8', cell 'C41417' does not drive any nets. (LINT-1)
Warning: In design 'mlp_N_FEATURES32_HIDDEN116_HIDDEN216_DATA_WIDTH8', cell 'C41418' does not drive any nets. (LINT-1)
Warning: In design 'mlp_N_FEATURES32_HIDDEN116_HIDDEN216_DATA_WIDTH8', cell 'C41419' does not drive any nets. (LINT-1)
Warning: In design 'mlp_N_FEATURES32_HIDDEN116_HIDDEN216_DATA_WIDTH8', cell 'C41420' does not drive any nets. (LINT-1)
Warning: In design 'mlp_N_FEATURES32_HIDDEN116_HIDDEN216_DATA_WIDTH8', cell 'C41421' does not drive any nets. (LINT-1)
Warning: In design 'mlp_N_FEATURES32_HIDDEN116_HIDDEN216_DATA_WIDTH8', cell 'C41422' does not drive any nets. (LINT-1)
Warning: In design 'mlp_N_FEATURES32_HIDDEN116_HIDDEN216_DATA_WIDTH8', cell 'C41423' does not drive any nets. (LINT-1)
Warning: In design 'mlp_N_FEATURES32_HIDDEN116_HIDDEN216_DATA_WIDTH8', cell 'C41424' does not drive any nets. (LINT-1)
Warning: In design 'mlp_N_FEATURES32_HIDDEN116_HIDDEN216_DATA_WIDTH8', cell 'C41425' does not drive any nets. (LINT-1)
Warning: In design 'mlp_N_FEATURES32_HIDDEN116_HIDDEN216_DATA_WIDTH8', cell 'C41426' does not drive any nets. (LINT-1)
Warning: In design 'mlp_N_FEATURES32_HIDDEN116_HIDDEN216_DATA_WIDTH8', cell 'C41427' does not drive any nets. (LINT-1)
Warning: In design 'mlp_N_FEATURES32_HIDDEN116_HIDDEN216_DATA_WIDTH8', cell 'C41428' does not drive any nets. (LINT-1)
Warning: In design 'mlp_N_FEATURES32_HIDDEN116_HIDDEN216_DATA_WIDTH8', cell 'C41429' does not drive any nets. (LINT-1)
Warning: In design 'mlp_N_FEATURES32_HIDDEN116_HIDDEN216_DATA_WIDTH8', cell 'C41430' does not drive any nets. (LINT-1)
Warning: In design 'mlp_N_FEATURES32_HIDDEN116_HIDDEN216_DATA_WIDTH8', cell 'C41431' does not drive any nets. (LINT-1)
Warning: In design 'mlp_N_FEATURES32_HIDDEN116_HIDDEN216_DATA_WIDTH8', cell 'C41432' does not drive any nets. (LINT-1)
Warning: In design 'mlp_N_FEATURES32_HIDDEN116_HIDDEN216_DATA_WIDTH8', cell 'C41433' does not drive any nets. (LINT-1)
Warning: In design 'mlp_N_FEATURES32_HIDDEN116_HIDDEN216_DATA_WIDTH8', cell 'C41434' does not drive any nets. (LINT-1)
Warning: In design 'mlp_N_FEATURES32_HIDDEN116_HIDDEN216_DATA_WIDTH8', cell 'C41435' does not drive any nets. (LINT-1)
Warning: In design 'mlp_N_FEATURES32_HIDDEN116_HIDDEN216_DATA_WIDTH8', cell 'C41436' does not drive any nets. (LINT-1)
Warning: In design 'mlp_N_FEATURES32_HIDDEN116_HIDDEN216_DATA_WIDTH8', cell 'C41437' does not drive any nets. (LINT-1)
Warning: In design 'mlp_N_FEATURES32_HIDDEN116_HIDDEN216_DATA_WIDTH8', cell 'C41438' does not drive any nets. (LINT-1)
Warning: In design 'mlp_N_FEATURES32_HIDDEN116_HIDDEN216_DATA_WIDTH8', cell 'C41439' does not drive any nets. (LINT-1)
Warning: In design 'mlp_N_FEATURES32_HIDDEN116_HIDDEN216_DATA_WIDTH8', cell 'C41440' does not drive any nets. (LINT-1)
Warning: In design 'mlp_N_FEATURES32_HIDDEN116_HIDDEN216_DATA_WIDTH8', cell 'C41441' does not drive any nets. (LINT-1)
Warning: In design 'mlp_N_FEATURES32_HIDDEN116_HIDDEN216_DATA_WIDTH8', cell 'C41442' does not drive any nets. (LINT-1)
Warning: In design 'mlp_N_FEATURES32_HIDDEN116_HIDDEN216_DATA_WIDTH8', cell 'C41443' does not drive any nets. (LINT-1)
Warning: In design 'mlp_N_FEATURES32_HIDDEN116_HIDDEN216_DATA_WIDTH8', cell 'C41444' does not drive any nets. (LINT-1)
Warning: In design 'mlp_N_FEATURES32_HIDDEN116_HIDDEN216_DATA_WIDTH8', cell 'C41445' does not drive any nets. (LINT-1)
Warning: In design 'mlp_N_FEATURES32_HIDDEN116_HIDDEN216_DATA_WIDTH8', cell 'C41446' does not drive any nets. (LINT-1)
Warning: In design 'mlp_N_FEATURES32_HIDDEN116_HIDDEN216_DATA_WIDTH8', cell 'C41447' does not drive any nets. (LINT-1)
Warning: In design 'mlp_N_FEATURES32_HIDDEN116_HIDDEN216_DATA_WIDTH8', cell 'C41448' does not drive any nets. (LINT-1)
Warning: In design 'mlp_N_FEATURES32_HIDDEN116_HIDDEN216_DATA_WIDTH8', cell 'C41449' does not drive any nets. (LINT-1)
Warning: In design 'mlp_N_FEATURES32_HIDDEN116_HIDDEN216_DATA_WIDTH8', cell 'C41450' does not drive any nets. (LINT-1)
Warning: In design 'mlp_N_FEATURES32_HIDDEN116_HIDDEN216_DATA_WIDTH8', cell 'C41451' does not drive any nets. (LINT-1)
Warning: In design 'mlp_N_FEATURES32_HIDDEN116_HIDDEN216_DATA_WIDTH8', cell 'C41452' does not drive any nets. (LINT-1)
Warning: In design 'mlp_N_FEATURES32_HIDDEN116_HIDDEN216_DATA_WIDTH8', cell 'C41453' does not drive any nets. (LINT-1)
Warning: In design 'mlp_N_FEATURES32_HIDDEN116_HIDDEN216_DATA_WIDTH8', cell 'C41454' does not drive any nets. (LINT-1)
Warning: In design 'mlp_N_FEATURES32_HIDDEN116_HIDDEN216_DATA_WIDTH8', cell 'C41455' does not drive any nets. (LINT-1)
Warning: In design 'mlp_N_FEATURES32_HIDDEN116_HIDDEN216_DATA_WIDTH8', cell 'C41456' does not drive any nets. (LINT-1)
Warning: In design 'mlp_N_FEATURES32_HIDDEN116_HIDDEN216_DATA_WIDTH8', cell 'C41457' does not drive any nets. (LINT-1)
Warning: In design 'mlp_N_FEATURES32_HIDDEN116_HIDDEN216_DATA_WIDTH8', cell 'C41458' does not drive any nets. (LINT-1)
Warning: In design 'mlp_N_FEATURES32_HIDDEN116_HIDDEN216_DATA_WIDTH8', cell 'C41459' does not drive any nets. (LINT-1)
Warning: In design 'mlp_N_FEATURES32_HIDDEN116_HIDDEN216_DATA_WIDTH8', cell 'C41460' does not drive any nets. (LINT-1)
Warning: In design 'mlp_N_FEATURES32_HIDDEN116_HIDDEN216_DATA_WIDTH8', cell 'C41461' does not drive any nets. (LINT-1)
Warning: In design 'mlp_N_FEATURES32_HIDDEN116_HIDDEN216_DATA_WIDTH8', cell 'C41462' does not drive any nets. (LINT-1)
Warning: In design 'mlp_N_FEATURES32_HIDDEN116_HIDDEN216_DATA_WIDTH8', cell 'C41463' does not drive any nets. (LINT-1)
Warning: In design 'mlp_N_FEATURES32_HIDDEN116_HIDDEN216_DATA_WIDTH8', cell 'C41464' does not drive any nets. (LINT-1)
Warning: In design 'mlp_N_FEATURES32_HIDDEN116_HIDDEN216_DATA_WIDTH8', cell 'C41465' does not drive any nets. (LINT-1)
Warning: In design 'mlp_N_FEATURES32_HIDDEN116_HIDDEN216_DATA_WIDTH8', cell 'C41466' does not drive any nets. (LINT-1)
Warning: In design 'mlp_N_FEATURES32_HIDDEN116_HIDDEN216_DATA_WIDTH8', cell 'C41467' does not drive any nets. (LINT-1)
Warning: In design 'mlp_N_FEATURES32_HIDDEN116_HIDDEN216_DATA_WIDTH8', cell 'C41468' does not drive any nets. (LINT-1)
Warning: In design 'mlp_N_FEATURES32_HIDDEN116_HIDDEN216_DATA_WIDTH8', cell 'C41469' does not drive any nets. (LINT-1)
Warning: In design 'mlp_N_FEATURES32_HIDDEN116_HIDDEN216_DATA_WIDTH8', cell 'C41470' does not drive any nets. (LINT-1)
Warning: In design 'mlp_N_FEATURES32_HIDDEN116_HIDDEN216_DATA_WIDTH8', cell 'C41471' does not drive any nets. (LINT-1)
Warning: In design 'mlp_N_FEATURES32_HIDDEN116_HIDDEN216_DATA_WIDTH8', cell 'C41472' does not drive any nets. (LINT-1)
Warning: In design 'mlp_N_FEATURES32_HIDDEN116_HIDDEN216_DATA_WIDTH8', cell 'C41473' does not drive any nets. (LINT-1)
Warning: In design 'mlp_N_FEATURES32_HIDDEN116_HIDDEN216_DATA_WIDTH8', cell 'C41474' does not drive any nets. (LINT-1)
Warning: In design 'mlp_N_FEATURES32_HIDDEN116_HIDDEN216_DATA_WIDTH8', cell 'C41475' does not drive any nets. (LINT-1)
Warning: In design 'mlp_N_FEATURES32_HIDDEN116_HIDDEN216_DATA_WIDTH8', cell 'C41476' does not drive any nets. (LINT-1)
Warning: In design 'mlp_N_FEATURES32_HIDDEN116_HIDDEN216_DATA_WIDTH8', cell 'C41477' does not drive any nets. (LINT-1)
Warning: In design 'mlp_N_FEATURES32_HIDDEN116_HIDDEN216_DATA_WIDTH8', cell 'C41478' does not drive any nets. (LINT-1)
Warning: In design 'mlp_N_FEATURES32_HIDDEN116_HIDDEN216_DATA_WIDTH8', cell 'C41479' does not drive any nets. (LINT-1)
Warning: In design 'mlp_N_FEATURES32_HIDDEN116_HIDDEN216_DATA_WIDTH8', cell 'C41480' does not drive any nets. (LINT-1)
Warning: In design 'mlp_N_FEATURES32_HIDDEN116_HIDDEN216_DATA_WIDTH8', cell 'C41481' does not drive any nets. (LINT-1)
Warning: In design 'mlp_N_FEATURES32_HIDDEN116_HIDDEN216_DATA_WIDTH8', cell 'C41482' does not drive any nets. (LINT-1)
Warning: In design 'mlp_N_FEATURES32_HIDDEN116_HIDDEN216_DATA_WIDTH8', cell 'C41483' does not drive any nets. (LINT-1)
Warning: In design 'mlp_N_FEATURES32_HIDDEN116_HIDDEN216_DATA_WIDTH8', cell 'C41484' does not drive any nets. (LINT-1)
Warning: In design 'mlp_N_FEATURES32_HIDDEN116_HIDDEN216_DATA_WIDTH8', cell 'C41485' does not drive any nets. (LINT-1)
Warning: In design 'mlp_N_FEATURES32_HIDDEN116_HIDDEN216_DATA_WIDTH8', cell 'C41486' does not drive any nets. (LINT-1)
Warning: In design 'mlp_N_FEATURES32_HIDDEN116_HIDDEN216_DATA_WIDTH8', cell 'C41487' does not drive any nets. (LINT-1)
Warning: In design 'mlp_N_FEATURES32_HIDDEN116_HIDDEN216_DATA_WIDTH8', cell 'C41488' does not drive any nets. (LINT-1)
Warning: In design 'mlp_N_FEATURES32_HIDDEN116_HIDDEN216_DATA_WIDTH8', cell 'C41489' does not drive any nets. (LINT-1)
Warning: In design 'mlp_N_FEATURES32_HIDDEN116_HIDDEN216_DATA_WIDTH8', cell 'C41490' does not drive any nets. (LINT-1)
Warning: In design 'mlp_N_FEATURES32_HIDDEN116_HIDDEN216_DATA_WIDTH8', cell 'C41491' does not drive any nets. (LINT-1)
Warning: In design 'mlp_N_FEATURES32_HIDDEN116_HIDDEN216_DATA_WIDTH8', cell 'C41492' does not drive any nets. (LINT-1)
Warning: In design 'mlp_N_FEATURES32_HIDDEN116_HIDDEN216_DATA_WIDTH8', cell 'C41493' does not drive any nets. (LINT-1)
Warning: In design 'mlp_N_FEATURES32_HIDDEN116_HIDDEN216_DATA_WIDTH8', cell 'C41494' does not drive any nets. (LINT-1)
Warning: In design 'mlp_N_FEATURES32_HIDDEN116_HIDDEN216_DATA_WIDTH8', cell 'C41495' does not drive any nets. (LINT-1)
Warning: In design 'mlp_N_FEATURES32_HIDDEN116_HIDDEN216_DATA_WIDTH8', cell 'C41496' does not drive any nets. (LINT-1)
Warning: In design 'mlp_N_FEATURES32_HIDDEN116_HIDDEN216_DATA_WIDTH8', cell 'C41497' does not drive any nets. (LINT-1)
Warning: In design 'mlp_N_FEATURES32_HIDDEN116_HIDDEN216_DATA_WIDTH8', cell 'C41498' does not drive any nets. (LINT-1)
Warning: In design 'mlp_N_FEATURES32_HIDDEN116_HIDDEN216_DATA_WIDTH8', cell 'C41499' does not drive any nets. (LINT-1)
Warning: In design 'mlp_N_FEATURES32_HIDDEN116_HIDDEN216_DATA_WIDTH8', cell 'C41500' does not drive any nets. (LINT-1)
Warning: In design 'mlp_N_FEATURES32_HIDDEN116_HIDDEN216_DATA_WIDTH8', cell 'C41501' does not drive any nets. (LINT-1)
Warning: In design 'mlp_N_FEATURES32_HIDDEN116_HIDDEN216_DATA_WIDTH8', cell 'C41502' does not drive any nets. (LINT-1)
Warning: In design 'mlp_N_FEATURES32_HIDDEN116_HIDDEN216_DATA_WIDTH8', cell 'C41503' does not drive any nets. (LINT-1)
Warning: In design 'mlp_N_FEATURES32_HIDDEN116_HIDDEN216_DATA_WIDTH8', cell 'C41504' does not drive any nets. (LINT-1)
Warning: In design 'mlp_N_FEATURES32_HIDDEN116_HIDDEN216_DATA_WIDTH8', cell 'C41505' does not drive any nets. (LINT-1)
Warning: In design 'mlp_N_FEATURES32_HIDDEN116_HIDDEN216_DATA_WIDTH8', cell 'C41506' does not drive any nets. (LINT-1)
Warning: In design 'mlp_N_FEATURES32_HIDDEN116_HIDDEN216_DATA_WIDTH8', cell 'C41507' does not drive any nets. (LINT-1)
Warning: In design 'mlp_N_FEATURES32_HIDDEN116_HIDDEN216_DATA_WIDTH8', cell 'C41508' does not drive any nets. (LINT-1)
Warning: In design 'mlp_N_FEATURES32_HIDDEN116_HIDDEN216_DATA_WIDTH8', cell 'C41509' does not drive any nets. (LINT-1)
Warning: In design 'mlp_N_FEATURES32_HIDDEN116_HIDDEN216_DATA_WIDTH8', cell 'C41510' does not drive any nets. (LINT-1)
Warning: In design 'mlp_N_FEATURES32_HIDDEN116_HIDDEN216_DATA_WIDTH8', cell 'C41511' does not drive any nets. (LINT-1)
Warning: In design 'mlp_N_FEATURES32_HIDDEN116_HIDDEN216_DATA_WIDTH8', cell 'C41512' does not drive any nets. (LINT-1)
Warning: In design 'mlp_N_FEATURES32_HIDDEN116_HIDDEN216_DATA_WIDTH8', cell 'C41513' does not drive any nets. (LINT-1)
Warning: In design 'mlp_N_FEATURES32_HIDDEN116_HIDDEN216_DATA_WIDTH8', cell 'C41514' does not drive any nets. (LINT-1)
Warning: In design 'mlp_N_FEATURES32_HIDDEN116_HIDDEN216_DATA_WIDTH8', cell 'C41515' does not drive any nets. (LINT-1)
Warning: In design 'mlp_N_FEATURES32_HIDDEN116_HIDDEN216_DATA_WIDTH8', cell 'C41516' does not drive any nets. (LINT-1)
Warning: In design 'mlp_N_FEATURES32_HIDDEN116_HIDDEN216_DATA_WIDTH8', cell 'C41517' does not drive any nets. (LINT-1)
Warning: In design 'mlp_N_FEATURES32_HIDDEN116_HIDDEN216_DATA_WIDTH8', cell 'C41518' does not drive any nets. (LINT-1)
Warning: In design 'mlp_N_FEATURES32_HIDDEN116_HIDDEN216_DATA_WIDTH8', cell 'C41519' does not drive any nets. (LINT-1)
Warning: In design 'mlp_N_FEATURES32_HIDDEN116_HIDDEN216_DATA_WIDTH8', cell 'C41520' does not drive any nets. (LINT-1)
Warning: In design 'mlp_N_FEATURES32_HIDDEN116_HIDDEN216_DATA_WIDTH8', cell 'C41521' does not drive any nets. (LINT-1)
Warning: In design 'mlp_N_FEATURES32_HIDDEN116_HIDDEN216_DATA_WIDTH8', cell 'C41522' does not drive any nets. (LINT-1)
Warning: In design 'mlp_N_FEATURES32_HIDDEN116_HIDDEN216_DATA_WIDTH8', cell 'C41523' does not drive any nets. (LINT-1)
Warning: In design 'mlp_N_FEATURES32_HIDDEN116_HIDDEN216_DATA_WIDTH8', cell 'C41524' does not drive any nets. (LINT-1)
Warning: In design 'mlp_N_FEATURES32_HIDDEN116_HIDDEN216_DATA_WIDTH8', cell 'C41525' does not drive any nets. (LINT-1)
Warning: In design 'mlp_N_FEATURES32_HIDDEN116_HIDDEN216_DATA_WIDTH8', cell 'C41526' does not drive any nets. (LINT-1)
Warning: In design 'mlp_N_FEATURES32_HIDDEN116_HIDDEN216_DATA_WIDTH8', cell 'C41527' does not drive any nets. (LINT-1)
Warning: In design 'mlp_N_FEATURES32_HIDDEN116_HIDDEN216_DATA_WIDTH8', cell 'C41528' does not drive any nets. (LINT-1)
Warning: In design 'mlp_N_FEATURES32_HIDDEN116_HIDDEN216_DATA_WIDTH8', cell 'C41529' does not drive any nets. (LINT-1)
Warning: In design 'mlp_N_FEATURES32_HIDDEN116_HIDDEN216_DATA_WIDTH8', cell 'C41530' does not drive any nets. (LINT-1)
Warning: In design 'mlp_N_FEATURES32_HIDDEN116_HIDDEN216_DATA_WIDTH8', cell 'C41531' does not drive any nets. (LINT-1)
Warning: In design 'mlp_N_FEATURES32_HIDDEN116_HIDDEN216_DATA_WIDTH8', cell 'C41532' does not drive any nets. (LINT-1)
Warning: In design 'mlp_N_FEATURES32_HIDDEN116_HIDDEN216_DATA_WIDTH8', cell 'C41533' does not drive any nets. (LINT-1)
Warning: In design 'mlp_N_FEATURES32_HIDDEN116_HIDDEN216_DATA_WIDTH8', cell 'C41534' does not drive any nets. (LINT-1)
Warning: In design 'mlp_N_FEATURES32_HIDDEN116_HIDDEN216_DATA_WIDTH8', cell 'C41535' does not drive any nets. (LINT-1)
Warning: In design 'mlp_N_FEATURES32_HIDDEN116_HIDDEN216_DATA_WIDTH8', cell 'C41536' does not drive any nets. (LINT-1)
Warning: In design 'mlp_N_FEATURES32_HIDDEN116_HIDDEN216_DATA_WIDTH8', cell 'C41537' does not drive any nets. (LINT-1)
Warning: In design 'mlp_N_FEATURES32_HIDDEN116_HIDDEN216_DATA_WIDTH8', cell 'C41538' does not drive any nets. (LINT-1)
Warning: In design 'mlp_N_FEATURES32_HIDDEN116_HIDDEN216_DATA_WIDTH8', cell 'C41539' does not drive any nets. (LINT-1)
Warning: In design 'mlp_N_FEATURES32_HIDDEN116_HIDDEN216_DATA_WIDTH8', cell 'C41540' does not drive any nets. (LINT-1)
Warning: In design 'mlp_N_FEATURES32_HIDDEN116_HIDDEN216_DATA_WIDTH8', cell 'C41541' does not drive any nets. (LINT-1)
Warning: In design 'mlp_N_FEATURES32_HIDDEN116_HIDDEN216_DATA_WIDTH8', cell 'C41542' does not drive any nets. (LINT-1)
Warning: In design 'mlp_N_FEATURES32_HIDDEN116_HIDDEN216_DATA_WIDTH8', cell 'C41543' does not drive any nets. (LINT-1)
Warning: In design 'mlp_N_FEATURES32_HIDDEN116_HIDDEN216_DATA_WIDTH8', cell 'C41544' does not drive any nets. (LINT-1)
Warning: In design 'mlp_N_FEATURES32_HIDDEN116_HIDDEN216_DATA_WIDTH8', cell 'C41545' does not drive any nets. (LINT-1)
Warning: In design 'mlp_N_FEATURES32_HIDDEN116_HIDDEN216_DATA_WIDTH8', cell 'C41546' does not drive any nets. (LINT-1)
Warning: In design 'mlp_N_FEATURES32_HIDDEN116_HIDDEN216_DATA_WIDTH8', cell 'C41547' does not drive any nets. (LINT-1)
Warning: In design 'mlp_N_FEATURES32_HIDDEN116_HIDDEN216_DATA_WIDTH8', cell 'C41548' does not drive any nets. (LINT-1)
Warning: In design 'mlp_N_FEATURES32_HIDDEN116_HIDDEN216_DATA_WIDTH8', cell 'C41549' does not drive any nets. (LINT-1)
Warning: In design 'mlp_N_FEATURES32_HIDDEN116_HIDDEN216_DATA_WIDTH8', cell 'C41550' does not drive any nets. (LINT-1)
Warning: In design 'mlp_N_FEATURES32_HIDDEN116_HIDDEN216_DATA_WIDTH8', cell 'C41551' does not drive any nets. (LINT-1)
Warning: In design 'mlp_N_FEATURES32_HIDDEN116_HIDDEN216_DATA_WIDTH8', cell 'C41552' does not drive any nets. (LINT-1)
Warning: In design 'mlp_N_FEATURES32_HIDDEN116_HIDDEN216_DATA_WIDTH8', cell 'C41553' does not drive any nets. (LINT-1)
Warning: In design 'mlp_N_FEATURES32_HIDDEN116_HIDDEN216_DATA_WIDTH8', cell 'C41554' does not drive any nets. (LINT-1)
Warning: In design 'mlp_N_FEATURES32_HIDDEN116_HIDDEN216_DATA_WIDTH8', cell 'C41555' does not drive any nets. (LINT-1)
Warning: In design 'mlp_N_FEATURES32_HIDDEN116_HIDDEN216_DATA_WIDTH8', cell 'C41556' does not drive any nets. (LINT-1)
Warning: In design 'mlp_N_FEATURES32_HIDDEN116_HIDDEN216_DATA_WIDTH8', cell 'C41557' does not drive any nets. (LINT-1)
Warning: In design 'mlp_N_FEATURES32_HIDDEN116_HIDDEN216_DATA_WIDTH8', cell 'C41558' does not drive any nets. (LINT-1)
Warning: In design 'mlp_N_FEATURES32_HIDDEN116_HIDDEN216_DATA_WIDTH8', cell 'C41559' does not drive any nets. (LINT-1)
Warning: In design 'mlp_N_FEATURES32_HIDDEN116_HIDDEN216_DATA_WIDTH8', cell 'C41560' does not drive any nets. (LINT-1)
Warning: In design 'mlp_N_FEATURES32_HIDDEN116_HIDDEN216_DATA_WIDTH8', cell 'C41561' does not drive any nets. (LINT-1)
Warning: In design 'mlp_N_FEATURES32_HIDDEN116_HIDDEN216_DATA_WIDTH8', cell 'C41562' does not drive any nets. (LINT-1)
Warning: In design 'mlp_N_FEATURES32_HIDDEN116_HIDDEN216_DATA_WIDTH8', cell 'C41563' does not drive any nets. (LINT-1)
Warning: In design 'mlp_N_FEATURES32_HIDDEN116_HIDDEN216_DATA_WIDTH8', cell 'C41564' does not drive any nets. (LINT-1)
Warning: In design 'mlp_N_FEATURES32_HIDDEN116_HIDDEN216_DATA_WIDTH8', cell 'C41565' does not drive any nets. (LINT-1)
Warning: In design 'mlp_N_FEATURES32_HIDDEN116_HIDDEN216_DATA_WIDTH8', cell 'C41566' does not drive any nets. (LINT-1)
Warning: In design 'mlp_N_FEATURES32_HIDDEN116_HIDDEN216_DATA_WIDTH8', cell 'C41567' does not drive any nets. (LINT-1)
Warning: In design 'mlp_N_FEATURES32_HIDDEN116_HIDDEN216_DATA_WIDTH8', cell 'C41568' does not drive any nets. (LINT-1)
Warning: In design 'mlp_N_FEATURES32_HIDDEN116_HIDDEN216_DATA_WIDTH8', cell 'C41569' does not drive any nets. (LINT-1)
Warning: In design 'mlp_N_FEATURES32_HIDDEN116_HIDDEN216_DATA_WIDTH8', cell 'C41570' does not drive any nets. (LINT-1)
Warning: In design 'mlp_N_FEATURES32_HIDDEN116_HIDDEN216_DATA_WIDTH8', cell 'C41571' does not drive any nets. (LINT-1)
Warning: In design 'mlp_N_FEATURES32_HIDDEN116_HIDDEN216_DATA_WIDTH8', cell 'C41572' does not drive any nets. (LINT-1)
Warning: In design 'mlp_N_FEATURES32_HIDDEN116_HIDDEN216_DATA_WIDTH8', cell 'C41573' does not drive any nets. (LINT-1)
Warning: In design 'mlp_N_FEATURES32_HIDDEN116_HIDDEN216_DATA_WIDTH8', cell 'C41574' does not drive any nets. (LINT-1)
Warning: In design 'mlp_N_FEATURES32_HIDDEN116_HIDDEN216_DATA_WIDTH8', cell 'C41575' does not drive any nets. (LINT-1)
Warning: In design 'mlp_N_FEATURES32_HIDDEN116_HIDDEN216_DATA_WIDTH8', cell 'C41576' does not drive any nets. (LINT-1)
Warning: In design 'mlp_N_FEATURES32_HIDDEN116_HIDDEN216_DATA_WIDTH8', cell 'C41577' does not drive any nets. (LINT-1)
Warning: In design 'mlp_N_FEATURES32_HIDDEN116_HIDDEN216_DATA_WIDTH8', cell 'C41578' does not drive any nets. (LINT-1)
Warning: In design 'mlp_N_FEATURES32_HIDDEN116_HIDDEN216_DATA_WIDTH8', cell 'C41579' does not drive any nets. (LINT-1)
Warning: In design 'mlp_N_FEATURES32_HIDDEN116_HIDDEN216_DATA_WIDTH8', cell 'C41580' does not drive any nets. (LINT-1)
Warning: In design 'mlp_N_FEATURES32_HIDDEN116_HIDDEN216_DATA_WIDTH8', cell 'C41581' does not drive any nets. (LINT-1)
Warning: In design 'mlp_N_FEATURES32_HIDDEN116_HIDDEN216_DATA_WIDTH8', cell 'C41582' does not drive any nets. (LINT-1)
Warning: In design 'mlp_N_FEATURES32_HIDDEN116_HIDDEN216_DATA_WIDTH8', cell 'C41583' does not drive any nets. (LINT-1)
Warning: In design 'mlp_N_FEATURES32_HIDDEN116_HIDDEN216_DATA_WIDTH8', cell 'C41584' does not drive any nets. (LINT-1)
Warning: In design 'mlp_N_FEATURES32_HIDDEN116_HIDDEN216_DATA_WIDTH8', cell 'C41585' does not drive any nets. (LINT-1)
Warning: In design 'mlp_N_FEATURES32_HIDDEN116_HIDDEN216_DATA_WIDTH8', cell 'C41586' does not drive any nets. (LINT-1)
Warning: In design 'mlp_N_FEATURES32_HIDDEN116_HIDDEN216_DATA_WIDTH8', cell 'C41587' does not drive any nets. (LINT-1)
Warning: In design 'mlp_N_FEATURES32_HIDDEN116_HIDDEN216_DATA_WIDTH8', cell 'C41588' does not drive any nets. (LINT-1)
Warning: In design 'mlp_N_FEATURES32_HIDDEN116_HIDDEN216_DATA_WIDTH8', cell 'C41589' does not drive any nets. (LINT-1)
Warning: In design 'mlp_N_FEATURES32_HIDDEN116_HIDDEN216_DATA_WIDTH8', cell 'C41590' does not drive any nets. (LINT-1)
Warning: In design 'mlp_N_FEATURES32_HIDDEN116_HIDDEN216_DATA_WIDTH8', cell 'C41591' does not drive any nets. (LINT-1)
Warning: In design 'mlp_N_FEATURES32_HIDDEN116_HIDDEN216_DATA_WIDTH8', cell 'C41592' does not drive any nets. (LINT-1)
Warning: In design 'mlp_N_FEATURES32_HIDDEN116_HIDDEN216_DATA_WIDTH8', cell 'C41593' does not drive any nets. (LINT-1)
Warning: In design 'mlp_N_FEATURES32_HIDDEN116_HIDDEN216_DATA_WIDTH8', cell 'C41594' does not drive any nets. (LINT-1)
Warning: In design 'mlp_N_FEATURES32_HIDDEN116_HIDDEN216_DATA_WIDTH8', cell 'C41595' does not drive any nets. (LINT-1)
Warning: In design 'mlp_N_FEATURES32_HIDDEN116_HIDDEN216_DATA_WIDTH8', cell 'C41596' does not drive any nets. (LINT-1)
Warning: In design 'mlp_N_FEATURES32_HIDDEN116_HIDDEN216_DATA_WIDTH8', cell 'C41597' does not drive any nets. (LINT-1)
Warning: In design 'mlp_N_FEATURES32_HIDDEN116_HIDDEN216_DATA_WIDTH8', cell 'C41598' does not drive any nets. (LINT-1)
Warning: In design 'mlp_N_FEATURES32_HIDDEN116_HIDDEN216_DATA_WIDTH8', cell 'C41599' does not drive any nets. (LINT-1)
Warning: In design 'mlp_N_FEATURES32_HIDDEN116_HIDDEN216_DATA_WIDTH8', cell 'C41600' does not drive any nets. (LINT-1)
Warning: In design 'mlp_N_FEATURES32_HIDDEN116_HIDDEN216_DATA_WIDTH8', cell 'C41601' does not drive any nets. (LINT-1)
Warning: In design 'mlp_N_FEATURES32_HIDDEN116_HIDDEN216_DATA_WIDTH8', cell 'C41602' does not drive any nets. (LINT-1)
Warning: In design 'mlp_N_FEATURES32_HIDDEN116_HIDDEN216_DATA_WIDTH8', cell 'C41603' does not drive any nets. (LINT-1)
Warning: In design 'mlp_N_FEATURES32_HIDDEN116_HIDDEN216_DATA_WIDTH8', cell 'C41604' does not drive any nets. (LINT-1)
Warning: In design 'mlp_N_FEATURES32_HIDDEN116_HIDDEN216_DATA_WIDTH8', cell 'C41605' does not drive any nets. (LINT-1)
Warning: In design 'mlp_N_FEATURES32_HIDDEN116_HIDDEN216_DATA_WIDTH8', cell 'C41606' does not drive any nets. (LINT-1)
Warning: In design 'mlp_N_FEATURES32_HIDDEN116_HIDDEN216_DATA_WIDTH8', cell 'C41607' does not drive any nets. (LINT-1)
Warning: In design 'mlp_N_FEATURES32_HIDDEN116_HIDDEN216_DATA_WIDTH8', cell 'C41608' does not drive any nets. (LINT-1)
Warning: In design 'mlp_N_FEATURES32_HIDDEN116_HIDDEN216_DATA_WIDTH8', cell 'C41609' does not drive any nets. (LINT-1)
Warning: In design 'mlp_N_FEATURES32_HIDDEN116_HIDDEN216_DATA_WIDTH8', cell 'C41610' does not drive any nets. (LINT-1)
Warning: In design 'mlp_N_FEATURES32_HIDDEN116_HIDDEN216_DATA_WIDTH8', cell 'C41611' does not drive any nets. (LINT-1)
Warning: In design 'mlp_N_FEATURES32_HIDDEN116_HIDDEN216_DATA_WIDTH8', cell 'C41612' does not drive any nets. (LINT-1)
Warning: In design 'mlp_N_FEATURES32_HIDDEN116_HIDDEN216_DATA_WIDTH8', cell 'C41613' does not drive any nets. (LINT-1)
Warning: In design 'mlp_N_FEATURES32_HIDDEN116_HIDDEN216_DATA_WIDTH8', cell 'C41614' does not drive any nets. (LINT-1)
Warning: In design 'mlp_N_FEATURES32_HIDDEN116_HIDDEN216_DATA_WIDTH8', cell 'C41615' does not drive any nets. (LINT-1)
Warning: In design 'mlp_N_FEATURES32_HIDDEN116_HIDDEN216_DATA_WIDTH8', cell 'C41616' does not drive any nets. (LINT-1)
Warning: In design 'mlp_N_FEATURES32_HIDDEN116_HIDDEN216_DATA_WIDTH8', cell 'C41617' does not drive any nets. (LINT-1)
Warning: In design 'mlp_N_FEATURES32_HIDDEN116_HIDDEN216_DATA_WIDTH8', cell 'C41618' does not drive any nets. (LINT-1)
Warning: In design 'mlp_N_FEATURES32_HIDDEN116_HIDDEN216_DATA_WIDTH8', cell 'C41619' does not drive any nets. (LINT-1)
Warning: In design 'mlp_N_FEATURES32_HIDDEN116_HIDDEN216_DATA_WIDTH8', cell 'C41620' does not drive any nets. (LINT-1)
Warning: In design 'mlp_N_FEATURES32_HIDDEN116_HIDDEN216_DATA_WIDTH8', cell 'C41621' does not drive any nets. (LINT-1)
Warning: In design 'mlp_N_FEATURES32_HIDDEN116_HIDDEN216_DATA_WIDTH8', cell 'C41622' does not drive any nets. (LINT-1)
Warning: In design 'mlp_N_FEATURES32_HIDDEN116_HIDDEN216_DATA_WIDTH8', cell 'C41623' does not drive any nets. (LINT-1)
Warning: In design 'mlp_N_FEATURES32_HIDDEN116_HIDDEN216_DATA_WIDTH8', cell 'C41624' does not drive any nets. (LINT-1)
Warning: In design 'mlp_N_FEATURES32_HIDDEN116_HIDDEN216_DATA_WIDTH8', cell 'C41625' does not drive any nets. (LINT-1)
Warning: In design 'mlp_N_FEATURES32_HIDDEN116_HIDDEN216_DATA_WIDTH8', cell 'C41626' does not drive any nets. (LINT-1)
Warning: In design 'mlp_N_FEATURES32_HIDDEN116_HIDDEN216_DATA_WIDTH8', cell 'C41627' does not drive any nets. (LINT-1)
Warning: In design 'mlp_N_FEATURES32_HIDDEN116_HIDDEN216_DATA_WIDTH8', cell 'C41628' does not drive any nets. (LINT-1)
Warning: In design 'mlp_N_FEATURES32_HIDDEN116_HIDDEN216_DATA_WIDTH8', cell 'C41629' does not drive any nets. (LINT-1)
Warning: In design 'mlp_N_FEATURES32_HIDDEN116_HIDDEN216_DATA_WIDTH8', cell 'C41630' does not drive any nets. (LINT-1)
Warning: In design 'mlp_N_FEATURES32_HIDDEN116_HIDDEN216_DATA_WIDTH8', cell 'C41631' does not drive any nets. (LINT-1)
Warning: In design 'mlp_N_FEATURES32_HIDDEN116_HIDDEN216_DATA_WIDTH8', cell 'C41632' does not drive any nets. (LINT-1)
Warning: In design 'mlp_N_FEATURES32_HIDDEN116_HIDDEN216_DATA_WIDTH8', cell 'C41633' does not drive any nets. (LINT-1)
Warning: In design 'mlp_N_FEATURES32_HIDDEN116_HIDDEN216_DATA_WIDTH8', cell 'C41634' does not drive any nets. (LINT-1)
Warning: In design 'mlp_N_FEATURES32_HIDDEN116_HIDDEN216_DATA_WIDTH8', cell 'C41635' does not drive any nets. (LINT-1)
Warning: In design 'mlp_N_FEATURES32_HIDDEN116_HIDDEN216_DATA_WIDTH8', cell 'C41636' does not drive any nets. (LINT-1)
Warning: In design 'mlp_N_FEATURES32_HIDDEN116_HIDDEN216_DATA_WIDTH8', cell 'C41637' does not drive any nets. (LINT-1)
Warning: In design 'mlp_N_FEATURES32_HIDDEN116_HIDDEN216_DATA_WIDTH8', cell 'C41638' does not drive any nets. (LINT-1)
Warning: In design 'mlp_N_FEATURES32_HIDDEN116_HIDDEN216_DATA_WIDTH8', cell 'C41639' does not drive any nets. (LINT-1)
Warning: In design 'mlp_N_FEATURES32_HIDDEN116_HIDDEN216_DATA_WIDTH8', cell 'C41640' does not drive any nets. (LINT-1)
Warning: In design 'mlp_N_FEATURES32_HIDDEN116_HIDDEN216_DATA_WIDTH8', cell 'C41641' does not drive any nets. (LINT-1)
Warning: In design 'mlp_N_FEATURES32_HIDDEN116_HIDDEN216_DATA_WIDTH8', cell 'C41642' does not drive any nets. (LINT-1)
Warning: In design 'mlp_N_FEATURES32_HIDDEN116_HIDDEN216_DATA_WIDTH8', cell 'C41643' does not drive any nets. (LINT-1)
Warning: In design 'mlp_N_FEATURES32_HIDDEN116_HIDDEN216_DATA_WIDTH8', cell 'C41644' does not drive any nets. (LINT-1)
Warning: In design 'mlp_N_FEATURES32_HIDDEN116_HIDDEN216_DATA_WIDTH8', cell 'C41645' does not drive any nets. (LINT-1)
Warning: In design 'mlp_N_FEATURES32_HIDDEN116_HIDDEN216_DATA_WIDTH8', cell 'C41646' does not drive any nets. (LINT-1)
Warning: In design 'mlp_N_FEATURES32_HIDDEN116_HIDDEN216_DATA_WIDTH8', cell 'C41647' does not drive any nets. (LINT-1)
Warning: In design 'mlp_N_FEATURES32_HIDDEN116_HIDDEN216_DATA_WIDTH8', cell 'C41648' does not drive any nets. (LINT-1)
Warning: In design 'mlp_N_FEATURES32_HIDDEN116_HIDDEN216_DATA_WIDTH8', cell 'C41649' does not drive any nets. (LINT-1)
Warning: In design 'mlp_N_FEATURES32_HIDDEN116_HIDDEN216_DATA_WIDTH8', cell 'C41650' does not drive any nets. (LINT-1)
Warning: In design 'mlp_N_FEATURES32_HIDDEN116_HIDDEN216_DATA_WIDTH8', cell 'C41651' does not drive any nets. (LINT-1)
Warning: In design 'mlp_N_FEATURES32_HIDDEN116_HIDDEN216_DATA_WIDTH8', cell 'C41652' does not drive any nets. (LINT-1)
Warning: In design 'mlp_N_FEATURES32_HIDDEN116_HIDDEN216_DATA_WIDTH8', cell 'C41653' does not drive any nets. (LINT-1)
Warning: In design 'mlp_N_FEATURES32_HIDDEN116_HIDDEN216_DATA_WIDTH8', cell 'C41654' does not drive any nets. (LINT-1)
Warning: In design 'mlp_N_FEATURES32_HIDDEN116_HIDDEN216_DATA_WIDTH8', cell 'C41655' does not drive any nets. (LINT-1)
Warning: In design 'mlp_N_FEATURES32_HIDDEN116_HIDDEN216_DATA_WIDTH8', cell 'C41656' does not drive any nets. (LINT-1)
Warning: In design 'mlp_N_FEATURES32_HIDDEN116_HIDDEN216_DATA_WIDTH8', cell 'C41657' does not drive any nets. (LINT-1)
Warning: In design 'mlp_N_FEATURES32_HIDDEN116_HIDDEN216_DATA_WIDTH8', cell 'C41658' does not drive any nets. (LINT-1)
Warning: In design 'mlp_N_FEATURES32_HIDDEN116_HIDDEN216_DATA_WIDTH8', cell 'C41659' does not drive any nets. (LINT-1)
Warning: In design 'mlp_N_FEATURES32_HIDDEN116_HIDDEN216_DATA_WIDTH8', cell 'C41660' does not drive any nets. (LINT-1)
Warning: In design 'mlp_N_FEATURES32_HIDDEN116_HIDDEN216_DATA_WIDTH8', cell 'C41661' does not drive any nets. (LINT-1)
Warning: In design 'mlp_N_FEATURES32_HIDDEN116_HIDDEN216_DATA_WIDTH8', cell 'C41662' does not drive any nets. (LINT-1)
Warning: In design 'mlp_N_FEATURES32_HIDDEN116_HIDDEN216_DATA_WIDTH8', cell 'C41663' does not drive any nets. (LINT-1)
Warning: In design 'mlp_N_FEATURES32_HIDDEN116_HIDDEN216_DATA_WIDTH8', cell 'C41664' does not drive any nets. (LINT-1)
Warning: In design 'mlp_N_FEATURES32_HIDDEN116_HIDDEN216_DATA_WIDTH8', cell 'C41665' does not drive any nets. (LINT-1)
Warning: In design 'mlp_N_FEATURES32_HIDDEN116_HIDDEN216_DATA_WIDTH8', cell 'C41666' does not drive any nets. (LINT-1)
Warning: In design 'mlp_N_FEATURES32_HIDDEN116_HIDDEN216_DATA_WIDTH8', cell 'C41667' does not drive any nets. (LINT-1)
Warning: In design 'mlp_N_FEATURES32_HIDDEN116_HIDDEN216_DATA_WIDTH8', cell 'C41668' does not drive any nets. (LINT-1)
Warning: In design 'mlp_N_FEATURES32_HIDDEN116_HIDDEN216_DATA_WIDTH8', cell 'C41669' does not drive any nets. (LINT-1)
Warning: In design 'mlp_N_FEATURES32_HIDDEN116_HIDDEN216_DATA_WIDTH8', cell 'C41670' does not drive any nets. (LINT-1)
Warning: In design 'mlp_N_FEATURES32_HIDDEN116_HIDDEN216_DATA_WIDTH8', cell 'C41671' does not drive any nets. (LINT-1)
Warning: In design 'mlp_N_FEATURES32_HIDDEN116_HIDDEN216_DATA_WIDTH8', cell 'C41672' does not drive any nets. (LINT-1)
Warning: In design 'mlp_N_FEATURES32_HIDDEN116_HIDDEN216_DATA_WIDTH8', cell 'C41673' does not drive any nets. (LINT-1)
Warning: In design 'mlp_N_FEATURES32_HIDDEN116_HIDDEN216_DATA_WIDTH8', cell 'C41674' does not drive any nets. (LINT-1)
Warning: In design 'mlp_N_FEATURES32_HIDDEN116_HIDDEN216_DATA_WIDTH8', cell 'C41675' does not drive any nets. (LINT-1)
Warning: In design 'mlp_N_FEATURES32_HIDDEN116_HIDDEN216_DATA_WIDTH8', cell 'C41676' does not drive any nets. (LINT-1)
Warning: In design 'dyn_quant_M16_ACC_W15_DATA_WIDTH8', cell 'B_48' does not drive any nets. (LINT-1)
Warning: In design 'dyn_quant_M16_ACC_W15_DATA_WIDTH8', cell 'B_50' does not drive any nets. (LINT-1)
Warning: In design 'dyn_quant_M16_ACC_W15_DATA_WIDTH8', cell 'B_52' does not drive any nets. (LINT-1)
Warning: In design 'dyn_quant_M16_ACC_W15_DATA_WIDTH8', cell 'B_54' does not drive any nets. (LINT-1)
Warning: In design 'dyn_quant_M16_ACC_W15_DATA_WIDTH8', cell 'B_56' does not drive any nets. (LINT-1)
Warning: In design 'dyn_quant_M16_ACC_W15_DATA_WIDTH8', cell 'B_58' does not drive any nets. (LINT-1)
Warning: In design 'dyn_quant_M16_ACC_W15_DATA_WIDTH8', cell 'B_60' does not drive any nets. (LINT-1)
Warning: In design 'dyn_quant_M16_ACC_W15_DATA_WIDTH8', cell 'B_62' does not drive any nets. (LINT-1)
Warning: In design 'dyn_quant_M16_ACC_W15_DATA_WIDTH8', cell 'B_64' does not drive any nets. (LINT-1)
Warning: In design 'dyn_quant_M16_ACC_W15_DATA_WIDTH8', cell 'B_66' does not drive any nets. (LINT-1)
Warning: In design 'dyn_quant_M16_ACC_W15_DATA_WIDTH8', cell 'B_68' does not drive any nets. (LINT-1)
Warning: In design 'dyn_quant_M16_ACC_W15_DATA_WIDTH8', cell 'B_70' does not drive any nets. (LINT-1)
Warning: In design 'dyn_quant_M16_ACC_W15_DATA_WIDTH8', cell 'B_72' does not drive any nets. (LINT-1)
Warning: In design 'dyn_quant_M16_ACC_W15_DATA_WIDTH8', cell 'B_74' does not drive any nets. (LINT-1)
Warning: In design 'dyn_quant_M16_ACC_W15_DATA_WIDTH8', cell 'B_76' does not drive any nets. (LINT-1)
Warning: In design 'dyn_quant_M16_ACC_W15_DATA_WIDTH8', cell 'B_78' does not drive any nets. (LINT-1)
Warning: In design 'dyn_quant_M16_ACC_W15_DATA_WIDTH8', cell 'B_79' does not drive any nets. (LINT-1)
Warning: In design 'dyn_quant_M16_ACC_W22_DATA_WIDTH8', cell 'B_55' does not drive any nets. (LINT-1)
Warning: In design 'dyn_quant_M16_ACC_W22_DATA_WIDTH8', cell 'B_57' does not drive any nets. (LINT-1)
Warning: In design 'dyn_quant_M16_ACC_W22_DATA_WIDTH8', cell 'B_59' does not drive any nets. (LINT-1)
Warning: In design 'dyn_quant_M16_ACC_W22_DATA_WIDTH8', cell 'B_61' does not drive any nets. (LINT-1)
Warning: In design 'dyn_quant_M16_ACC_W22_DATA_WIDTH8', cell 'B_63' does not drive any nets. (LINT-1)
Warning: In design 'dyn_quant_M16_ACC_W22_DATA_WIDTH8', cell 'B_65' does not drive any nets. (LINT-1)
Warning: In design 'dyn_quant_M16_ACC_W22_DATA_WIDTH8', cell 'B_67' does not drive any nets. (LINT-1)
Warning: In design 'dyn_quant_M16_ACC_W22_DATA_WIDTH8', cell 'B_69' does not drive any nets. (LINT-1)
Warning: In design 'dyn_quant_M16_ACC_W22_DATA_WIDTH8', cell 'B_71' does not drive any nets. (LINT-1)
Warning: In design 'dyn_quant_M16_ACC_W22_DATA_WIDTH8', cell 'B_73' does not drive any nets. (LINT-1)
Warning: In design 'dyn_quant_M16_ACC_W22_DATA_WIDTH8', cell 'B_75' does not drive any nets. (LINT-1)
Warning: In design 'dyn_quant_M16_ACC_W22_DATA_WIDTH8', cell 'B_77' does not drive any nets. (LINT-1)
Warning: In design 'dyn_quant_M16_ACC_W22_DATA_WIDTH8', cell 'B_79' does not drive any nets. (LINT-1)
Warning: In design 'dyn_quant_M16_ACC_W22_DATA_WIDTH8', cell 'B_81' does not drive any nets. (LINT-1)
Warning: In design 'dyn_quant_M16_ACC_W22_DATA_WIDTH8', cell 'B_83' does not drive any nets. (LINT-1)
Warning: In design 'dyn_quant_M16_ACC_W22_DATA_WIDTH8', cell 'B_85' does not drive any nets. (LINT-1)
Warning: In design 'dyn_quant_M16_ACC_W22_DATA_WIDTH8', cell 'B_86' does not drive any nets. (LINT-1)
Warning: In design 'dyn_quant_M1_ACC_W22_DATA_WIDTH8', cell 'B_25' does not drive any nets. (LINT-1)
Warning: In design 'dyn_quant_M1_ACC_W22_DATA_WIDTH8', cell 'B_26' does not drive any nets. (LINT-1)
Warning: In design 'requant_rne_ACC_W15_DATA_WIDTH8_SHW4_15', cell 'B_3' does not drive any nets. (LINT-1)
Warning: In design 'requant_rne_ACC_W22_DATA_WIDTH8_SHW5_16', cell 'B_3' does not drive any nets. (LINT-1)
Warning: In design 'requant_rne_ACC_W15_DATA_WIDTH8_SHW4_0', cell 'B_3' does not drive any nets. (LINT-1)
Warning: In design 'requant_rne_ACC_W15_DATA_WIDTH8_SHW4_1', cell 'B_3' does not drive any nets. (LINT-1)
Warning: In design 'requant_rne_ACC_W15_DATA_WIDTH8_SHW4_2', cell 'B_3' does not drive any nets. (LINT-1)
Warning: In design 'requant_rne_ACC_W15_DATA_WIDTH8_SHW4_3', cell 'B_3' does not drive any nets. (LINT-1)
Warning: In design 'requant_rne_ACC_W15_DATA_WIDTH8_SHW4_4', cell 'B_3' does not drive any nets. (LINT-1)
Warning: In design 'requant_rne_ACC_W15_DATA_WIDTH8_SHW4_5', cell 'B_3' does not drive any nets. (LINT-1)
Warning: In design 'requant_rne_ACC_W15_DATA_WIDTH8_SHW4_6', cell 'B_3' does not drive any nets. (LINT-1)
Warning: In design 'requant_rne_ACC_W15_DATA_WIDTH8_SHW4_7', cell 'B_3' does not drive any nets. (LINT-1)
Warning: In design 'requant_rne_ACC_W15_DATA_WIDTH8_SHW4_8', cell 'B_3' does not drive any nets. (LINT-1)
Warning: In design 'requant_rne_ACC_W15_DATA_WIDTH8_SHW4_9', cell 'B_3' does not drive any nets. (LINT-1)
Warning: In design 'requant_rne_ACC_W15_DATA_WIDTH8_SHW4_10', cell 'B_3' does not drive any nets. (LINT-1)
Warning: In design 'requant_rne_ACC_W15_DATA_WIDTH8_SHW4_11', cell 'B_3' does not drive any nets. (LINT-1)
Warning: In design 'requant_rne_ACC_W15_DATA_WIDTH8_SHW4_12', cell 'B_3' does not drive any nets. (LINT-1)
Warning: In design 'requant_rne_ACC_W15_DATA_WIDTH8_SHW4_13', cell 'B_3' does not drive any nets. (LINT-1)
Warning: In design 'requant_rne_ACC_W15_DATA_WIDTH8_SHW4_14', cell 'B_3' does not drive any nets. (LINT-1)
Warning: In design 'requant_rne_ACC_W22_DATA_WIDTH8_SHW5_0', cell 'B_3' does not drive any nets. (LINT-1)
Warning: In design 'requant_rne_ACC_W22_DATA_WIDTH8_SHW5_1', cell 'B_3' does not drive any nets. (LINT-1)
Warning: In design 'requant_rne_ACC_W22_DATA_WIDTH8_SHW5_2', cell 'B_3' does not drive any nets. (LINT-1)
Warning: In design 'requant_rne_ACC_W22_DATA_WIDTH8_SHW5_3', cell 'B_3' does not drive any nets. (LINT-1)
Warning: In design 'requant_rne_ACC_W22_DATA_WIDTH8_SHW5_4', cell 'B_3' does not drive any nets. (LINT-1)
Warning: In design 'requant_rne_ACC_W22_DATA_WIDTH8_SHW5_5', cell 'B_3' does not drive any nets. (LINT-1)
Warning: In design 'requant_rne_ACC_W22_DATA_WIDTH8_SHW5_6', cell 'B_3' does not drive any nets. (LINT-1)
Warning: In design 'requant_rne_ACC_W22_DATA_WIDTH8_SHW5_7', cell 'B_3' does not drive any nets. (LINT-1)
Warning: In design 'requant_rne_ACC_W22_DATA_WIDTH8_SHW5_8', cell 'B_3' does not drive any nets. (LINT-1)
Warning: In design 'requant_rne_ACC_W22_DATA_WIDTH8_SHW5_9', cell 'B_3' does not drive any nets. (LINT-1)
Warning: In design 'requant_rne_ACC_W22_DATA_WIDTH8_SHW5_10', cell 'B_3' does not drive any nets. (LINT-1)
Warning: In design 'requant_rne_ACC_W22_DATA_WIDTH8_SHW5_11', cell 'B_3' does not drive any nets. (LINT-1)
Warning: In design 'requant_rne_ACC_W22_DATA_WIDTH8_SHW5_12', cell 'B_3' does not drive any nets. (LINT-1)
Warning: In design 'requant_rne_ACC_W22_DATA_WIDTH8_SHW5_13', cell 'B_3' does not drive any nets. (LINT-1)
Warning: In design 'requant_rne_ACC_W22_DATA_WIDTH8_SHW5_14', cell 'B_3' does not drive any nets. (LINT-1)
Warning: In design 'requant_rne_ACC_W22_DATA_WIDTH8_SHW5_15', cell 'B_3' does not drive any nets. (LINT-1)
Warning: In design 'mlp_wrapper_N_FEATURES32_HIDDEN116_HIDDEN216_DATA_WIDTH8', net 'U_DUT/s2_nc[0]' driven by pin 'U_DUT/U_REQ2/o_shift[0]' has no loads. (LINT-2)
Warning: In design 'mlp_wrapper_N_FEATURES32_HIDDEN116_HIDDEN216_DATA_WIDTH8', net 'U_DUT/s2_nc[1]' driven by pin 'U_DUT/U_REQ2/o_shift[1]' has no loads. (LINT-2)
Warning: In design 'mlp_wrapper_N_FEATURES32_HIDDEN116_HIDDEN216_DATA_WIDTH8', net 'U_DUT/s2_nc[2]' driven by pin 'U_DUT/U_REQ2/o_shift[2]' has no loads. (LINT-2)
Warning: In design 'mlp_wrapper_N_FEATURES32_HIDDEN116_HIDDEN216_DATA_WIDTH8', net 'U_DUT/s2_nc[3]' driven by pin 'U_DUT/U_REQ2/o_shift[3]' has no loads. (LINT-2)
Warning: In design 'mlp_wrapper_N_FEATURES32_HIDDEN116_HIDDEN216_DATA_WIDTH8', net 'U_DUT/s2_nc[4]' driven by pin 'U_DUT/U_REQ2/o_shift[4]' has no loads. (LINT-2)
Warning: In design 'mlp_wrapper_N_FEATURES32_HIDDEN116_HIDDEN216_DATA_WIDTH8', net 'U_DUT/s1_nc[0]' driven by pin 'U_DUT/U_REQ1/o_shift[0]' has no loads. (LINT-2)
Warning: In design 'mlp_wrapper_N_FEATURES32_HIDDEN116_HIDDEN216_DATA_WIDTH8', net 'U_DUT/s1_nc[1]' driven by pin 'U_DUT/U_REQ1/o_shift[1]' has no loads. (LINT-2)
Warning: In design 'mlp_wrapper_N_FEATURES32_HIDDEN116_HIDDEN216_DATA_WIDTH8', net 'U_DUT/s1_nc[2]' driven by pin 'U_DUT/U_REQ1/o_shift[2]' has no loads. (LINT-2)
Warning: In design 'mlp_wrapper_N_FEATURES32_HIDDEN116_HIDDEN216_DATA_WIDTH8', net 'U_DUT/s1_nc[3]' driven by pin 'U_DUT/U_REQ1/o_shift[3]' has no loads. (LINT-2)
1
