===== module cp0  Sun Aug 16 11:45:01 AM +08 2026 =====
--- compute_series ---
module=cp0  cases=['cache', 'conv_softmax', 'coremark', 'csr', 'debug', 'exception', 'interrupt', 'ISA_FP', 'ISA_INT', 'ISA_LS', 'ISA_THEAD', 'MMU']  out=/ic/projects/A513software/jingbo.jiang/OnchipPowerModeling/out/x-opm/cp0_activity
computed csr 2736
computed cache 8313
computed exception 12169
computed interrupt 3563
computed debug 39228
computed ISA_INT 30030
computed ISA_FP 71076
computed ISA_THEAD 21143
computed MMU 4233
computed ISA_LS 83386
computed coremark 598030
computed conv_softmax 1438221
plotted cache ->  /ic/projects/A513software/jingbo.jiang/OnchipPowerModeling/out/x-opm/cp0_activity/vpu_wave_cache.png corr 0.162
plotted conv_softmax ->  /ic/projects/A513software/jingbo.jiang/OnchipPowerModeling/out/x-opm/cp0_activity/vpu_wave_conv_softmax.png corr 0.023
plotted coremark ->  /ic/projects/A513software/jingbo.jiang/OnchipPowerModeling/out/x-opm/cp0_activity/vpu_wave_coremark.png corr 0.018
plotted csr ->  /ic/projects/A513software/jingbo.jiang/OnchipPowerModeling/out/x-opm/cp0_activity/vpu_wave_csr.png corr 0.159
plotted debug ->  /ic/projects/A513software/jingbo.jiang/OnchipPowerModeling/out/x-opm/cp0_activity/vpu_wave_debug.png corr 0.077
plotted exception ->  /ic/projects/A513software/jingbo.jiang/OnchipPowerModeling/out/x-opm/cp0_activity/vpu_wave_exception.png corr 0.127
plotted interrupt ->  /ic/projects/A513software/jingbo.jiang/OnchipPowerModeling/out/x-opm/cp0_activity/vpu_wave_interrupt.png corr 0.142
plotted ISA_FP ->  /ic/projects/A513software/jingbo.jiang/OnchipPowerModeling/out/x-opm/cp0_activity/vpu_wave_ISA_FP.png corr 0.118
plotted ISA_INT ->  /ic/projects/A513software/jingbo.jiang/OnchipPowerModeling/out/x-opm/cp0_activity/vpu_wave_ISA_INT.png corr 0.054
plotted ISA_LS ->  /ic/projects/A513software/jingbo.jiang/OnchipPowerModeling/out/x-opm/cp0_activity/vpu_wave_ISA_LS.png corr 0.039
plotted ISA_THEAD ->  /ic/projects/A513software/jingbo.jiang/OnchipPowerModeling/out/x-opm/cp0_activity/vpu_wave_ISA_THEAD.png corr 0.03
plotted MMU ->  /ic/projects/A513software/jingbo.jiang/OnchipPowerModeling/out/x-opm/cp0_activity/vpu_wave_MMU.png corr 0.161
--- compute_signal_stats ---
module=cp0  cases=['cache', 'conv_softmax', 'coremark', 'csr', 'debug', 'exception', 'interrupt', 'ISA_FP', 'ISA_INT', 'ISA_LS', 'ISA_THEAD', 'MMU']  out=/ic/projects/A513software/jingbo.jiang/OnchipPowerModeling/out/x-opm/cp0_activity
done csr
done cache
done exception
done debug
done interrupt
done ISA_INT
done ISA_FP
done ISA_THEAD
done MMU
done ISA_LS
done coremark
done conv_softmax
[
  {
    "case": "csr",
    "n_cycles": 2736,
    "n_signals": 1434,
    "n_constant_signals": 993,
    "big_step_thr_mW": 0.9879,
    "n_big_steps": 28,
    "coverage_by_informative_edge(er<0.5)": 0.964,
    "coverage_by_any_nonclock_edge": 0.964,
    "mean_abs_dP_mW": 0.3844
  },
  {
    "case": "cache",
    "n_cycles": 8313,
    "n_signals": 1434,
    "n_constant_signals": 904,
    "big_step_thr_mW": 0.7425,
    "n_big_steps": 143,
    "coverage_by_informative_edge(er<0.5)": 0.455,
    "coverage_by_any_nonclock_edge": 0.455,
    "mean_abs_dP_mW": 0.3744
  },
  {
    "case": "exception",
    "n_cycles": 12169,
    "n_signals": 1434,
    "n_constant_signals": 896,
    "big_step_thr_mW": 0.765,
    "n_big_steps": 122,
    "coverage_by_informative_edge(er<0.5)": 0.975,
    "coverage_by_any_nonclock_edge": 0.975,
    "mean_abs_dP_mW": 0.3767
  },
  {
    "case": "debug",
    "n_cycles": 39228,
    "n_signals": 1434,
    "n_constant_signals": 986,
    "big_step_thr_mW": 0.7462,
    "n_big_steps": 562,
    "coverage_by_informative_edge(er<0.5)": 0.171,
    "coverage_by_any_nonclock_edge": 0.171,
    "mean_abs_dP_mW": 0.3684
  },
  {
    "case": "interrupt",
    "n_cycles": 3563,
    "n_signals": 1434,
    "n_constant_signals": 934,
    "big_step_thr_mW": 0.751,
    "n_big_steps": 36,
    "coverage_by_informative_edge(er<0.5)": 0.917,
    "coverage_by_any_nonclock_edge": 0.917,
    "mean_abs_dP_mW": 0.3754
  },
  {
    "case": "ISA_INT",
    "n_cycles": 30030,
    "n_signals": 1434,
    "n_constant_signals": 1013,
    "big_step_thr_mW": 0.7429,
    "n_big_steps": 334,
    "coverage_by_informative_edge(er<0.5)": 0.629,
    "coverage_by_any_nonclock_edge": 0.629,
    "mean_abs_dP_mW": 0.3713
  },
  {
    "case": "ISA_FP",
    "n_cycles": 71076,
    "n_signals": 1434,
    "n_constant_signals": 975,
    "big_step_thr_mW": 0.7677,
    "n_big_steps": 711,
    "coverage_by_informative_edge(er<0.5)": 0.97,
    "coverage_by_any_nonclock_edge": 0.97,
    "mean_abs_dP_mW": 0.3734
  },
  {
    "case": "ISA_THEAD",
    "n_cycles": 21143,
    "n_signals": 1434,
    "n_constant_signals": 1019,
    "big_step_thr_mW": 0.7429,
    "n_big_steps": 516,
    "coverage_by_informative_edge(er<0.5)": 0.271,
    "coverage_by_any_nonclock_edge": 0.271,
    "mean_abs_dP_mW": 0.371
  },
  {
    "case": "MMU",
    "n_cycles": 4233,
    "n_signals": 1434,
    "n_constant_signals": 933,
    "big_step_thr_mW": 0.764,
    "n_big_steps": 43,
    "coverage_by_informative_edge(er<0.5)": 0.93,
    "coverage_by_any_nonclock_edge": 0.93,
    "mean_abs_dP_mW": 0.3742
  },
  {
    "case": "ISA_LS",
    "n_cycles": 83386,
    "n_signals": 1434,
    "n_constant_signals": 930,
    "big_step_thr_mW": 0.7439,
    "n_big_steps": 1046,
    "coverage_by_informative_edge(er<0.5)": 0.44,
    "coverage_by_any_nonclock_edge": 0.44,
    "mean_abs_dP_mW": 0.3694
  },
  {
    "case": "coremark",
    "n_cycles": 598030,
    "n_signals": 1434,
    "n_constant_signals": 986,
    "big_step_thr_mW": 0.7545,
    "n_big_steps": 5981,
    "coverage_by_informative_edge(er<0.5)": 0.325,
    "coverage_by_any_nonclock_edge": 0.999,
    "mean_abs_dP_mW": 0.3719
  },
  {
    "case": "conv_softmax",
    "n_cycles": 1438221,
    "n_signals": 1434,
    "n_constant_signals": 1000,
    "big_step_thr_mW": 0.7617,
    "n_big_steps": 14395,
    "coverage_by_informative_edge(er<0.5)": 0.806,
    "coverage_by_any_nonclock_edge": 0.806,
    "mean_abs_dP_mW": 0.3728
  }
]
--- correlate_toggle_power ---
module=cp0  cases=['cache', 'conv_softmax', 'coremark', 'csr', 'debug', 'exception', 'interrupt', 'ISA_FP', 'ISA_INT', 'ISA_LS', 'ISA_THEAD', 'MMU']  out=/ic/projects/A513software/jingbo.jiang/OnchipPowerModeling/out/x-opm/cp0_activity
/home/jingbo.jiang/anaconda3/lib/python3.14/site-packages/numpy/lib/_nanfunctions_impl.py:1396: RuntimeWarning: All-NaN slice encountered
  return _nanquantile_unchecked(

===== cache  (n=8,313) =====
  target     spearman  sp.null  pearson  pe.null  bestW
  tv            0.183    0.087    0.542    0.104     32
  maxstep       0.510    0.157    0.758    0.137     32
  range         0.605    0.215    0.830    0.162     64
  level         0.329    0.147    0.789    0.139     32
  SWITCHING headline (max Spearman over ['tv', 'maxstep']): 0.548 [maxstep @W=64]  null95=0.208  honest=0.340  p=0.000  (Pearson_max=0.822, BURST-concentrated)
  LEVEL track: best in-scope |lvl_corr|=0.189 (0 signals >|0.3|, of 273 tested)
  >>> VERDICT: PARTIAL — switching explains some of it, concentrated in high-switching bursts.  And no in-scope signal's LEVEL tracks power either → driver likely OFF-CAMERA/noise: widen scope or check the power estimate.
  wrote /ic/projects/A513software/jingbo.jiang/OnchipPowerModeling/out/x-opm/cp0_activity/corr_toggle_power_cache.png

===== conv_softmax  (n=1,438,221) =====
  target     spearman  sp.null  pearson  pe.null  bestW
  tv            0.441    0.362    0.602    0.513    512
  maxstep       0.413    0.217    0.282    0.143     16
  range         0.425    0.234    0.359    0.190     16
  level         0.563    0.308    0.578    0.346     32
  SWITCHING headline (max Spearman over ['tv', 'maxstep']): 0.509 [maxstep @W=512]  null95=0.465  honest=0.043  p=0.016  (Pearson_max=0.602)
  LEVEL track: best in-scope |lvl_corr|=0.019 (0 signals >|0.3|, of 142 tested)
  >>> VERDICT: switching does NOT track power movement (unweighted-toggle screen is negative).  And no in-scope signal's LEVEL tracks power either → driver likely OFF-CAMERA/noise: widen scope or check the power estimate.
  wrote /ic/projects/A513software/jingbo.jiang/OnchipPowerModeling/out/x-opm/cp0_activity/corr_toggle_power_conv_softmax.png

===== coremark  (n=598,030) =====
  target     spearman  sp.null  pearson  pe.null  bestW
  tv            0.309    0.089    0.337    0.082    512
  maxstep       0.481    0.127    0.014    0.052    512
  range         0.335    0.073    0.190    0.027     16
  level         0.794    0.280    0.816    0.235    512
  SWITCHING headline (max Spearman over ['tv', 'maxstep']): 0.481 [maxstep @W=512]  null95=0.127  honest=0.354  p=0.000  (Pearson_max=0.337)
  LEVEL track: best in-scope |lvl_corr|=0.014 (0 signals >|0.3|, of 145 tested)
  >>> VERDICT: PARTIAL — switching explains some of it.  And no in-scope signal's LEVEL tracks power either → driver likely OFF-CAMERA/noise: widen scope or check the power estimate.
  wrote /ic/projects/A513software/jingbo.jiang/OnchipPowerModeling/out/x-opm/cp0_activity/corr_toggle_power_coremark.png

===== csr  (n=2,736) =====
  target     spearman  sp.null  pearson  pe.null  bestW
  tv            0.118    0.098    0.705    0.088      8
  maxstep       0.500    0.363    0.920    0.218     16
  range         0.481    0.378    0.913    0.233     16
  level         0.205    0.139    0.813    0.117     16
  SWITCHING headline (max Spearman over ['tv', 'maxstep']): 0.500 [maxstep @W=16]  null95=0.363  honest=0.137  p=0.000  (Pearson_max=0.920, BURST-concentrated)
  LEVEL track: best in-scope |lvl_corr|=0.376 (22 signals >|0.3|, of 134 tested)
  >>> VERDICT: switching does NOT track power movement (unweighted-toggle screen is negative).  BUT an in-scope control/STATE signal tracks the power LEVEL (|lvl_corr|=0.376, 22 signals >|0.3|) → LEARNABLE from LEVEL features, not switching. Add them; see Diagnostic A/C.
  wrote /ic/projects/A513software/jingbo.jiang/OnchipPowerModeling/out/x-opm/cp0_activity/corr_toggle_power_csr.png

===== debug  (n=39,228) =====
  target     spearman  sp.null  pearson  pe.null  bestW
  tv            0.278    0.137    0.321    0.185    256
  maxstep       0.533    0.158    0.642    0.154    256
  range         0.609    0.192    0.647    0.160    256
  level         0.570    0.354    0.641    0.386    256
  SWITCHING headline (max Spearman over ['tv', 'maxstep']): 0.533 [maxstep @W=256]  null95=0.196  honest=0.338  p=0.000  (Pearson_max=0.748, BURST-concentrated)
  LEVEL track: best in-scope |lvl_corr|=0.109 (0 signals >|0.3|, of 128 tested)
  >>> VERDICT: PARTIAL — switching explains some of it, concentrated in high-switching bursts.  And no in-scope signal's LEVEL tracks power either → driver likely OFF-CAMERA/noise: widen scope or check the power estimate.
  wrote /ic/projects/A513software/jingbo.jiang/OnchipPowerModeling/out/x-opm/cp0_activity/corr_toggle_power_debug.png

===== exception  (n=12,169) =====
  target     spearman  sp.null  pearson  pe.null  bestW
  tv            0.260    0.126    0.647    0.189     32
  maxstep       0.632    0.211    0.778    0.236     64
  range         0.635    0.206    0.784    0.250     64
  level         0.332    0.112    0.705    0.184     16
  SWITCHING headline (max Spearman over ['tv', 'maxstep']): 0.632 [maxstep @W=64]  null95=0.211  honest=0.421  p=0.000  (Pearson_max=0.778)
  LEVEL track: best in-scope |lvl_corr|=0.255 (0 signals >|0.3|, of 195 tested)
  >>> VERDICT: PARTIAL — switching explains some of it.  And no in-scope signal's LEVEL tracks power either → driver likely OFF-CAMERA/noise: widen scope or check the power estimate.
  wrote /ic/projects/A513software/jingbo.jiang/OnchipPowerModeling/out/x-opm/cp0_activity/corr_toggle_power_exception.png

===== interrupt  (n=3,563) =====
  target     spearman  sp.null  pearson  pe.null  bestW
  tv            0.034    0.032    0.090    0.019      1
  maxstep       0.530    0.271    0.673    0.173     16
  range         0.539    0.284    0.742    0.197     16
  level         0.042    0.057    0.302    0.044      2
  SWITCHING headline (max Spearman over ['tv', 'maxstep']): 0.530 [maxstep @W=16]  null95=0.282  honest=0.249  p=0.000  (Pearson_max=0.673)
  LEVEL track: best in-scope |lvl_corr|=0.141 (0 signals >|0.3|, of 139 tested)
  >>> VERDICT: PARTIAL — switching explains some of it.  And no in-scope signal's LEVEL tracks power either → driver likely OFF-CAMERA/noise: widen scope or check the power estimate.
  wrote /ic/projects/A513software/jingbo.jiang/OnchipPowerModeling/out/x-opm/cp0_activity/corr_toggle_power_interrupt.png

===== ISA_FP  (n=71,076) =====
  target     spearman  sp.null  pearson  pe.null  bestW
  tv            0.266    0.057    0.328    0.072     64
  maxstep       0.807    0.156    0.750    0.143    128
  range         0.852    0.170    0.815    0.157    128
  level         0.799    0.139    0.851    0.142    128
  SWITCHING headline (max Spearman over ['tv', 'maxstep']): 0.807 [maxstep @W=128]  null95=0.270  honest=0.537  p=0.000  (Pearson_max=0.785)
  LEVEL track: best in-scope |lvl_corr|=0.217 (0 signals >|0.3|, of 181 tested)
  >>> VERDICT: LEARNABLE — datapath switching drives power (set model window ≈ 128 cyc).
  wrote /ic/projects/A513software/jingbo.jiang/OnchipPowerModeling/out/x-opm/cp0_activity/corr_toggle_power_ISA_FP.png

===== ISA_INT  (n=30,030) =====
  target     spearman  sp.null  pearson  pe.null  bestW
  tv            0.065    0.032    0.183    0.038     16
  maxstep       0.445    0.111    0.340    0.055     32
  range         0.477    0.121    0.366    0.058     32
  level         0.285    0.093    0.434    0.079     32
  SWITCHING headline (max Spearman over ['tv', 'maxstep']): 0.445 [maxstep @W=32]  null95=0.150  honest=0.295  p=0.000  (Pearson_max=0.489)
  LEVEL track: best in-scope |lvl_corr|=0.160 (0 signals >|0.3|, of 137 tested)
  >>> VERDICT: PARTIAL — switching explains some of it.  And no in-scope signal's LEVEL tracks power either → driver likely OFF-CAMERA/noise: widen scope or check the power estimate.
  wrote /ic/projects/A513software/jingbo.jiang/OnchipPowerModeling/out/x-opm/cp0_activity/corr_toggle_power_ISA_INT.png

===== ISA_LS  (n=83,386) =====
  target     spearman  sp.null  pearson  pe.null  bestW
  tv            0.121    0.042    0.173    0.062     64
  maxstep       0.414    0.060    0.296    0.065     32
  range         0.571    0.085    0.351    0.057    128
  level         0.335    0.067    0.374    0.060     64
  SWITCHING headline (max Spearman over ['tv', 'maxstep']): 0.414 [maxstep @W=32]  null95=0.181  honest=0.232  p=0.000  (Pearson_max=0.317)
  LEVEL track: best in-scope |lvl_corr|=0.054 (0 signals >|0.3|, of 177 tested)
  >>> VERDICT: PARTIAL — switching explains some of it.  And no in-scope signal's LEVEL tracks power either → driver likely OFF-CAMERA/noise: widen scope or check the power estimate.
  wrote /ic/projects/A513software/jingbo.jiang/OnchipPowerModeling/out/x-opm/cp0_activity/corr_toggle_power_ISA_LS.png

===== ISA_THEAD  (n=21,143) =====
  target     spearman  sp.null  pearson  pe.null  bestW
  tv            0.086    0.051    0.075    0.052     64
  maxstep       0.397    0.136    0.219    0.073     16
  range         0.426    0.152    0.253    0.087     16
  level         0.267    0.129    0.247    0.106     32
  SWITCHING headline (max Spearman over ['tv', 'maxstep']): 0.419 [maxstep @W=64]  null95=0.235  honest=0.184  p=0.000  (Pearson_max=0.235)
  LEVEL track: best in-scope |lvl_corr|=0.059 (0 signals >|0.3|, of 137 tested)
  >>> VERDICT: switching does NOT track power movement (unweighted-toggle screen is negative).  And no in-scope signal's LEVEL tracks power either → driver likely OFF-CAMERA/noise: widen scope or check the power estimate.
  wrote /ic/projects/A513software/jingbo.jiang/OnchipPowerModeling/out/x-opm/cp0_activity/corr_toggle_power_ISA_THEAD.png

===== MMU  (n=4,233) =====
  target     spearman  sp.null  pearson  pe.null  bestW
  tv            0.022    0.029    0.077    0.020      1
  maxstep       0.624    0.262    0.688    0.223     32
  range         0.613    0.257    0.758    0.244     32
  level         0.285    0.167    0.592    0.140     16
  SWITCHING headline (max Spearman over ['tv', 'maxstep']): 0.624 [maxstep @W=32]  null95=0.266  honest=0.358  p=0.000  (Pearson_max=0.708)
  LEVEL track: best in-scope |lvl_corr|=0.180 (0 signals >|0.3|, of 150 tested)
  >>> VERDICT: PARTIAL — switching explains some of it.  And no in-scope signal's LEVEL tracks power either → driver likely OFF-CAMERA/noise: widen scope or check the power estimate.
  wrote /ic/projects/A513software/jingbo.jiang/OnchipPowerModeling/out/x-opm/cp0_activity/corr_toggle_power_MMU.png

wrote /ic/projects/A513software/jingbo.jiang/OnchipPowerModeling/out/x-opm/cp0_activity/corr_toggle_power.json and .csv
--- plot_relevance ---
module=cp0  cases=['cache', 'conv_softmax', 'coremark', 'csr', 'debug', 'exception', 'interrupt', 'ISA_FP', 'ISA_INT', 'ISA_LS', 'ISA_THEAD', 'MMU']  out=/ic/projects/A513software/jingbo.jiang/OnchipPowerModeling/out/x-opm/cp0_activity
cache: 0 rare(edge_rate<1e-3)+relevant(|corr|>0.3) signals -> /ic/projects/A513software/jingbo.jiang/OnchipPowerModeling/out/x-opm/cp0_activity/relevance_cache.png
cache: covered=65 unexplained=78 (54.5%) -> /ic/projects/A513software/jingbo.jiang/OnchipPowerModeling/out/x-opm/cp0_activity/coverage_cache.png
conv_softmax: 0 rare(edge_rate<1e-3)+relevant(|corr|>0.3) signals -> /ic/projects/A513software/jingbo.jiang/OnchipPowerModeling/out/x-opm/cp0_activity/relevance_conv_softmax.png
conv_softmax: covered=11606 unexplained=2789 (19.4%) -> /ic/projects/A513software/jingbo.jiang/OnchipPowerModeling/out/x-opm/cp0_activity/coverage_conv_softmax.png
coremark: 0 rare(edge_rate<1e-3)+relevant(|corr|>0.3) signals -> /ic/projects/A513software/jingbo.jiang/OnchipPowerModeling/out/x-opm/cp0_activity/relevance_coremark.png
coremark: covered=1944 unexplained=4037 (67.5%) -> /ic/projects/A513software/jingbo.jiang/OnchipPowerModeling/out/x-opm/cp0_activity/coverage_coremark.png
csr: 0 rare(edge_rate<1e-3)+relevant(|corr|>0.3) signals -> /ic/projects/A513software/jingbo.jiang/OnchipPowerModeling/out/x-opm/cp0_activity/relevance_csr.png
csr: covered=27 unexplained=1 (3.6%) -> /ic/projects/A513software/jingbo.jiang/OnchipPowerModeling/out/x-opm/cp0_activity/coverage_csr.png
debug: 0 rare(edge_rate<1e-3)+relevant(|corr|>0.3) signals -> /ic/projects/A513software/jingbo.jiang/OnchipPowerModeling/out/x-opm/cp0_activity/relevance_debug.png
debug: covered=96 unexplained=466 (82.9%) -> /ic/projects/A513software/jingbo.jiang/OnchipPowerModeling/out/x-opm/cp0_activity/coverage_debug.png
exception: 0 rare(edge_rate<1e-3)+relevant(|corr|>0.3) signals -> /ic/projects/A513software/jingbo.jiang/OnchipPowerModeling/out/x-opm/cp0_activity/relevance_exception.png
exception: covered=119 unexplained=3 (2.5%) -> /ic/projects/A513software/jingbo.jiang/OnchipPowerModeling/out/x-opm/cp0_activity/coverage_exception.png
interrupt: 0 rare(edge_rate<1e-3)+relevant(|corr|>0.3) signals -> /ic/projects/A513software/jingbo.jiang/OnchipPowerModeling/out/x-opm/cp0_activity/relevance_interrupt.png
interrupt: covered=33 unexplained=3 (8.3%) -> /ic/projects/A513software/jingbo.jiang/OnchipPowerModeling/out/x-opm/cp0_activity/coverage_interrupt.png
ISA_FP: 0 rare(edge_rate<1e-3)+relevant(|corr|>0.3) signals -> /ic/projects/A513software/jingbo.jiang/OnchipPowerModeling/out/x-opm/cp0_activity/relevance_ISA_FP.png
ISA_FP: covered=690 unexplained=21 (3.0%) -> /ic/projects/A513software/jingbo.jiang/OnchipPowerModeling/out/x-opm/cp0_activity/coverage_ISA_FP.png
ISA_INT: 0 rare(edge_rate<1e-3)+relevant(|corr|>0.3) signals -> /ic/projects/A513software/jingbo.jiang/OnchipPowerModeling/out/x-opm/cp0_activity/relevance_ISA_INT.png
ISA_INT: covered=210 unexplained=124 (37.1%) -> /ic/projects/A513software/jingbo.jiang/OnchipPowerModeling/out/x-opm/cp0_activity/coverage_ISA_INT.png
ISA_LS: 0 rare(edge_rate<1e-3)+relevant(|corr|>0.3) signals -> /ic/projects/A513software/jingbo.jiang/OnchipPowerModeling/out/x-opm/cp0_activity/relevance_ISA_LS.png
ISA_LS: covered=460 unexplained=586 (56.0%) -> /ic/projects/A513software/jingbo.jiang/OnchipPowerModeling/out/x-opm/cp0_activity/coverage_ISA_LS.png
ISA_THEAD: 0 rare(edge_rate<1e-3)+relevant(|corr|>0.3) signals -> /ic/projects/A513software/jingbo.jiang/OnchipPowerModeling/out/x-opm/cp0_activity/relevance_ISA_THEAD.png
ISA_THEAD: covered=140 unexplained=376 (72.9%) -> /ic/projects/A513software/jingbo.jiang/OnchipPowerModeling/out/x-opm/cp0_activity/coverage_ISA_THEAD.png
MMU: 0 rare(edge_rate<1e-3)+relevant(|corr|>0.3) signals -> /ic/projects/A513software/jingbo.jiang/OnchipPowerModeling/out/x-opm/cp0_activity/relevance_MMU.png
MMU: covered=40 unexplained=3 (7.0%) -> /ic/projects/A513software/jingbo.jiang/OnchipPowerModeling/out/x-opm/cp0_activity/coverage_MMU.png

==== rare-but-relevant control/state signals (n_edges>=10, sorted by |lvl_corr|) ====

-- cache (rare: edge_rate<1e-3) --
Empty DataFrame
Columns: [signal, n_edges, edge_rate, impact_mW, lift, lvl_corr]
Index: []

-- conv_softmax (rare: edge_rate<1e-3) --
                                                           signal  n_edges  edge_rate  impact_mW     lift  lvl_corr
                                     x_aq_cp0_top/ifu_yy_xx_no_op      435   0.000302   0.366773 0.983710  0.011465
      x_aq_cp0_top/x_aq_cp0_special/x_aq_cp0_lpmd/ifu_yy_xx_no_op      435   0.000302   0.366773 0.983710  0.011465
                    x_aq_cp0_top/x_aq_cp0_special/ifu_yy_xx_no_op      435   0.000302   0.366773 0.983710  0.011465
x_aq_cp0_top/x_aq_cp0_regs/x_aq_cp0_trap_csr/edeleg_upd_val[15:0]       18   0.000013   0.724282 1.942573  0.005464
                    x_aq_cp0_top/x_aq_cp0_iui/iui_csrrs_rs1[63:0]       18   0.000013   0.724282 1.942573  0.004567
                                x_aq_cp0_top/cp0_hpcp_wdata[63:0]       18   0.000013   0.724282 1.942573  0.004567

-- coremark (rare: edge_rate<1e-3) --
                                                           signal  n_edges  edge_rate  impact_mW     lift  lvl_corr
                                     x_aq_cp0_top/ifu_yy_xx_no_op      501   0.000838   0.370795 0.997110  0.014128
                    x_aq_cp0_top/x_aq_cp0_special/ifu_yy_xx_no_op      501   0.000838   0.370795 0.997110  0.014128
      x_aq_cp0_top/x_aq_cp0_special/x_aq_cp0_lpmd/ifu_yy_xx_no_op      501   0.000838   0.370795 0.997110  0.014128
x_aq_cp0_top/x_aq_cp0_regs/x_aq_cp0_trap_csr/edeleg_upd_val[15:0]       20   0.000033   0.767363 2.063528  0.011246
                  x_aq_cp0_top/x_aq_cp0_iui/iui_ex1_expt_pc[39:0]       20   0.000033   0.767363 2.063528  0.008618
                       x_aq_cp0_top/x_aq_cp0_iui/iui_ex1_pc[39:0]       20   0.000033   0.767363 2.063528  0.008618

-- csr (rare: edge_rate<1e-3) --
Empty DataFrame
Columns: [signal, n_edges, edge_rate, impact_mW, lift, lvl_corr]
Index: []

-- debug (rare: edge_rate<1e-3) --
                                                                         signal  n_edges  edge_rate  impact_mW     lift  lvl_corr
                                x_aq_cp0_top/x_aq_cp0_iui/iui_inst_dst_idx[5:0]       22   0.000561   0.703304 1.908941  0.077718
                             x_aq_cp0_top/x_aq_cp0_iui/cp0_rtu_ex1_wb_preg[5:0]       22   0.000561   0.703304 1.908941  0.077718
                                          x_aq_cp0_top/cp0_rtu_ex1_wb_preg[5:0]       22   0.000561   0.703304 1.908941  0.077718
                     x_aq_cp0_top/x_aq_cp0_special/iui_special_vsetvl_rs2[11:0]       20   0.000510   0.958956 2.602843  0.072745
x_aq_cp0_top/x_aq_cp0_special/x_aq_cp0_vector_inst/iui_special_vsetvl_rs2[11:0]       20   0.000510   0.958956 2.602843  0.072745
                                 x_aq_cp0_top/x_aq_cp0_iui/iui_vsetvl_rs2[11:0]       20   0.000510   0.958956 2.602843  0.072745

-- exception (rare: edge_rate<1e-3) --
                                                   signal  n_edges  edge_rate  impact_mW     lift  lvl_corr
                            x_aq_cp0_top/regs_iui_pm[1:0]       12   0.000986   0.666351 1.768856  0.016822
                       x_aq_cp0_top/cp0_yy_priv_mode[1:0]       12   0.000986   0.666351 1.768856  0.016822
               x_aq_cp0_top/x_aq_cp0_iui/regs_iui_pm[1:0]       12   0.000986   0.666351 1.768856  0.016822
x_aq_cp0_top/x_aq_cp0_regs/x_aq_cp0_trap_csr/regs_pm[1:0]       12   0.000986   0.666351 1.768856  0.016822
 x_aq_cp0_top/x_aq_cp0_regs/x_aq_cp0_ext_csr/regs_pm[1:0]       12   0.000986   0.666351 1.768856  0.016822
     x_aq_cp0_top/x_aq_cp0_regs/x_aq_cp0_trap_csr/pm[1:0]       12   0.000986   0.666351 1.768856  0.016822

-- interrupt (rare: edge_rate<1e-3) --
Empty DataFrame
Columns: [signal, n_edges, edge_rate, impact_mW, lift, lvl_corr]
Index: []

-- ISA_FP (rare: edge_rate<1e-3) --
                                                             signal  n_edges  edge_rate  impact_mW     lift  lvl_corr
                                     x_aq_cp0_top/lsu_cp0_fence_ack       25   0.000352   0.305217 0.817306  0.006502
                                      x_aq_cp0_top/lsu_cp0_sync_ack       25   0.000352   0.305217 0.817306  0.006502
x_aq_cp0_top/x_aq_cp0_special/x_aq_cp0_fence_inst/lsu_cp0_fence_ack       25   0.000352   0.305217 0.817306  0.006502
       x_aq_cp0_top/x_aq_cp0_special/x_aq_cp0_lpmd/lsu_cp0_sync_ack       25   0.000352   0.305217 0.817306  0.006502
                    x_aq_cp0_top/x_aq_cp0_special/lsu_cp0_fence_ack       25   0.000352   0.305217 0.817306  0.006502
 x_aq_cp0_top/x_aq_cp0_special/x_aq_cp0_fence_inst/lsu_cp0_sync_ack       25   0.000352   0.305217 0.817306  0.006502

-- ISA_INT (rare: edge_rate<1e-3) --
                                                                         signal  n_edges  edge_rate  impact_mW     lift  lvl_corr
                                 x_aq_cp0_top/x_aq_cp0_iui/iui_vsetvl_rs2[11:0]       26   0.000866   1.219017 3.283174  0.147915
                         x_aq_cp0_top/x_aq_cp0_iui/iui_special_vsetvl_rs2[11:0]       26   0.000866   1.219017 3.283174  0.147915
                                      x_aq_cp0_top/iui_special_vsetvl_rs2[11:0]       26   0.000866   1.219017 3.283174  0.147915
x_aq_cp0_top/x_aq_cp0_special/x_aq_cp0_vector_inst/iui_special_vsetvl_rs2[11:0]       26   0.000866   1.219017 3.283174  0.147915
                     x_aq_cp0_top/x_aq_cp0_special/iui_special_vsetvl_rs2[11:0]       26   0.000866   1.219017 3.283174  0.147915
                                              x_aq_cp0_top/cp0_mmu_tlb_va[26:0]       18   0.000599   1.379109 3.714352  0.144692

-- ISA_LS (rare: edge_rate<1e-3) --
                                                                         signal  n_edges  edge_rate  impact_mW     lift  lvl_corr
                         x_aq_cp0_top/x_aq_cp0_iui/iui_special_vsetvl_rs2[11:0]       28   0.000336   0.663191 1.795551  0.021102
                                      x_aq_cp0_top/iui_special_vsetvl_rs2[11:0]       28   0.000336   0.663191 1.795551  0.021102
                     x_aq_cp0_top/x_aq_cp0_special/iui_special_vsetvl_rs2[11:0]       28   0.000336   0.663191 1.795551  0.021102
x_aq_cp0_top/x_aq_cp0_special/x_aq_cp0_vector_inst/iui_special_vsetvl_rs2[11:0]       28   0.000336   0.663191 1.795551  0.021102
                                 x_aq_cp0_top/x_aq_cp0_iui/iui_vsetvl_rs2[11:0]       28   0.000336   0.663191 1.795551  0.021102
                                              x_aq_cp0_top/cp0_mmu_tlb_va[26:0]       24   0.000288   0.746511 2.021136  0.017418

-- ISA_THEAD (rare: edge_rate<1e-3) --
                                                                       signal  n_edges  edge_rate  impact_mW     lift  lvl_corr
            x_aq_cp0_top/x_aq_cp0_regs/x_aq_cp0_trap_csr/edeleg_upd_val[15:0]       18   0.000851   0.793716 2.139173  0.058689
                  x_aq_cp0_top/x_aq_cp0_special/cp0_ifu_icache_inv_addr[63:0]       18   0.000851   0.793716 2.139173  0.047449
                                   x_aq_cp0_top/cp0_ifu_icache_inv_addr[63:0]       18   0.000851   0.793716 2.139173  0.047449
x_aq_cp0_top/x_aq_cp0_special/x_aq_cp0_rst_ctrl/cp0_ifu_icache_inv_addr[63:0]       18   0.000851   0.793716 2.139173  0.047449
                              x_aq_cp0_top/x_aq_cp0_iui/iui_special_rs1[63:0]       18   0.000851   0.793716 2.139173  0.047449
                                          x_aq_cp0_top/cp0_lsu_icc_addr[63:0]       18   0.000851   0.793716 2.139173  0.047449

-- MMU (rare: edge_rate<1e-3) --
Empty DataFrame
Columns: [signal, n_edges, edge_rate, impact_mW, lift, lvl_corr]
Index: []
===== module cp0 DONE  Sun Aug 16 12:00:19 PM +08 2026 =====
