===== module iu  Sun Aug 16 11:45:01 AM +08 2026 =====
--- compute_series ---
module=iu  cases=['cache', 'conv_softmax', 'coremark', 'csr', 'debug', 'exception', 'interrupt', 'ISA_FP', 'ISA_INT', 'ISA_LS', 'ISA_THEAD', 'MMU']  out=/ic/projects/A513software/jingbo.jiang/OnchipPowerModeling/out/x-opm/iu_activity
computed csr 2736
computed cache 8313
computed exception 12169
computed interrupt 3563
computed debug 39228
computed ISA_INT 30030
computed ISA_FP 71076
computed ISA_THEAD 21143
computed MMU 4233
computed ISA_LS 83386
computed coremark 598030
computed conv_softmax 1438221
plotted cache ->  /ic/projects/A513software/jingbo.jiang/OnchipPowerModeling/out/x-opm/iu_activity/vpu_wave_cache.png corr 0.226
plotted conv_softmax ->  /ic/projects/A513software/jingbo.jiang/OnchipPowerModeling/out/x-opm/iu_activity/vpu_wave_conv_softmax.png corr 0.466
plotted coremark ->  /ic/projects/A513software/jingbo.jiang/OnchipPowerModeling/out/x-opm/iu_activity/vpu_wave_coremark.png corr 0.376
plotted csr ->  /ic/projects/A513software/jingbo.jiang/OnchipPowerModeling/out/x-opm/iu_activity/vpu_wave_csr.png corr 0.248
plotted debug ->  /ic/projects/A513software/jingbo.jiang/OnchipPowerModeling/out/x-opm/iu_activity/vpu_wave_debug.png corr 0.258
plotted exception ->  /ic/projects/A513software/jingbo.jiang/OnchipPowerModeling/out/x-opm/iu_activity/vpu_wave_exception.png corr 0.474
plotted interrupt ->  /ic/projects/A513software/jingbo.jiang/OnchipPowerModeling/out/x-opm/iu_activity/vpu_wave_interrupt.png corr 0.381
plotted ISA_FP ->  /ic/projects/A513software/jingbo.jiang/OnchipPowerModeling/out/x-opm/iu_activity/vpu_wave_ISA_FP.png corr 0.645
plotted ISA_INT ->  /ic/projects/A513software/jingbo.jiang/OnchipPowerModeling/out/x-opm/iu_activity/vpu_wave_ISA_INT.png corr 0.643
plotted ISA_LS ->  /ic/projects/A513software/jingbo.jiang/OnchipPowerModeling/out/x-opm/iu_activity/vpu_wave_ISA_LS.png corr 0.702
plotted ISA_THEAD ->  /ic/projects/A513software/jingbo.jiang/OnchipPowerModeling/out/x-opm/iu_activity/vpu_wave_ISA_THEAD.png corr 0.678
plotted MMU ->  /ic/projects/A513software/jingbo.jiang/OnchipPowerModeling/out/x-opm/iu_activity/vpu_wave_MMU.png corr 0.373
--- compute_signal_stats ---
module=iu  cases=['cache', 'conv_softmax', 'coremark', 'csr', 'debug', 'exception', 'interrupt', 'ISA_FP', 'ISA_INT', 'ISA_LS', 'ISA_THEAD', 'MMU']  out=/ic/projects/A513software/jingbo.jiang/OnchipPowerModeling/out/x-opm/iu_activity
done csr
done cache
done exception
done debug
done interrupt
done ISA_INT
done ISA_FP
done ISA_THEAD
done MMU
done ISA_LS
done coremark
done conv_softmax
[
  {
    "case": "csr",
    "n_cycles": 2736,
    "n_signals": 898,
    "n_constant_signals": 636,
    "big_step_thr_mW": 0.9222,
    "n_big_steps": 28,
    "coverage_by_informative_edge(er<0.5)": 0.857,
    "coverage_by_any_nonclock_edge": 0.857,
    "mean_abs_dP_mW": 0.2998
  },
  {
    "case": "cache",
    "n_cycles": 8313,
    "n_signals": 898,
    "n_constant_signals": 634,
    "big_step_thr_mW": 0.6634,
    "n_big_steps": 84,
    "coverage_by_informative_edge(er<0.5)": 0.893,
    "coverage_by_any_nonclock_edge": 0.893,
    "mean_abs_dP_mW": 0.2899
  },
  {
    "case": "exception",
    "n_cycles": 12169,
    "n_signals": 898,
    "n_constant_signals": 576,
    "big_step_thr_mW": 1.1104,
    "n_big_steps": 122,
    "coverage_by_informative_edge(er<0.5)": 0.975,
    "coverage_by_any_nonclock_edge": 0.975,
    "mean_abs_dP_mW": 0.3078
  },
  {
    "case": "debug",
    "n_cycles": 39228,
    "n_signals": 898,
    "n_constant_signals": 602,
    "big_step_thr_mW": 0.8815,
    "n_big_steps": 409,
    "coverage_by_informative_edge(er<0.5)": 0.99,
    "coverage_by_any_nonclock_edge": 0.99,
    "mean_abs_dP_mW": 0.2947
  },
  {
    "case": "interrupt",
    "n_cycles": 3563,
    "n_signals": 898,
    "n_constant_signals": 613,
    "big_step_thr_mW": 0.9679,
    "n_big_steps": 36,
    "coverage_by_informative_edge(er<0.5)": 0.889,
    "coverage_by_any_nonclock_edge": 0.889,
    "mean_abs_dP_mW": 0.3001
  },
  {
    "case": "ISA_INT",
    "n_cycles": 30030,
    "n_signals": 898,
    "n_constant_signals": 254,
    "big_step_thr_mW": 1.9188,
    "n_big_steps": 301,
    "coverage_by_informative_edge(er<0.5)": 0.99,
    "coverage_by_any_nonclock_edge": 0.99,
    "mean_abs_dP_mW": 0.3773
  },
  {
    "case": "ISA_FP",
    "n_cycles": 71076,
    "n_signals": 898,
    "n_constant_signals": 562,
    "big_step_thr_mW": 1.6932,
    "n_big_steps": 711,
    "coverage_by_informative_edge(er<0.5)": 0.997,
    "coverage_by_any_nonclock_edge": 0.997,
    "mean_abs_dP_mW": 0.3548
  },
  {
    "case": "ISA_THEAD",
    "n_cycles": 21143,
    "n_signals": 898,
    "n_constant_signals": 332,
    "big_step_thr_mW": 1.7656,
    "n_big_steps": 212,
    "coverage_by_informative_edge(er<0.5)": 0.991,
    "coverage_by_any_nonclock_edge": 0.991,
    "mean_abs_dP_mW": 0.3508
  },
  {
    "case": "MMU",
    "n_cycles": 4233,
    "n_signals": 898,
    "n_constant_signals": 596,
    "big_step_thr_mW": 0.9794,
    "n_big_steps": 43,
    "coverage_by_informative_edge(er<0.5)": 0.907,
    "coverage_by_any_nonclock_edge": 0.907,
    "mean_abs_dP_mW": 0.2996
  },
  {
    "case": "ISA_LS",
    "n_cycles": 83386,
    "n_signals": 898,
    "n_constant_signals": 590,
    "big_step_thr_mW": 1.3076,
    "n_big_steps": 835,
    "coverage_by_informative_edge(er<0.5)": 0.996,
    "coverage_by_any_nonclock_edge": 0.996,
    "mean_abs_dP_mW": 0.3187
  },
  {
    "case": "coremark",
    "n_cycles": 598030,
    "n_signals": 898,
    "n_constant_signals": 267,
    "big_step_thr_mW": 2.3757,
    "n_big_steps": 5981,
    "coverage_by_informative_edge(er<0.5)": 0.998,
    "coverage_by_any_nonclock_edge": 1.0,
    "mean_abs_dP_mW": 0.6921
  },
  {
    "case": "conv_softmax",
    "n_cycles": 1438221,
    "n_signals": 898,
    "n_constant_signals": 317,
    "big_step_thr_mW": 1.949,
    "n_big_steps": 14443,
    "coverage_by_informative_edge(er<0.5)": 0.999,
    "coverage_by_any_nonclock_edge": 0.999,
    "mean_abs_dP_mW": 0.4803
  }
]
--- correlate_toggle_power ---
module=iu  cases=['cache', 'conv_softmax', 'coremark', 'csr', 'debug', 'exception', 'interrupt', 'ISA_FP', 'ISA_INT', 'ISA_LS', 'ISA_THEAD', 'MMU']  out=/ic/projects/A513software/jingbo.jiang/OnchipPowerModeling/out/x-opm/iu_activity
/home/jingbo.jiang/anaconda3/lib/python3.14/site-packages/numpy/lib/_nanfunctions_impl.py:1396: RuntimeWarning: All-NaN slice encountered
  return _nanquantile_unchecked(

===== cache  (n=8,313) =====
  target     spearman  sp.null  pearson  pe.null  bestW
  tv            0.299    0.130    0.572    0.096     32
  maxstep       0.572    0.218    0.633    0.159     64
  range         0.684    0.241    0.577    0.157     64
  level         0.624    0.172    0.671    0.132     64
  SWITCHING headline (max Spearman over ['tv', 'maxstep']): 0.572 [maxstep @W=64]  null95=0.221  honest=0.352  p=0.000  (Pearson_max=0.633)
  LEVEL track: best in-scope |lvl_corr|=0.234 (0 signals >|0.3|, of 138 tested)
  >>> VERDICT: PARTIAL — switching explains some of it.  And no in-scope signal's LEVEL tracks power either → driver likely OFF-CAMERA/noise: widen scope or check the power estimate.
  wrote /ic/projects/A513software/jingbo.jiang/OnchipPowerModeling/out/x-opm/iu_activity/corr_toggle_power_cache.png

===== conv_softmax  (n=1,438,221) =====
  target     spearman  sp.null  pearson  pe.null  bestW
  tv            0.804    0.289    0.729    0.270     16
  maxstep       0.823    0.301    0.811    0.280     16
  range         0.833    0.264    0.799    0.229      8
  level         0.760    0.229    0.661    0.230      4
  SWITCHING headline (max Spearman over ['tv', 'maxstep']): 0.823 [maxstep @W=16]  null95=0.424  honest=0.399  p=0.000  (Pearson_max=0.811)
  LEVEL track: best in-scope |lvl_corr|=0.533 (50 signals >|0.3|, of 370 tested)
  >>> VERDICT: PARTIAL — switching explains some of it.  BUT an in-scope control/STATE signal tracks the power LEVEL (|lvl_corr|=0.533, 50 signals >|0.3|) → LEARNABLE from LEVEL features, not switching. Add them; see Diagnostic A/C.
  wrote /ic/projects/A513software/jingbo.jiang/OnchipPowerModeling/out/x-opm/iu_activity/corr_toggle_power_conv_softmax.png

===== coremark  (n=598,030) =====
  target     spearman  sp.null  pearson  pe.null  bestW
  tv            0.368    0.114    0.396    0.131      4
  maxstep       0.488    0.134    0.516    0.149      8
  range         0.567    0.134    0.590    0.145      8
  level         0.458    0.197    0.462    0.241      4
  SWITCHING headline (max Spearman over ['tv', 'maxstep']): 0.543 [maxstep @W=64]  null95=0.374  honest=0.169  p=0.000  (Pearson_max=0.644)
  LEVEL track: best in-scope |lvl_corr|=0.343 (4 signals >|0.3|, of 516 tested)
  >>> VERDICT: switching does NOT track power movement (unweighted-toggle screen is negative).  BUT an in-scope control/STATE signal tracks the power LEVEL (|lvl_corr|=0.343, 4 signals >|0.3|) → LEARNABLE from LEVEL features, not switching. Add them; see Diagnostic A/C.
  wrote /ic/projects/A513software/jingbo.jiang/OnchipPowerModeling/out/x-opm/iu_activity/corr_toggle_power_coremark.png

===== csr  (n=2,736) =====
  target     spearman  sp.null  pearson  pe.null  bestW
  tv            0.290    0.134    0.413    0.140      8
  maxstep       0.623    0.384    0.432    0.284     16
  range         0.649    0.387    0.303    0.242     16
  level         0.610    0.230    0.399    0.148     16
  SWITCHING headline (max Spearman over ['tv', 'maxstep']): 0.623 [maxstep @W=16]  null95=0.384  honest=0.239  p=0.000  (Pearson_max=0.479)
  LEVEL track: best in-scope |lvl_corr|=0.231 (0 signals >|0.3|, of 147 tested)
  >>> VERDICT: PARTIAL — switching explains some of it.  And no in-scope signal's LEVEL tracks power either → driver likely OFF-CAMERA/noise: widen scope or check the power estimate.
  wrote /ic/projects/A513software/jingbo.jiang/OnchipPowerModeling/out/x-opm/iu_activity/corr_toggle_power_csr.png

===== debug  (n=39,228) =====
  target     spearman  sp.null  pearson  pe.null  bestW
  tv            0.624    0.286    0.966    0.580    256
  maxstep       0.727    0.251    0.609    0.308    256
  range         0.799    0.246    0.596    0.268    256
  level         0.707    0.316    0.987    0.609    256
  SWITCHING headline (max Spearman over ['tv', 'maxstep']): 0.727 [maxstep @W=256]  null95=0.337  honest=0.391  p=0.000  (Pearson_max=0.966, BURST-concentrated)
  LEVEL track: best in-scope |lvl_corr|=0.461 (6 signals >|0.3|, of 126 tested)
  >>> VERDICT: PARTIAL — switching explains some of it, concentrated in high-switching bursts.  BUT an in-scope control/STATE signal tracks the power LEVEL (|lvl_corr|=0.461, 6 signals >|0.3|) → LEARNABLE from LEVEL features, not switching. Add them; see Diagnostic A/C.
  wrote /ic/projects/A513software/jingbo.jiang/OnchipPowerModeling/out/x-opm/iu_activity/corr_toggle_power_debug.png

===== exception  (n=12,169) =====
  target     spearman  sp.null  pearson  pe.null  bestW
  tv            0.670    0.193    0.876    0.228     64
  maxstep       0.781    0.198    0.821    0.204     64
  range         0.825    0.202    0.811    0.217     64
  level         0.733    0.199    0.917    0.257     64
  SWITCHING headline (max Spearman over ['tv', 'maxstep']): 0.781 [maxstep @W=64]  null95=0.228  honest=0.553  p=0.000  (Pearson_max=0.876)
  LEVEL track: best in-scope |lvl_corr|=0.462 (22 signals >|0.3|, of 188 tested)
  >>> VERDICT: LEARNABLE — datapath switching drives power (set model window ≈ 64 cyc).
  wrote /ic/projects/A513software/jingbo.jiang/OnchipPowerModeling/out/x-opm/iu_activity/corr_toggle_power_exception.png

===== interrupt  (n=3,563) =====
  target     spearman  sp.null  pearson  pe.null  bestW
  tv            0.448    0.186    0.557    0.117     16
  maxstep       0.658    0.361    0.658    0.156     16
  range         0.664    0.370    0.528    0.144     16
  level         0.627    0.189    0.638    0.119     16
  SWITCHING headline (max Spearman over ['tv', 'maxstep']): 0.658 [maxstep @W=16]  null95=0.361  honest=0.297  p=0.000  (Pearson_max=0.658)
  LEVEL track: best in-scope |lvl_corr|=0.297 (0 signals >|0.3|, of 168 tested)
  >>> VERDICT: PARTIAL — switching explains some of it.  And no in-scope signal's LEVEL tracks power either → driver likely OFF-CAMERA/noise: widen scope or check the power estimate.
  wrote /ic/projects/A513software/jingbo.jiang/OnchipPowerModeling/out/x-opm/iu_activity/corr_toggle_power_interrupt.png

===== ISA_FP  (n=71,076) =====
  target     spearman  sp.null  pearson  pe.null  bestW
  tv            0.935    0.155    0.946    0.153    128
  maxstep       0.865    0.131    0.862    0.135     64
  range         0.867    0.121    0.866    0.132     64
  level         0.965    0.165    0.980    0.165    128
  SWITCHING headline (max Spearman over ['tv', 'maxstep']): 0.935 [tv @W=128]  null95=0.232  honest=0.703  p=0.000  (Pearson_max=0.952)
  LEVEL track: best in-scope |lvl_corr|=0.655 (63 signals >|0.3|, of 204 tested)
  >>> VERDICT: LEARNABLE — datapath switching drives power (set model window ≈ 128 cyc).
  wrote /ic/projects/A513software/jingbo.jiang/OnchipPowerModeling/out/x-opm/iu_activity/corr_toggle_power_ISA_FP.png

===== ISA_INT  (n=30,030) =====
  target     spearman  sp.null  pearson  pe.null  bestW
  tv            0.787    0.273    0.766    0.219     64
  maxstep       0.716    0.151    0.773    0.142     16
  range         0.720    0.154    0.819    0.154     16
  level         0.736    0.182    0.827    0.149     32
  SWITCHING headline (max Spearman over ['tv', 'maxstep']): 0.853 [maxstep @W=128]  null95=0.403  honest=0.450  p=0.000  (Pearson_max=0.803)
  LEVEL track: best in-scope |lvl_corr|=0.619 (48 signals >|0.3|, of 496 tested)
  >>> VERDICT: PARTIAL — switching explains some of it.  BUT an in-scope control/STATE signal tracks the power LEVEL (|lvl_corr|=0.619, 48 signals >|0.3|) → LEARNABLE from LEVEL features, not switching. Add them; see Diagnostic A/C.
  wrote /ic/projects/A513software/jingbo.jiang/OnchipPowerModeling/out/x-opm/iu_activity/corr_toggle_power_ISA_INT.png

===== ISA_LS  (n=83,386) =====
  target     spearman  sp.null  pearson  pe.null  bestW
  tv            0.880    0.130    0.951    0.113    128
  maxstep       0.857    0.136    0.743    0.120    128
  range         0.922    0.130    0.847    0.115    128
  level         0.955    0.135    0.991    0.114    128
  SWITCHING headline (max Spearman over ['tv', 'maxstep']): 0.902 [tv @W=256]  null95=0.198  honest=0.704  p=0.000  (Pearson_max=0.959)
  LEVEL track: best in-scope |lvl_corr|=0.720 (51 signals >|0.3|, of 190 tested)
  >>> VERDICT: LEARNABLE — datapath switching drives power (set model window ≈ 256 cyc).
  wrote /ic/projects/A513software/jingbo.jiang/OnchipPowerModeling/out/x-opm/iu_activity/corr_toggle_power_ISA_LS.png

===== ISA_THEAD  (n=21,143) =====
  target     spearman  sp.null  pearson  pe.null  bestW
  tv            0.734    0.291    0.945    0.309     32
  maxstep       0.712    0.222    0.867    0.227     16
  range         0.714    0.223    0.885    0.243     16
  level         0.713    0.246    0.954    0.230     16
  SWITCHING headline (max Spearman over ['tv', 'maxstep']): 0.905 [tv @W=128]  null95=0.626  honest=0.279  p=0.000  (Pearson_max=0.949)
  LEVEL track: best in-scope |lvl_corr|=0.588 (55 signals >|0.3|, of 441 tested)
  >>> VERDICT: PARTIAL — switching explains some of it.  BUT an in-scope control/STATE signal tracks the power LEVEL (|lvl_corr|=0.588, 55 signals >|0.3|) → LEARNABLE from LEVEL features, not switching. Add them; see Diagnostic A/C.
  wrote /ic/projects/A513software/jingbo.jiang/OnchipPowerModeling/out/x-opm/iu_activity/corr_toggle_power_ISA_THEAD.png

===== MMU  (n=4,233) =====
  target     spearman  sp.null  pearson  pe.null  bestW
  tv            0.560    0.195    0.647    0.224     32
  maxstep       0.727    0.245    0.677    0.250     32
  range         0.742    0.270    0.599    0.254     32
  level         0.678    0.188    0.705    0.150     16
  SWITCHING headline (max Spearman over ['tv', 'maxstep']): 0.727 [maxstep @W=32]  null95=0.256  honest=0.471  p=0.000  (Pearson_max=0.677)
  LEVEL track: best in-scope |lvl_corr|=0.350 (9 signals >|0.3|, of 176 tested)
  >>> VERDICT: PARTIAL — switching explains some of it.  BUT an in-scope control/STATE signal tracks the power LEVEL (|lvl_corr|=0.35, 9 signals >|0.3|) → LEARNABLE from LEVEL features, not switching. Add them; see Diagnostic A/C.
  wrote /ic/projects/A513software/jingbo.jiang/OnchipPowerModeling/out/x-opm/iu_activity/corr_toggle_power_MMU.png

wrote /ic/projects/A513software/jingbo.jiang/OnchipPowerModeling/out/x-opm/iu_activity/corr_toggle_power.json and .csv
--- plot_relevance ---
module=iu  cases=['cache', 'conv_softmax', 'coremark', 'csr', 'debug', 'exception', 'interrupt', 'ISA_FP', 'ISA_INT', 'ISA_LS', 'ISA_THEAD', 'MMU']  out=/ic/projects/A513software/jingbo.jiang/OnchipPowerModeling/out/x-opm/iu_activity
cache: 17 rare(edge_rate<1e-3)+relevant(|corr|>0.3) signals -> /ic/projects/A513software/jingbo.jiang/OnchipPowerModeling/out/x-opm/iu_activity/relevance_cache.png
cache: covered=75 unexplained=9 (10.7%) -> /ic/projects/A513software/jingbo.jiang/OnchipPowerModeling/out/x-opm/iu_activity/coverage_cache.png
conv_softmax: 69 rare(edge_rate<1e-3)+relevant(|corr|>0.3) signals -> /ic/projects/A513software/jingbo.jiang/OnchipPowerModeling/out/x-opm/iu_activity/relevance_conv_softmax.png
conv_softmax: covered=14431 unexplained=12 (0.1%) -> /ic/projects/A513software/jingbo.jiang/OnchipPowerModeling/out/x-opm/iu_activity/coverage_conv_softmax.png
coremark: 0 rare(edge_rate<1e-3)+relevant(|corr|>0.3) signals -> /ic/projects/A513software/jingbo.jiang/OnchipPowerModeling/out/x-opm/iu_activity/relevance_coremark.png
coremark: covered=5972 unexplained=9 (0.2%) -> /ic/projects/A513software/jingbo.jiang/OnchipPowerModeling/out/x-opm/iu_activity/coverage_coremark.png
csr: 17 rare(edge_rate<1e-3)+relevant(|corr|>0.3) signals -> /ic/projects/A513software/jingbo.jiang/OnchipPowerModeling/out/x-opm/iu_activity/relevance_csr.png
csr: covered=24 unexplained=4 (14.3%) -> /ic/projects/A513software/jingbo.jiang/OnchipPowerModeling/out/x-opm/iu_activity/coverage_csr.png
debug: 0 rare(edge_rate<1e-3)+relevant(|corr|>0.3) signals -> /ic/projects/A513software/jingbo.jiang/OnchipPowerModeling/out/x-opm/iu_activity/relevance_debug.png
debug: covered=405 unexplained=4 (1.0%) -> /ic/projects/A513software/jingbo.jiang/OnchipPowerModeling/out/x-opm/iu_activity/coverage_debug.png
exception: 0 rare(edge_rate<1e-3)+relevant(|corr|>0.3) signals -> /ic/projects/A513software/jingbo.jiang/OnchipPowerModeling/out/x-opm/iu_activity/relevance_exception.png
exception: covered=119 unexplained=3 (2.5%) -> /ic/projects/A513software/jingbo.jiang/OnchipPowerModeling/out/x-opm/iu_activity/coverage_exception.png
interrupt: 17 rare(edge_rate<1e-3)+relevant(|corr|>0.3) signals -> /ic/projects/A513software/jingbo.jiang/OnchipPowerModeling/out/x-opm/iu_activity/relevance_interrupt.png
interrupt: covered=32 unexplained=4 (11.1%) -> /ic/projects/A513software/jingbo.jiang/OnchipPowerModeling/out/x-opm/iu_activity/coverage_interrupt.png
ISA_FP: 0 rare(edge_rate<1e-3)+relevant(|corr|>0.3) signals -> /ic/projects/A513software/jingbo.jiang/OnchipPowerModeling/out/x-opm/iu_activity/relevance_ISA_FP.png
ISA_FP: covered=709 unexplained=2 (0.3%) -> /ic/projects/A513software/jingbo.jiang/OnchipPowerModeling/out/x-opm/iu_activity/coverage_ISA_FP.png
ISA_INT: 0 rare(edge_rate<1e-3)+relevant(|corr|>0.3) signals -> /ic/projects/A513software/jingbo.jiang/OnchipPowerModeling/out/x-opm/iu_activity/relevance_ISA_INT.png
ISA_INT: covered=298 unexplained=3 (1.0%) -> /ic/projects/A513software/jingbo.jiang/OnchipPowerModeling/out/x-opm/iu_activity/coverage_ISA_INT.png
ISA_LS: 0 rare(edge_rate<1e-3)+relevant(|corr|>0.3) signals -> /ic/projects/A513software/jingbo.jiang/OnchipPowerModeling/out/x-opm/iu_activity/relevance_ISA_LS.png
ISA_LS: covered=832 unexplained=3 (0.4%) -> /ic/projects/A513software/jingbo.jiang/OnchipPowerModeling/out/x-opm/iu_activity/coverage_ISA_LS.png
ISA_THEAD: 0 rare(edge_rate<1e-3)+relevant(|corr|>0.3) signals -> /ic/projects/A513software/jingbo.jiang/OnchipPowerModeling/out/x-opm/iu_activity/relevance_ISA_THEAD.png
ISA_THEAD: covered=210 unexplained=2 (0.9%) -> /ic/projects/A513software/jingbo.jiang/OnchipPowerModeling/out/x-opm/iu_activity/coverage_ISA_THEAD.png
MMU: 17 rare(edge_rate<1e-3)+relevant(|corr|>0.3) signals -> /ic/projects/A513software/jingbo.jiang/OnchipPowerModeling/out/x-opm/iu_activity/relevance_MMU.png
MMU: covered=39 unexplained=4 (9.3%) -> /ic/projects/A513software/jingbo.jiang/OnchipPowerModeling/out/x-opm/iu_activity/coverage_MMU.png

==== rare-but-relevant control/state signals (n_edges>=10, sorted by |lvl_corr|) ====

-- cache (rare: edge_rate<1e-3) --
Empty DataFrame
Columns: [signal, n_edges, edge_rate, impact_mW, lift, lvl_corr]
Index: []

-- conv_softmax (rare: edge_rate<1e-3) --
                                                                signal  n_edges  edge_rate  impact_mW     lift  lvl_corr
                   x_aq_iu_top/x_aq_iu_div/div_quotient_reg_updt[63:0]       10   0.000007   1.139384 2.372119  0.318305
x_aq_iu_top/x_aq_iu_div/x_aq_iu_div_kernel/div_quotient_reg_updt[63:0]       10   0.000007   1.139384 2.372119  0.318305
 x_aq_iu_top/x_aq_iu_mul/x_multiplier_33x33_partial/ex1_p1_0_xor[65:0]       74   0.000051   1.056428 2.199411  0.309789
   x_aq_iu_top/x_aq_iu_mul/x_multiplier_33x33_partial/ex1_p1_1_0[65:0]       10   0.000007   1.246304 2.594720  0.309611
     x_aq_iu_top/x_aq_iu_mul/x_multiplier_33x33_partial/ex1_s0_2[65:0]       10   0.000007   1.246304 2.594720  0.309611
     x_aq_iu_top/x_aq_iu_mul/x_multiplier_33x33_partial/ex1_s1_0[65:0]       74   0.000051   1.056428 2.199411  0.309541

-- coremark (rare: edge_rate<1e-3) --
                                                                signal  n_edges  edge_rate  impact_mW     lift  lvl_corr
                   x_aq_iu_top/x_aq_iu_div/div_dividend_overflow[63:0]       20   0.000033   1.264091 1.826435  0.170006
                           x_aq_iu_top/x_aq_iu_div/div_word_hit_buffer       11   0.000018   1.502743 2.171253 -0.162104
                          x_aq_iu_top/x_aq_iu_div/iu_rtu_div_preg[5:0]      159   0.000266   1.173785 1.695955  0.115731
                      x_aq_iu_top/x_aq_iu_div/iu_rtu_div_preg_raw[4:0]      159   0.000266   1.173785 1.695955  0.115731
                                      x_aq_iu_top/iu_rtu_div_preg[5:0]      159   0.000266   1.173785 1.695955  0.115731
x_aq_iu_top/x_aq_iu_div/x_aq_iu_div_kernel/div_remainder_lt_divisor_11       91   0.000152   1.218687 1.760833  0.097311

-- csr (rare: edge_rate<1e-3) --
Empty DataFrame
Columns: [signal, n_edges, edge_rate, impact_mW, lift, lvl_corr]
Index: []

-- debug (rare: edge_rate<1e-3) --
                                           signal  n_edges  edge_rate  impact_mW     lift  lvl_corr
            x_aq_iu_top/x_aq_iu_alu/alu_rst[63:0]       32   0.000816   0.626927 2.127641  0.062793
x_aq_iu_top/x_aq_iu_alu/iu_rtu_ex1_alu_data[63:0]       32   0.000816   0.626927 2.127641  0.062793
            x_aq_iu_top/iu_rtu_ex1_alu_data[63:0]       32   0.000816   0.626927 2.127641  0.062793
     x_aq_iu_top/x_aq_iu_alu/alu_adder_src1[63:0]       30   0.000765   0.565866 1.920415  0.060150
 x_aq_iu_top/x_aq_iu_alu/alu_adder_src1_tmp[63:0]       30   0.000765   0.565866 1.920415  0.060150
     x_aq_iu_top/x_aq_iu_alu/alu_adder_src2[63:0]       28   0.000714   0.563831 1.913510  0.060150

-- exception (rare: edge_rate<1e-3) --
Empty DataFrame
Columns: [signal, n_edges, edge_rate, impact_mW, lift, lvl_corr]
Index: []

-- interrupt (rare: edge_rate<1e-3) --
Empty DataFrame
Columns: [signal, n_edges, edge_rate, impact_mW, lift, lvl_corr]
Index: []

-- ISA_FP (rare: edge_rate<1e-3) --
                                        signal  n_edges  edge_rate  impact_mW     lift  lvl_corr
         x_aq_iu_top/x_aq_iu_alu/alu_adder_cin       30   0.000422   0.737418 2.078134  0.037208
  x_aq_iu_top/x_aq_iu_bju/da_xx_fwd_data[63:0]       42   0.000591   0.561319 1.581866  0.013834
              x_aq_iu_top/da_xx_fwd_data[63:0]       42   0.000591   0.561319 1.581866  0.013834
            x_aq_iu_top/da_xx_fwd_dst_reg[5:0]       32   0.000450   0.725675 2.045041 -0.010690
x_aq_iu_top/x_aq_iu_bju/da_xx_fwd_dst_reg[5:0]       32   0.000450   0.725675 2.045041 -0.010690
          x_aq_iu_top/lsu_iu_ex2_dest_reg[4:0]       34   0.000478   0.541253 1.525316 -0.010227

-- ISA_INT (rare: edge_rate<1e-3) --
                                                                 signal  n_edges  edge_rate  impact_mW     lift  lvl_corr
                          x_aq_iu_top/x_aq_iu_div/div_res_remainder_neg       16   0.000533   2.708505 7.178557  0.293275
                         x_aq_iu_top/x_aq_iu_div/div_divisor_raw_is_neg       16   0.000533   2.194627 5.816587  0.287576
                                x_aq_iu_top/x_aq_iu_div/div_dividend_63       24   0.000799   2.505920 6.641630  0.273254
      x_aq_iu_top/x_aq_iu_mul/x_multiplier_33x33_partial/ex1_c0_4[65:0]       12   0.000400   2.275727 6.031532  0.150797
    x_aq_iu_top/x_aq_iu_mul/x_multiplier_33x33_partial/ex1_p1_2_1[65:0]       12   0.000400   2.275727 6.031532  0.150797
x_aq_iu_top/x_aq_iu_mul/x_multiplier_33x33_partial/part_product13[32:0]       12   0.000400   2.275727 6.031532  0.150564

-- ISA_LS (rare: edge_rate<1e-3) --
                                         signal  n_edges  edge_rate  impact_mW     lift  lvl_corr
         x_aq_iu_top/x_aq_iu_bju/bju_func[19:0]       13   0.000156   0.657291 2.062459  0.018984
x_aq_iu_top/x_aq_iu_addr_gen/ag_adder_rs1[63:0]       13   0.000156   0.657291 2.062459  0.018252
  x_aq_iu_top/x_aq_iu_bju/bju_not_pred_pc[63:0]       15   0.000180   0.647772 2.032591  0.014948
          x_aq_iu_top/iu_rtu_ex1_bju_data[63:0]       15   0.000180   0.647772 2.032591  0.014948
   x_aq_iu_top/x_aq_iu_addr_gen/ag_bju_pc[63:0]       15   0.000180   0.647772 2.032591  0.014948
                    x_aq_iu_top/ag_bju_pc[63:0]       15   0.000180   0.647772 2.032591  0.014948

-- ISA_THEAD (rare: edge_rate<1e-3) --
                                                                 signal  n_edges  edge_rate  impact_mW     lift  lvl_corr
      x_aq_iu_top/x_aq_iu_mul/x_multiplier_33x33_partial/ex1_c0_3[65:0]       16   0.000757   3.082769 8.788071  0.243175
    x_aq_iu_top/x_aq_iu_mul/x_multiplier_33x33_partial/ex1_p1_1_3[65:0]       16   0.000757   3.082769 8.788071  0.243175
x_aq_iu_top/x_aq_iu_mul/x_multiplier_33x33_partial/part_product10[32:0]       14   0.000662   3.197190 9.114253  0.238895
 x_aq_iu_top/x_aq_iu_mul/x_multiplier_33x33_partial/part_product8[32:0]       14   0.000662   3.197190 9.114253  0.238895
       x_aq_iu_top/x_aq_iu_mul/x_mul_ex2_pipe_gated_clk/clk_en_bf_latch       14   0.000662   2.095796 5.974500  0.228814
                        x_aq_iu_top/x_aq_iu_mul/mul_ex2_pipedown_clk_en       14   0.000662   2.095796 5.974500  0.228814

-- MMU (rare: edge_rate<1e-3) --
Empty DataFrame
Columns: [signal, n_edges, edge_rate, impact_mW, lift, lvl_corr]
Index: []
===== module iu DONE  Sun Aug 16 11:58:41 AM +08 2026 =====
