===== module vpu  Sun Aug 16 11:45:01 AM +08 2026 =====
--- compute_series ---
module=vpu  cases=['cache', 'coremark', 'csr', 'debug', 'exception', 'interrupt', 'ISA_FP', 'ISA_INT', 'ISA_LS', 'ISA_THEAD', 'MMU']  out=/ic/projects/A513software/jingbo.jiang/OnchipPowerModeling/out/x-opm/vpu_activity
computed csr 2736
computed cache 8313
computed interrupt 3563
computed exception 12169
computed debug 39228
computed ISA_INT 30030
computed ISA_THEAD 21143
computed MMU 4233
computed ISA_FP 71076
computed ISA_LS 83386
computed coremark 598030
plotted cache ->  /ic/projects/A513software/jingbo.jiang/OnchipPowerModeling/out/x-opm/vpu_activity/vpu_wave_cache.png corr 0.209
plotted coremark ->  /ic/projects/A513software/jingbo.jiang/OnchipPowerModeling/out/x-opm/vpu_activity/vpu_wave_coremark.png corr 0.076
plotted csr ->  /ic/projects/A513software/jingbo.jiang/OnchipPowerModeling/out/x-opm/vpu_activity/vpu_wave_csr.png corr 0.333
plotted debug ->  /ic/projects/A513software/jingbo.jiang/OnchipPowerModeling/out/x-opm/vpu_activity/vpu_wave_debug.png corr 0.079
plotted exception ->  /ic/projects/A513software/jingbo.jiang/OnchipPowerModeling/out/x-opm/vpu_activity/vpu_wave_exception.png corr 0.146
plotted interrupt ->  /ic/projects/A513software/jingbo.jiang/OnchipPowerModeling/out/x-opm/vpu_activity/vpu_wave_interrupt.png corr 0.297
plotted ISA_FP ->  /ic/projects/A513software/jingbo.jiang/OnchipPowerModeling/out/x-opm/vpu_activity/vpu_wave_ISA_FP.png corr 0.456
plotted ISA_INT ->  /ic/projects/A513software/jingbo.jiang/OnchipPowerModeling/out/x-opm/vpu_activity/vpu_wave_ISA_INT.png corr 0.194
plotted ISA_LS ->  /ic/projects/A513software/jingbo.jiang/OnchipPowerModeling/out/x-opm/vpu_activity/vpu_wave_ISA_LS.png corr 0.037
plotted ISA_THEAD ->  /ic/projects/A513software/jingbo.jiang/OnchipPowerModeling/out/x-opm/vpu_activity/vpu_wave_ISA_THEAD.png corr 0.203
plotted MMU ->  /ic/projects/A513software/jingbo.jiang/OnchipPowerModeling/out/x-opm/vpu_activity/vpu_wave_MMU.png corr 0.271
--- compute_signal_stats ---
module=vpu  cases=['cache', 'coremark', 'csr', 'debug', 'exception', 'interrupt', 'ISA_FP', 'ISA_INT', 'ISA_LS', 'ISA_THEAD', 'MMU']  out=/ic/projects/A513software/jingbo.jiang/OnchipPowerModeling/out/x-opm/vpu_activity
done csr
done cache
done interrupt
done exception
done debug
done ISA_INT
done ISA_THEAD
done ISA_LS
done ISA_FP
done MMU
done coremark
[
  {
    "case": "csr",
    "n_cycles": 2736,
    "n_signals": 7258,
    "n_constant_signals": 5858,
    "big_step_thr_mW": 3.087,
    "n_big_steps": 29,
    "coverage_by_informative_edge(er<0.5)": 0.862,
    "coverage_by_any_nonclock_edge": 0.862,
    "mean_abs_dP_mW": 1.4673
  },
  {
    "case": "cache",
    "n_cycles": 8313,
    "n_signals": 7258,
    "n_constant_signals": 5855,
    "big_step_thr_mW": 3.078,
    "n_big_steps": 659,
    "coverage_by_informative_edge(er<0.5)": 0.02,
    "coverage_by_any_nonclock_edge": 0.02,
    "mean_abs_dP_mW": 1.4508
  },
  {
    "case": "interrupt",
    "n_cycles": 3563,
    "n_signals": 7258,
    "n_constant_signals": 5843,
    "big_step_thr_mW": 3.078,
    "n_big_steps": 273,
    "coverage_by_informative_edge(er<0.5)": 0.103,
    "coverage_by_any_nonclock_edge": 0.103,
    "mean_abs_dP_mW": 1.4621
  },
  {
    "case": "exception",
    "n_cycles": 12169,
    "n_signals": 7258,
    "n_constant_signals": 5837,
    "big_step_thr_mW": 3.078,
    "n_big_steps": 906,
    "coverage_by_informative_edge(er<0.5)": 0.095,
    "coverage_by_any_nonclock_edge": 0.095,
    "mean_abs_dP_mW": 1.4491
  },
  {
    "case": "debug",
    "n_cycles": 39228,
    "n_signals": 7258,
    "n_constant_signals": 5235,
    "big_step_thr_mW": 3.087,
    "n_big_steps": 1683,
    "coverage_by_informative_edge(er<0.5)": 0.037,
    "coverage_by_any_nonclock_edge": 0.037,
    "mean_abs_dP_mW": 1.4472
  },
  {
    "case": "ISA_INT",
    "n_cycles": 30030,
    "n_signals": 7258,
    "n_constant_signals": 4831,
    "big_step_thr_mW": 3.096,
    "n_big_steps": 356,
    "coverage_by_informative_edge(er<0.5)": 0.382,
    "coverage_by_any_nonclock_edge": 0.382,
    "mean_abs_dP_mW": 1.4489
  },
  {
    "case": "ISA_THEAD",
    "n_cycles": 21143,
    "n_signals": 7258,
    "n_constant_signals": 4730,
    "big_step_thr_mW": 3.087,
    "n_big_steps": 225,
    "coverage_by_informative_edge(er<0.5)": 0.707,
    "coverage_by_any_nonclock_edge": 0.707,
    "mean_abs_dP_mW": 1.4587
  },
  {
    "case": "ISA_LS",
    "n_cycles": 83386,
    "n_signals": 7258,
    "n_constant_signals": 5837,
    "big_step_thr_mW": 3.078,
    "n_big_steps": 6191,
    "coverage_by_informative_edge(er<0.5)": 0.079,
    "coverage_by_any_nonclock_edge": 0.079,
    "mean_abs_dP_mW": 1.4459
  },
  {
    "case": "ISA_FP",
    "n_cycles": 71076,
    "n_signals": 7258,
    "n_constant_signals": 2069,
    "big_step_thr_mW": 6.0973,
    "n_big_steps": 711,
    "coverage_by_informative_edge(er<0.5)": 0.999,
    "coverage_by_any_nonclock_edge": 0.999,
    "mean_abs_dP_mW": 1.6436
  },
  {
    "case": "MMU",
    "n_cycles": 4233,
    "n_signals": 7258,
    "n_constant_signals": 5843,
    "big_step_thr_mW": 3.078,
    "n_big_steps": 321,
    "coverage_by_informative_edge(er<0.5)": 0.05,
    "coverage_by_any_nonclock_edge": 0.05,
    "mean_abs_dP_mW": 1.4569
  },
  {
    "case": "coremark",
    "n_cycles": 598030,
    "n_signals": 7258,
    "n_constant_signals": 3428,
    "big_step_thr_mW": 4.088,
    "n_big_steps": 8652,
    "coverage_by_informative_edge(er<0.5)": 0.439,
    "coverage_by_any_nonclock_edge": 0.441,
    "mean_abs_dP_mW": 1.4889
  }
]
--- correlate_toggle_power ---
module=vpu  cases=['cache', 'coremark', 'csr', 'debug', 'exception', 'interrupt', 'ISA_FP', 'ISA_INT', 'ISA_LS', 'ISA_THEAD', 'MMU']  out=/ic/projects/A513software/jingbo.jiang/OnchipPowerModeling/out/x-opm/vpu_activity
/home/jingbo.jiang/anaconda3/lib/python3.14/site-packages/numpy/lib/_nanfunctions_impl.py:1396: RuntimeWarning: All-NaN slice encountered
  return _nanquantile_unchecked(

===== cache  (n=8,313) =====
  target     spearman  sp.null  pearson  pe.null  bestW
  tv            0.032    0.033    0.375    0.030      4
  maxstep       0.349    0.137    0.703    0.059     32
  range         0.374    0.141    0.681    0.061     32
  level         0.310    0.134    0.863    0.088     64
  SWITCHING headline (max Spearman over ['tv', 'maxstep']): 0.349 [maxstep @W=32]  null95=0.157  honest=0.192  p=0.000  (Pearson_max=0.853, BURST-concentrated)
  LEVEL track: best in-scope |lvl_corr|=0.023 (0 signals >|0.3|, of 24 tested)
  >>> VERDICT: switching does NOT track power movement (unweighted-toggle screen is negative).  And no in-scope signal's LEVEL tracks power either → driver likely OFF-CAMERA/noise: widen scope or check the power estimate.
  wrote /ic/projects/A513software/jingbo.jiang/OnchipPowerModeling/out/x-opm/vpu_activity/corr_toggle_power_cache.png

===== coremark  (n=598,030) =====
  target     spearman  sp.null  pearson  pe.null  bestW
  tv            0.125    0.094    0.290    0.152    512
  maxstep       0.113    0.047    0.284    0.059      8
  range         0.120    0.045    0.363    0.056      8
  level         0.299    0.177    0.288    0.155    512
  SWITCHING headline (max Spearman over ['tv', 'maxstep']): 0.125 [tv @W=512]  null95=0.147  honest=-0.021  p=0.109  (Pearson_max=0.413, BURST-concentrated)
  LEVEL track: best in-scope |lvl_corr|=0.449 (1023 signals >|0.3|, of 1727 tested)
  >>> VERDICT: switching does NOT track power movement (unweighted-toggle screen is negative).  BUT an in-scope control/STATE signal tracks the power LEVEL (|lvl_corr|=0.449, 1023 signals >|0.3|) → LEARNABLE from LEVEL features, not switching. Add them; see Diagnostic A/C.
  wrote /ic/projects/A513software/jingbo.jiang/OnchipPowerModeling/out/x-opm/vpu_activity/corr_toggle_power_coremark.png

===== csr  (n=2,736) =====
  target     spearman  sp.null  pearson  pe.null  bestW
  tv            0.040    0.030    0.214    0.025      1
  maxstep       0.445    0.282    0.734    0.036     16
  range         0.464    0.281    0.696    0.039     16
  level         0.085    0.030    0.248    0.015      1
  SWITCHING headline (max Spearman over ['tv', 'maxstep']): 0.445 [maxstep @W=16]  null95=0.282  honest=0.163  p=0.000  (Pearson_max=0.822, BURST-concentrated)
  LEVEL track: best in-scope |lvl_corr|=0.031 (0 signals >|0.3|, of 28 tested)
  >>> VERDICT: switching does NOT track power movement (unweighted-toggle screen is negative).  And no in-scope signal's LEVEL tracks power either → driver likely OFF-CAMERA/noise: widen scope or check the power estimate.
  wrote /ic/projects/A513software/jingbo.jiang/OnchipPowerModeling/out/x-opm/vpu_activity/corr_toggle_power_csr.png

===== debug  (n=39,228) =====
  target     spearman  sp.null  pearson  pe.null  bestW
  tv            0.135    0.068    0.241    0.090    256
  maxstep       0.331    0.178    0.623    0.042     64
  range         0.645    0.265    0.499    0.062    256
  level         0.191    0.143    0.503    0.049     64
  SWITCHING headline (max Spearman over ['tv', 'maxstep']): 0.428 [maxstep @W=256]  null95=0.285  honest=0.142  p=0.000  (Pearson_max=0.623)
  LEVEL track: best in-scope |lvl_corr|=0.029 (0 signals >|0.3|, of 26 tested)
  >>> VERDICT: switching does NOT track power movement (unweighted-toggle screen is negative).  And no in-scope signal's LEVEL tracks power either → driver likely OFF-CAMERA/noise: widen scope or check the power estimate.
  wrote /ic/projects/A513software/jingbo.jiang/OnchipPowerModeling/out/x-opm/vpu_activity/corr_toggle_power_debug.png

===== exception  (n=12,169) =====
  target     spearman  sp.null  pearson  pe.null  bestW
  tv            0.032    0.015    0.086    0.013      1
  maxstep       0.500    0.129    0.499    0.088     16
  range         0.531    0.141    0.479    0.081     16
  level         0.117    0.015    0.108    0.010      1
  SWITCHING headline (max Spearman over ['tv', 'maxstep']): 0.516 [maxstep @W=32]  null95=0.190  honest=0.327  p=0.000  (Pearson_max=0.536)
  LEVEL track: best in-scope |lvl_corr|=0.014 (0 signals >|0.3|, of 63 tested)
  >>> VERDICT: PARTIAL — switching explains some of it.  And no in-scope signal's LEVEL tracks power either → driver likely OFF-CAMERA/noise: widen scope or check the power estimate.
  wrote /ic/projects/A513software/jingbo.jiang/OnchipPowerModeling/out/x-opm/vpu_activity/corr_toggle_power_exception.png

===== interrupt  (n=3,563) =====
  target     spearman  sp.null  pearson  pe.null  bestW
  tv            0.110    0.109    0.505    0.036      4
  maxstep       0.513    0.266    0.701    0.057     16
  range         0.530    0.266    0.664    0.060     16
  level         0.085    0.021    0.211    0.015      1
  SWITCHING headline (max Spearman over ['tv', 'maxstep']): 0.513 [maxstep @W=16]  null95=0.266  honest=0.247  p=0.000  (Pearson_max=0.774, BURST-concentrated)
  LEVEL track: best in-scope |lvl_corr|=0.037 (0 signals >|0.3|, of 50 tested)
  >>> VERDICT: PARTIAL — switching explains some of it, concentrated in high-switching bursts.  And no in-scope signal's LEVEL tracks power either → driver likely OFF-CAMERA/noise: widen scope or check the power estimate.
  wrote /ic/projects/A513software/jingbo.jiang/OnchipPowerModeling/out/x-opm/vpu_activity/corr_toggle_power_interrupt.png

===== ISA_FP  (n=71,076) =====
  target     spearman  sp.null  pearson  pe.null  bestW
  tv            0.665    0.114    0.478    0.062    128
  maxstep       0.824    0.132    0.763    0.131    128
  range         0.832    0.110    0.829    0.115     64
  level         0.685    0.112    0.299    0.058    128
  SWITCHING headline (max Spearman over ['tv', 'maxstep']): 0.824 [maxstep @W=128]  null95=0.263  honest=0.562  p=0.000  (Pearson_max=0.797)
  LEVEL track: best in-scope |lvl_corr|=0.424 (77 signals >|0.3|, of 3906 tested)
  >>> VERDICT: LEARNABLE — datapath switching drives power (set model window ≈ 128 cyc).
  wrote /ic/projects/A513software/jingbo.jiang/OnchipPowerModeling/out/x-opm/vpu_activity/corr_toggle_power_ISA_FP.png

===== ISA_INT  (n=30,030) =====
  target     spearman  sp.null  pearson  pe.null  bestW
  tv            0.057    0.037    0.363    0.039     32
  maxstep       0.432    0.117    0.588    0.037     32
  range         0.474    0.127    0.671    0.037     32
  level         0.163    0.039    0.659    0.029     16
  SWITCHING headline (max Spearman over ['tv', 'maxstep']): 0.432 [maxstep @W=32]  null95=0.136  honest=0.296  p=0.000  (Pearson_max=0.596)
  LEVEL track: best in-scope |lvl_corr|=0.185 (0 signals >|0.3|, of 1128 tested)
  >>> VERDICT: PARTIAL — switching explains some of it.  And no in-scope signal's LEVEL tracks power either → driver likely OFF-CAMERA/noise: widen scope or check the power estimate.
  wrote /ic/projects/A513software/jingbo.jiang/OnchipPowerModeling/out/x-opm/vpu_activity/corr_toggle_power_ISA_INT.png

===== ISA_LS  (n=83,386) =====
  target     spearman  sp.null  pearson  pe.null  bestW
  tv            0.083    0.042    0.167    0.059     64
  maxstep       0.444    0.045    0.213    0.035     16
  range         0.479    0.046    0.232    0.038     16
  level         0.168    0.044    0.192    0.062     64
  SWITCHING headline (max Spearman over ['tv', 'maxstep']): 0.448 [maxstep @W=32]  null95=0.182  honest=0.267  p=0.000  (Pearson_max=0.348)
  LEVEL track: best in-scope |lvl_corr|=0.003 (0 signals >|0.3|, of 66 tested)
  >>> VERDICT: PARTIAL — switching explains some of it.  And no in-scope signal's LEVEL tracks power either → driver likely OFF-CAMERA/noise: widen scope or check the power estimate.
  wrote /ic/projects/A513software/jingbo.jiang/OnchipPowerModeling/out/x-opm/vpu_activity/corr_toggle_power_ISA_LS.png

===== ISA_THEAD  (n=21,143) =====
  target     spearman  sp.null  pearson  pe.null  bestW
  tv            0.178    0.101    0.637    0.123    128
  maxstep       0.451    0.159    0.764    0.037     16
  range         0.501    0.180    0.749    0.038     16
  level         0.279    0.117    0.782    0.047     32
  SWITCHING headline (max Spearman over ['tv', 'maxstep']): 0.470 [maxstep @W=64]  null95=0.244  honest=0.226  p=0.000  (Pearson_max=0.817, BURST-concentrated)
  LEVEL track: best in-scope |lvl_corr|=0.278 (0 signals >|0.3|, of 888 tested)
  >>> VERDICT: PARTIAL — switching explains some of it, concentrated in high-switching bursts.  And no in-scope signal's LEVEL tracks power either → driver likely OFF-CAMERA/noise: widen scope or check the power estimate.
  wrote /ic/projects/A513software/jingbo.jiang/OnchipPowerModeling/out/x-opm/vpu_activity/corr_toggle_power_ISA_THEAD.png

===== MMU  (n=4,233) =====
  target     spearman  sp.null  pearson  pe.null  bestW
  tv            0.006    0.020    0.172    0.024      1
  maxstep       0.450    0.205    0.686    0.092     32
  range         0.492    0.189    0.657    0.074     32
  level         0.252    0.135    0.807    0.078     32
  SWITCHING headline (max Spearman over ['tv', 'maxstep']): 0.450 [maxstep @W=32]  null95=0.218  honest=0.232  p=0.000  (Pearson_max=0.719, BURST-concentrated)
  LEVEL track: best in-scope |lvl_corr|=0.023 (0 signals >|0.3|, of 47 tested)
  >>> VERDICT: PARTIAL — switching explains some of it, concentrated in high-switching bursts.  And no in-scope signal's LEVEL tracks power either → driver likely OFF-CAMERA/noise: widen scope or check the power estimate.
  wrote /ic/projects/A513software/jingbo.jiang/OnchipPowerModeling/out/x-opm/vpu_activity/corr_toggle_power_MMU.png

wrote /ic/projects/A513software/jingbo.jiang/OnchipPowerModeling/out/x-opm/vpu_activity/corr_toggle_power.json and .csv
--- plot_relevance ---
module=vpu  cases=['cache', 'coremark', 'csr', 'debug', 'exception', 'interrupt', 'ISA_FP', 'ISA_INT', 'ISA_LS', 'ISA_THEAD', 'MMU']  out=/ic/projects/A513software/jingbo.jiang/OnchipPowerModeling/out/x-opm/vpu_activity
cache: 245 rare(edge_rate<1e-3)+relevant(|corr|>0.3) signals -> /ic/projects/A513software/jingbo.jiang/OnchipPowerModeling/out/x-opm/vpu_activity/relevance_cache.png
cache: covered=13 unexplained=646 (98.0%) -> /ic/projects/A513software/jingbo.jiang/OnchipPowerModeling/out/x-opm/vpu_activity/coverage_cache.png
coremark: 1711 rare(edge_rate<1e-3)+relevant(|corr|>0.3) signals -> /ic/projects/A513software/jingbo.jiang/OnchipPowerModeling/out/x-opm/vpu_activity/relevance_coremark.png
coremark: covered=3794 unexplained=4858 (56.1%) -> /ic/projects/A513software/jingbo.jiang/OnchipPowerModeling/out/x-opm/vpu_activity/coverage_coremark.png
csr: 245 rare(edge_rate<1e-3)+relevant(|corr|>0.3) signals -> /ic/projects/A513software/jingbo.jiang/OnchipPowerModeling/out/x-opm/vpu_activity/relevance_csr.png
csr: covered=25 unexplained=4 (13.8%) -> /ic/projects/A513software/jingbo.jiang/OnchipPowerModeling/out/x-opm/vpu_activity/coverage_csr.png
debug: 0 rare(edge_rate<1e-3)+relevant(|corr|>0.3) signals -> /ic/projects/A513software/jingbo.jiang/OnchipPowerModeling/out/x-opm/vpu_activity/relevance_debug.png
debug: covered=63 unexplained=1620 (96.3%) -> /ic/projects/A513software/jingbo.jiang/OnchipPowerModeling/out/x-opm/vpu_activity/coverage_debug.png
exception: 0 rare(edge_rate<1e-3)+relevant(|corr|>0.3) signals -> /ic/projects/A513software/jingbo.jiang/OnchipPowerModeling/out/x-opm/vpu_activity/relevance_exception.png
exception: covered=86 unexplained=820 (90.5%) -> /ic/projects/A513software/jingbo.jiang/OnchipPowerModeling/out/x-opm/vpu_activity/coverage_exception.png
interrupt: 245 rare(edge_rate<1e-3)+relevant(|corr|>0.3) signals -> /ic/projects/A513software/jingbo.jiang/OnchipPowerModeling/out/x-opm/vpu_activity/relevance_interrupt.png
interrupt: covered=28 unexplained=245 (89.7%) -> /ic/projects/A513software/jingbo.jiang/OnchipPowerModeling/out/x-opm/vpu_activity/coverage_interrupt.png
ISA_FP: 0 rare(edge_rate<1e-3)+relevant(|corr|>0.3) signals -> /ic/projects/A513software/jingbo.jiang/OnchipPowerModeling/out/x-opm/vpu_activity/relevance_ISA_FP.png
ISA_FP: covered=710 unexplained=1 (0.1%) -> /ic/projects/A513software/jingbo.jiang/OnchipPowerModeling/out/x-opm/vpu_activity/coverage_ISA_FP.png
ISA_INT: 0 rare(edge_rate<1e-3)+relevant(|corr|>0.3) signals -> /ic/projects/A513software/jingbo.jiang/OnchipPowerModeling/out/x-opm/vpu_activity/relevance_ISA_INT.png
ISA_INT: covered=136 unexplained=220 (61.8%) -> /ic/projects/A513software/jingbo.jiang/OnchipPowerModeling/out/x-opm/vpu_activity/coverage_ISA_INT.png
ISA_LS: 0 rare(edge_rate<1e-3)+relevant(|corr|>0.3) signals -> /ic/projects/A513software/jingbo.jiang/OnchipPowerModeling/out/x-opm/vpu_activity/relevance_ISA_LS.png
ISA_LS: covered=492 unexplained=5699 (92.1%) -> /ic/projects/A513software/jingbo.jiang/OnchipPowerModeling/out/x-opm/vpu_activity/coverage_ISA_LS.png
ISA_THEAD: 0 rare(edge_rate<1e-3)+relevant(|corr|>0.3) signals -> /ic/projects/A513software/jingbo.jiang/OnchipPowerModeling/out/x-opm/vpu_activity/relevance_ISA_THEAD.png
ISA_THEAD: covered=159 unexplained=66 (29.3%) -> /ic/projects/A513software/jingbo.jiang/OnchipPowerModeling/out/x-opm/vpu_activity/coverage_ISA_THEAD.png
MMU: 245 rare(edge_rate<1e-3)+relevant(|corr|>0.3) signals -> /ic/projects/A513software/jingbo.jiang/OnchipPowerModeling/out/x-opm/vpu_activity/relevance_MMU.png
MMU: covered=16 unexplained=305 (95.0%) -> /ic/projects/A513software/jingbo.jiang/OnchipPowerModeling/out/x-opm/vpu_activity/coverage_MMU.png

==== rare-but-relevant control/state signals (n_edges>=10, sorted by |lvl_corr|) ====

-- cache (rare: edge_rate<1e-3) --
Empty DataFrame
Columns: [signal, n_edges, edge_rate, impact_mW, lift, lvl_corr]
Index: []

-- coremark (rare: edge_rate<1e-3) --
                                                                                  signal  n_edges  edge_rate  impact_mW     lift  lvl_corr
                                                   x_aq_vpu_top/x_aq_fspu_top/ex1_dest_f       18   0.000030   5.301389 3.560680  0.448502
              x_aq_vpu_top/x_aq_fdsu_top/x_aq_fdsu_scalar_dp/double0_ex1_remainder[59:0]       28   0.000047   6.305107 4.234828  0.448408
x_aq_vpu_top/x_aq_fdsu_top/x_aq_fdsu_double/x_aq_fdsu_prepare/double_ex1_remainder[59:0]       28   0.000047   6.305107 4.234828  0.448408
                 x_aq_vpu_top/x_aq_fdsu_top/x_aq_fdsu_double/double0_ex1_remainder[59:0]       28   0.000047   6.305107 4.234828  0.448408
                                  x_aq_vpu_top/x_aq_fdsu_top/double0_ex1_remainder[59:0]       28   0.000047   6.305107 4.234828  0.448408
                                  x_aq_vpu_top/x_aq_fdsu_top/single0_ex1_remainder[30:0]       28   0.000047   6.305107 4.234828  0.448404

-- csr (rare: edge_rate<1e-3) --
Empty DataFrame
Columns: [signal, n_edges, edge_rate, impact_mW, lift, lvl_corr]
Index: []

-- debug (rare: edge_rate<1e-3) --
                                                  signal  n_edges  edge_rate  impact_mW    lift  lvl_corr
                     x_aq_vpu_top/vpu_dtu_dbg_info[28:0]       13   0.000331   2.417462 1.67043  0.028656
x_aq_vpu_top/x_aq_vpu_fwd_wb_rbus/vpu_dtu_dbg_info[28:0]       13   0.000331   2.417462 1.67043  0.028656

-- exception (rare: edge_rate<1e-3) --
Empty DataFrame
Columns: [signal, n_edges, edge_rate, impact_mW, lift, lvl_corr]
Index: []

-- interrupt (rare: edge_rate<1e-3) --
Empty DataFrame
Columns: [signal, n_edges, edge_rate, impact_mW, lift, lvl_corr]
Index: []

-- ISA_FP (rare: edge_rate<1e-3) --
                                                                                                                              signal  n_edges  edge_rate  impact_mW     lift  lvl_corr
x_aq_vpu_top/x_aq_vfmau_top/x_aq_vfmau_dp/x_aq_vfmau_mult/x_aq_vfmau_mult_double/x_aq_vfmau_special_judge_double/ex1_expnt_11bit_of0       62   0.000872   5.458065 3.320722  0.293732
                                                                                            x_aq_vpu_top/x_aq_fspu_top/ex1_op_fsgnjn       66   0.000929   5.179288 3.151112  0.252452
                                                                           x_aq_vpu_top/x_aq_falu_top/x_aq_fadd_scalar_dp/ex1_op_flt       66   0.000929   5.179288 3.151112  0.252452
                                                                                            x_aq_vpu_top/x_aq_fspu_top/ex1_op_fsgnjx       60   0.000844   4.990717 3.036384  0.251880
                                                                           x_aq_vpu_top/x_aq_falu_top/x_aq_fadd_scalar_dp/ex1_op_fle       60   0.000844   4.990717 3.036384  0.251880
                 x_aq_vpu_top/x_aq_vfmau_top/x_aq_vfmau_dp/x_aq_vfmau_mult/x_aq_vfmau_frac_mult/multiplier_53x27/part_product7[53:0]       68   0.000957   6.043500 3.676904  0.190023

-- ISA_INT (rare: edge_rate<1e-3) --
                                                                      signal  n_edges  edge_rate  impact_mW     lift  lvl_corr
              x_aq_vpu_top/x_aq_fcnvt_top/x_aq_fcnvt_double/ex1_bhalf_f[6:0]       23   0.000766   3.651391 2.520153  0.174947
x_aq_vpu_top/x_aq_fcnvt_top/x_aq_fcnvt_scalar_dp/bhalf0_frac_for_shift[15:0]       23   0.000766   3.651391 2.520153  0.174872
       x_aq_vpu_top/x_aq_fcnvt_top/x_aq_fcnvt_scalar_dp/bhalf0_for_ff1[63:0]       23   0.000766   3.651391 2.520153  0.174872
     x_aq_vpu_top/x_aq_fcnvt_top/x_aq_fcnvt_scalar_dp/ex1_norm_neg_src[63:0]       23   0.000766   3.651391 2.520153  0.173158
             x_aq_vpu_top/x_aq_fcnvt_top/x_aq_fcnvt_double/ex1_single_e[7:0]       23   0.000766   3.651391 2.520153  0.171885
                           x_aq_vpu_top/x_aq_fcnvt_top/ex1_single0_src[31:0]       23   0.000766   3.651391 2.520153  0.170857

-- ISA_LS (rare: edge_rate<1e-3) --
                                                      signal  n_edges  edge_rate  impact_mW     lift  lvl_corr
x_aq_vpu_top/x_aq_vpu_viq0_dp/vidu_vpu_vid_fp_inst_srcf2_vld       24   0.000288   1.530125 1.058264 -0.001190
                 x_aq_vpu_top/vidu_vpu_vid_fp_inst_srcf2_vld       24   0.000288   1.530125 1.058264 -0.001190
               x_aq_vpu_top/x_aq_vpu_viq0_dp/vid_f_srcf2_vld       24   0.000288   1.530125 1.058264 -0.001190
                  x_aq_vpu_top/vidu_vpu_vid_fp_inst_dste_vld       14   0.000168   1.746286 1.207765 -0.001114
                x_aq_vpu_top/x_aq_vpu_viq0_dp/vid_f_dste_vld       14   0.000168   1.746286 1.207765 -0.001114
 x_aq_vpu_top/x_aq_vpu_viq0_dp/vidu_vpu_vid_fp_inst_dste_vld       14   0.000168   1.746286 1.207765 -0.001114

-- ISA_THEAD (rare: edge_rate<1e-3) --
                                                                                  signal  n_edges  edge_rate  impact_mW     lift  lvl_corr
x_aq_vpu_top/x_aq_falu_top/x_aq_fadd_double_top/x_aq_fadd_double_add/ex1_double_eb[10:0]       12   0.000568   4.426583 3.034549  0.138526
x_aq_vpu_top/x_aq_vlsu_top/x_aq_vlsu_lsu_if/x_aq_vlsu_st_align_buffer/cur_merge_cnt[3:0]       16   0.000757   1.567250 1.074394  0.070583
          x_aq_vpu_top/x_aq_vlsu_top/x_aq_vlsu_lsu_if/x_aq_vlsu_st_align_buffer/rot[4:0]       16   0.000757   1.567250 1.074394  0.070583
                        x_aq_vpu_top/x_aq_fdsu_top/x_aq_fdsu_scalar_dp/ex1_divisor[54:0]       10   0.000473   3.543400 2.429101  0.061089
    x_aq_vpu_top/x_aq_vlsu_top/x_aq_vlsu_lsu_if/x_aq_vlsu_st_align_buffer/fwd_data_ready       10   0.000473   4.280700 2.934541  0.040926
                              x_aq_vpu_top/x_aq_vlsu_top/x_aq_vlsu_lsu_if/fwd_data_ready       10   0.000473   4.280700 2.934541  0.040926

-- MMU (rare: edge_rate<1e-3) --
Empty DataFrame
Columns: [signal, n_edges, edge_rate, impact_mW, lift, lvl_corr]
Index: []
===== module vpu DONE  Sun Aug 16 12:06:34 PM +08 2026 =====
