===== module lsu  Sun Aug 16 11:45:01 AM +08 2026 =====
--- compute_series ---
module=lsu  cases=['cache', 'coremark', 'csr', 'debug', 'exception', 'interrupt', 'ISA_FP', 'ISA_INT', 'ISA_LS', 'ISA_THEAD', 'MMU']  out=/ic/projects/A513software/jingbo.jiang/OnchipPowerModeling/out/x-opm/lsu_activity
computed csr 2736
computed cache 8313
computed interrupt 3563
computed exception 12169
computed debug 39228
computed ISA_INT 30030
computed ISA_THEAD 21143
computed MMU 4233
computed ISA_FP 71076
computed ISA_LS 83386
computed coremark 598030
plotted cache ->  /ic/projects/A513software/jingbo.jiang/OnchipPowerModeling/out/x-opm/lsu_activity/vpu_wave_cache.png corr 0.104
plotted coremark ->  /ic/projects/A513software/jingbo.jiang/OnchipPowerModeling/out/x-opm/lsu_activity/vpu_wave_coremark.png corr 0.605
plotted csr ->  /ic/projects/A513software/jingbo.jiang/OnchipPowerModeling/out/x-opm/lsu_activity/vpu_wave_csr.png corr 0.128
plotted debug ->  /ic/projects/A513software/jingbo.jiang/OnchipPowerModeling/out/x-opm/lsu_activity/vpu_wave_debug.png corr 0.063
plotted exception ->  /ic/projects/A513software/jingbo.jiang/OnchipPowerModeling/out/x-opm/lsu_activity/vpu_wave_exception.png corr 0.086
plotted interrupt ->  /ic/projects/A513software/jingbo.jiang/OnchipPowerModeling/out/x-opm/lsu_activity/vpu_wave_interrupt.png corr 0.32
plotted ISA_FP ->  /ic/projects/A513software/jingbo.jiang/OnchipPowerModeling/out/x-opm/lsu_activity/vpu_wave_ISA_FP.png corr 0.068
plotted ISA_INT ->  /ic/projects/A513software/jingbo.jiang/OnchipPowerModeling/out/x-opm/lsu_activity/vpu_wave_ISA_INT.png corr 0.509
plotted ISA_LS ->  /ic/projects/A513software/jingbo.jiang/OnchipPowerModeling/out/x-opm/lsu_activity/vpu_wave_ISA_LS.png corr 0.397
plotted ISA_THEAD ->  /ic/projects/A513software/jingbo.jiang/OnchipPowerModeling/out/x-opm/lsu_activity/vpu_wave_ISA_THEAD.png corr 0.63
plotted MMU ->  /ic/projects/A513software/jingbo.jiang/OnchipPowerModeling/out/x-opm/lsu_activity/vpu_wave_MMU.png corr 0.317
--- compute_signal_stats ---
module=lsu  cases=['cache', 'coremark', 'csr', 'debug', 'exception', 'interrupt', 'ISA_FP', 'ISA_INT', 'ISA_LS', 'ISA_THEAD', 'MMU']  out=/ic/projects/A513software/jingbo.jiang/OnchipPowerModeling/out/x-opm/lsu_activity
done csr
done cache
done interrupt
done exception
done debug
done ISA_INT
done ISA_FP
done MMU
done ISA_THEAD
done ISA_LS
done coremark
[
  {
    "case": "csr",
    "n_cycles": 2736,
    "n_signals": 7538,
    "n_constant_signals": 5641,
    "big_step_thr_mW": 14.58,
    "n_big_steps": 29,
    "coverage_by_informative_edge(er<0.5)": 0.966,
    "coverage_by_any_nonclock_edge": 0.966,
    "mean_abs_dP_mW": 7.6506
  },
  {
    "case": "cache",
    "n_cycles": 8313,
    "n_signals": 7538,
    "n_constant_signals": 5147,
    "big_step_thr_mW": 15.97,
    "n_big_steps": 84,
    "coverage_by_informative_edge(er<0.5)": 1.0,
    "coverage_by_any_nonclock_edge": 1.0,
    "mean_abs_dP_mW": 7.6713
  },
  {
    "case": "interrupt",
    "n_cycles": 3563,
    "n_signals": 7538,
    "n_constant_signals": 3902,
    "big_step_thr_mW": 26.8817,
    "n_big_steps": 36,
    "coverage_by_informative_edge(er<0.5)": 0.944,
    "coverage_by_any_nonclock_edge": 0.944,
    "mean_abs_dP_mW": 7.9756
  },
  {
    "case": "exception",
    "n_cycles": 12169,
    "n_signals": 7538,
    "n_constant_signals": 3556,
    "big_step_thr_mW": 52.04,
    "n_big_steps": 125,
    "coverage_by_informative_edge(er<0.5)": 0.816,
    "coverage_by_any_nonclock_edge": 0.816,
    "mean_abs_dP_mW": 12.041
  },
  {
    "case": "debug",
    "n_cycles": 39228,
    "n_signals": 7538,
    "n_constant_signals": 4731,
    "big_step_thr_mW": 14.52,
    "n_big_steps": 468,
    "coverage_by_informative_edge(er<0.5)": 0.158,
    "coverage_by_any_nonclock_edge": 0.158,
    "mean_abs_dP_mW": 7.4878
  },
  {
    "case": "ISA_INT",
    "n_cycles": 30030,
    "n_signals": 7538,
    "n_constant_signals": 3704,
    "big_step_thr_mW": 31.2324,
    "n_big_steps": 301,
    "coverage_by_informative_edge(er<0.5)": 1.0,
    "coverage_by_any_nonclock_edge": 1.0,
    "mean_abs_dP_mW": 7.9757
  },
  {
    "case": "ISA_FP",
    "n_cycles": 71076,
    "n_signals": 7538,
    "n_constant_signals": 4040,
    "big_step_thr_mW": 14.66,
    "n_big_steps": 715,
    "coverage_by_informative_edge(er<0.5)": 0.786,
    "coverage_by_any_nonclock_edge": 0.786,
    "mean_abs_dP_mW": 7.4749
  },
  {
    "case": "MMU",
    "n_cycles": 4233,
    "n_signals": 7538,
    "n_constant_signals": 3975,
    "big_step_thr_mW": 26.8788,
    "n_big_steps": 43,
    "coverage_by_informative_edge(er<0.5)": 0.884,
    "coverage_by_any_nonclock_edge": 0.884,
    "mean_abs_dP_mW": 7.9453
  },
  {
    "case": "ISA_THEAD",
    "n_cycles": 21143,
    "n_signals": 7538,
    "n_constant_signals": 3541,
    "big_step_thr_mW": 42.71,
    "n_big_steps": 213,
    "coverage_by_informative_edge(er<0.5)": 1.0,
    "coverage_by_any_nonclock_edge": 1.0,
    "mean_abs_dP_mW": 8.2845
  },
  {
    "case": "ISA_LS",
    "n_cycles": 83386,
    "n_signals": 7538,
    "n_constant_signals": 3130,
    "big_step_thr_mW": 25.2032,
    "n_big_steps": 834,
    "coverage_by_informative_edge(er<0.5)": 0.988,
    "coverage_by_any_nonclock_edge": 0.988,
    "mean_abs_dP_mW": 7.7559
  },
  {
    "case": "coremark",
    "n_cycles": 598030,
    "n_signals": 7538,
    "n_constant_signals": 3279,
    "big_step_thr_mW": 59.6772,
    "n_big_steps": 5981,
    "coverage_by_informative_edge(er<0.5)": 1.0,
    "coverage_by_any_nonclock_edge": 1.0,
    "mean_abs_dP_mW": 14.3887
  }
]
--- correlate_toggle_power ---
module=lsu  cases=['cache', 'coremark', 'csr', 'debug', 'exception', 'interrupt', 'ISA_FP', 'ISA_INT', 'ISA_LS', 'ISA_THEAD', 'MMU']  out=/ic/projects/A513software/jingbo.jiang/OnchipPowerModeling/out/x-opm/lsu_activity
/home/jingbo.jiang/anaconda3/lib/python3.14/site-packages/numpy/lib/_nanfunctions_impl.py:1396: RuntimeWarning: All-NaN slice encountered
  return _nanquantile_unchecked(

===== cache  (n=8,313) =====
  target     spearman  sp.null  pearson  pe.null  bestW
  tv            0.341    0.145    0.399    0.138     32
  maxstep       0.537    0.265    0.565    0.299     32
  range         0.547    0.252    0.540    0.295     16
  level         0.807    0.207    0.543    0.215     64
  SWITCHING headline (max Spearman over ['tv', 'maxstep']): 0.537 [maxstep @W=32]  null95=0.287  honest=0.249  p=0.000  (Pearson_max=0.622)
  LEVEL track: best in-scope |lvl_corr|=0.262 (0 signals >|0.3|, of 632 tested)
  >>> VERDICT: PARTIAL — switching explains some of it.  And no in-scope signal's LEVEL tracks power either → driver likely OFF-CAMERA/noise: widen scope or check the power estimate.
  wrote /ic/projects/A513software/jingbo.jiang/OnchipPowerModeling/out/x-opm/lsu_activity/corr_toggle_power_cache.png

===== coremark  (n=598,030) =====
  target     spearman  sp.null  pearson  pe.null  bestW
  tv            0.925    0.218    0.867    0.213    256
  maxstep       0.645    0.065    0.566    0.059      4
  range         0.660    0.068    0.600    0.057      4
  level         0.897    0.147    0.895    0.181      8
  SWITCHING headline (max Spearman over ['tv', 'maxstep']): 0.938 [tv @W=512]  null95=0.250  honest=0.687  p=0.000  (Pearson_max=0.873)
  LEVEL track: best in-scope |lvl_corr|=0.757 (241 signals >|0.3|, of 3012 tested)
  >>> VERDICT: LEARNABLE — datapath switching drives power (set model window ≈ 512 cyc).
  wrote /ic/projects/A513software/jingbo.jiang/OnchipPowerModeling/out/x-opm/lsu_activity/corr_toggle_power_coremark.png

===== csr  (n=2,736) =====
  target     spearman  sp.null  pearson  pe.null  bestW
  tv            0.200    0.151    0.206    0.172      4
  maxstep       0.457    0.330    0.174    0.184     16
  range         0.410    0.246    0.160    0.130      8
  level         0.376    0.233    0.324    0.243      2
  SWITCHING headline (max Spearman over ['tv', 'maxstep']): 0.457 [maxstep @W=16]  null95=0.333  honest=0.125  p=0.000  (Pearson_max=0.475)
  LEVEL track: best in-scope |lvl_corr|=0.308 (13 signals >|0.3|, of 451 tested)
  >>> VERDICT: switching does NOT track power movement (unweighted-toggle screen is negative).  BUT an in-scope control/STATE signal tracks the power LEVEL (|lvl_corr|=0.308, 13 signals >|0.3|) → LEARNABLE from LEVEL features, not switching. Add them; see Diagnostic A/C.
  wrote /ic/projects/A513software/jingbo.jiang/OnchipPowerModeling/out/x-opm/lsu_activity/corr_toggle_power_csr.png

===== debug  (n=39,228) =====
  target     spearman  sp.null  pearson  pe.null  bestW
  tv            0.102    0.081    0.343    0.073    128
  maxstep       0.410    0.283    0.498    0.143    256
  range         0.624    0.290    0.559    0.140    256
  level         0.098    0.058    0.199    0.017      2
  SWITCHING headline (max Spearman over ['tv', 'maxstep']): 0.410 [maxstep @W=256]  null95=0.292  honest=0.117  p=0.000  (Pearson_max=0.531)
  LEVEL track: best in-scope |lvl_corr|=0.095 (0 signals >|0.3|, of 455 tested)
  >>> VERDICT: switching does NOT track power movement (unweighted-toggle screen is negative).  And no in-scope signal's LEVEL tracks power either → driver likely OFF-CAMERA/noise: widen scope or check the power estimate.
  wrote /ic/projects/A513software/jingbo.jiang/OnchipPowerModeling/out/x-opm/lsu_activity/corr_toggle_power_debug.png

===== exception  (n=12,169) =====
  target     spearman  sp.null  pearson  pe.null  bestW
  tv            0.349    0.201    0.065    0.232     64
  maxstep       0.613    0.195    0.367    0.170     64
  range         0.680    0.175    0.449    0.173     64
  level         0.309    0.212    0.034    0.220     64
  SWITCHING headline (max Spearman over ['tv', 'maxstep']): 0.613 [maxstep @W=64]  null95=0.240  honest=0.373  p=0.000  (Pearson_max=0.367)
  LEVEL track: best in-scope |lvl_corr|=0.803 (267 signals >|0.3|, of 2474 tested)
  >>> VERDICT: PARTIAL — switching explains some of it.  BUT an in-scope control/STATE signal tracks the power LEVEL (|lvl_corr|=0.803, 267 signals >|0.3|) → LEARNABLE from LEVEL features, not switching. Add them; see Diagnostic A/C.
  wrote /ic/projects/A513software/jingbo.jiang/OnchipPowerModeling/out/x-opm/lsu_activity/corr_toggle_power_exception.png

===== interrupt  (n=3,563) =====
  target     spearman  sp.null  pearson  pe.null  bestW
  tv            0.349    0.181    0.611    0.120      8
  maxstep       0.517    0.302    0.812    0.100     16
  range         0.536    0.324    0.813    0.107     16
  level         0.555    0.252    0.617    0.132     16
  SWITCHING headline (max Spearman over ['tv', 'maxstep']): 0.517 [maxstep @W=16]  null95=0.320  honest=0.197  p=0.000  (Pearson_max=0.812, BURST-concentrated)
  LEVEL track: best in-scope |lvl_corr|=0.589 (189 signals >|0.3|, of 1641 tested)
  >>> VERDICT: switching does NOT track power movement (unweighted-toggle screen is negative).  BUT an in-scope control/STATE signal tracks the power LEVEL (|lvl_corr|=0.589, 189 signals >|0.3|) → LEARNABLE from LEVEL features, not switching. Add them; see Diagnostic A/C.
  wrote /ic/projects/A513software/jingbo.jiang/OnchipPowerModeling/out/x-opm/lsu_activity/corr_toggle_power_interrupt.png

===== ISA_FP  (n=71,076) =====
  target     spearman  sp.null  pearson  pe.null  bestW
  tv            0.069    0.026    0.240    0.034     16
  maxstep       0.428    0.059    0.317    0.046     32
  range         0.468    0.061    0.326    0.041     16
  level         0.271    0.048    0.335    0.048     32
  SWITCHING headline (max Spearman over ['tv', 'maxstep']): 0.428 [maxstep @W=32]  null95=0.192  honest=0.235  p=0.000  (Pearson_max=0.378)
  LEVEL track: best in-scope |lvl_corr|=0.202 (0 signals >|0.3|, of 1645 tested)
  >>> VERDICT: PARTIAL — switching explains some of it.  And no in-scope signal's LEVEL tracks power either → driver likely OFF-CAMERA/noise: widen scope or check the power estimate.
  wrote /ic/projects/A513software/jingbo.jiang/OnchipPowerModeling/out/x-opm/lsu_activity/corr_toggle_power_ISA_FP.png

===== ISA_INT  (n=30,030) =====
  target     spearman  sp.null  pearson  pe.null  bestW
  tv            0.438    0.172    0.876    0.244    128
  maxstep       0.611    0.187    0.811    0.197     64
  range         0.671    0.190    0.817    0.194     64
  level         0.552    0.210    0.861    0.227    128
  SWITCHING headline (max Spearman over ['tv', 'maxstep']): 0.611 [maxstep @W=64]  null95=0.271  honest=0.339  p=0.000  (Pearson_max=0.876, BURST-concentrated)
  LEVEL track: best in-scope |lvl_corr|=0.678 (246 signals >|0.3|, of 2455 tested)
  >>> VERDICT: PARTIAL — switching explains some of it, concentrated in high-switching bursts.  BUT an in-scope control/STATE signal tracks the power LEVEL (|lvl_corr|=0.678, 246 signals >|0.3|) → LEARNABLE from LEVEL features, not switching. Add them; see Diagnostic A/C.
  wrote /ic/projects/A513software/jingbo.jiang/OnchipPowerModeling/out/x-opm/lsu_activity/corr_toggle_power_ISA_INT.png

===== ISA_LS  (n=83,386) =====
  target     spearman  sp.null  pearson  pe.null  bestW
  tv            0.582    0.089    0.619    0.093    128
  maxstep       0.728    0.091    0.661    0.089    128
  range         0.735    0.105    0.678    0.090    128
  level         0.544    0.142    0.503    0.124    128
  SWITCHING headline (max Spearman over ['tv', 'maxstep']): 0.728 [maxstep @W=128]  null95=0.244  honest=0.483  p=0.000  (Pearson_max=0.730)
  LEVEL track: best in-scope |lvl_corr|=0.630 (337 signals >|0.3|, of 3041 tested)
  >>> VERDICT: PARTIAL — switching explains some of it.  BUT an in-scope control/STATE signal tracks the power LEVEL (|lvl_corr|=0.63, 337 signals >|0.3|) → LEARNABLE from LEVEL features, not switching. Add them; see Diagnostic A/C.
  wrote /ic/projects/A513software/jingbo.jiang/OnchipPowerModeling/out/x-opm/lsu_activity/corr_toggle_power_ISA_LS.png

===== ISA_THEAD  (n=21,143) =====
  target     spearman  sp.null  pearson  pe.null  bestW
  tv            0.638    0.374    0.890    0.474     64
  maxstep       0.633    0.247    0.842    0.387     32
  range         0.653    0.260    0.863    0.394     32
  level         0.670    0.327    0.925    0.358     32
  SWITCHING headline (max Spearman over ['tv', 'maxstep']): 0.780 [tv @W=128]  null95=0.648  honest=0.132  p=0.000  (Pearson_max=0.890)
  LEVEL track: best in-scope |lvl_corr|=0.775 (403 signals >|0.3|, of 2443 tested)
  >>> VERDICT: switching does NOT track power movement (unweighted-toggle screen is negative).  BUT an in-scope control/STATE signal tracks the power LEVEL (|lvl_corr|=0.775, 403 signals >|0.3|) → LEARNABLE from LEVEL features, not switching. Add them; see Diagnostic A/C.
  wrote /ic/projects/A513software/jingbo.jiang/OnchipPowerModeling/out/x-opm/lsu_activity/corr_toggle_power_ISA_THEAD.png

===== MMU  (n=4,233) =====
  target     spearman  sp.null  pearson  pe.null  bestW
  tv            0.401    0.174    0.769    0.338     32
  maxstep       0.565    0.271    0.746    0.363     32
  range         0.583    0.259    0.786    0.323     32
  level         0.570    0.310    0.754    0.347     32
  SWITCHING headline (max Spearman over ['tv', 'maxstep']): 0.565 [maxstep @W=32]  null95=0.277  honest=0.287  p=0.000  (Pearson_max=0.769, BURST-concentrated)
  LEVEL track: best in-scope |lvl_corr|=0.687 (189 signals >|0.3|, of 1692 tested)
  >>> VERDICT: PARTIAL — switching explains some of it, concentrated in high-switching bursts.  BUT an in-scope control/STATE signal tracks the power LEVEL (|lvl_corr|=0.687, 189 signals >|0.3|) → LEARNABLE from LEVEL features, not switching. Add them; see Diagnostic A/C.
  wrote /ic/projects/A513software/jingbo.jiang/OnchipPowerModeling/out/x-opm/lsu_activity/corr_toggle_power_MMU.png

wrote /ic/projects/A513software/jingbo.jiang/OnchipPowerModeling/out/x-opm/lsu_activity/corr_toggle_power.json and .csv
--- plot_relevance ---
module=lsu  cases=['cache', 'coremark', 'csr', 'debug', 'exception', 'interrupt', 'ISA_FP', 'ISA_INT', 'ISA_LS', 'ISA_THEAD', 'MMU']  out=/ic/projects/A513software/jingbo.jiang/OnchipPowerModeling/out/x-opm/lsu_activity
cache: 0 rare(edge_rate<1e-3)+relevant(|corr|>0.3) signals -> /ic/projects/A513software/jingbo.jiang/OnchipPowerModeling/out/x-opm/lsu_activity/relevance_cache.png
cache: covered=84 unexplained=0 (0.0%) -> /ic/projects/A513software/jingbo.jiang/OnchipPowerModeling/out/x-opm/lsu_activity/coverage_cache.png
coremark: 0 rare(edge_rate<1e-3)+relevant(|corr|>0.3) signals -> /ic/projects/A513software/jingbo.jiang/OnchipPowerModeling/out/x-opm/lsu_activity/relevance_coremark.png
coremark: covered=5981 unexplained=0 (0.0%) -> /ic/projects/A513software/jingbo.jiang/OnchipPowerModeling/out/x-opm/lsu_activity/coverage_coremark.png
csr: 0 rare(edge_rate<1e-3)+relevant(|corr|>0.3) signals -> /ic/projects/A513software/jingbo.jiang/OnchipPowerModeling/out/x-opm/lsu_activity/relevance_csr.png
csr: covered=28 unexplained=1 (3.4%) -> /ic/projects/A513software/jingbo.jiang/OnchipPowerModeling/out/x-opm/lsu_activity/coverage_csr.png
debug: 0 rare(edge_rate<1e-3)+relevant(|corr|>0.3) signals -> /ic/projects/A513software/jingbo.jiang/OnchipPowerModeling/out/x-opm/lsu_activity/relevance_debug.png
debug: covered=74 unexplained=394 (84.2%) -> /ic/projects/A513software/jingbo.jiang/OnchipPowerModeling/out/x-opm/lsu_activity/coverage_debug.png
exception: 12 rare(edge_rate<1e-3)+relevant(|corr|>0.3) signals -> /ic/projects/A513software/jingbo.jiang/OnchipPowerModeling/out/x-opm/lsu_activity/relevance_exception.png
exception: covered=102 unexplained=23 (18.4%) -> /ic/projects/A513software/jingbo.jiang/OnchipPowerModeling/out/x-opm/lsu_activity/coverage_exception.png
interrupt: 59 rare(edge_rate<1e-3)+relevant(|corr|>0.3) signals -> /ic/projects/A513software/jingbo.jiang/OnchipPowerModeling/out/x-opm/lsu_activity/relevance_interrupt.png
interrupt: covered=34 unexplained=2 (5.6%) -> /ic/projects/A513software/jingbo.jiang/OnchipPowerModeling/out/x-opm/lsu_activity/coverage_interrupt.png
ISA_FP: 0 rare(edge_rate<1e-3)+relevant(|corr|>0.3) signals -> /ic/projects/A513software/jingbo.jiang/OnchipPowerModeling/out/x-opm/lsu_activity/relevance_ISA_FP.png
ISA_FP: covered=562 unexplained=153 (21.4%) -> /ic/projects/A513software/jingbo.jiang/OnchipPowerModeling/out/x-opm/lsu_activity/coverage_ISA_FP.png
ISA_INT: 0 rare(edge_rate<1e-3)+relevant(|corr|>0.3) signals -> /ic/projects/A513software/jingbo.jiang/OnchipPowerModeling/out/x-opm/lsu_activity/relevance_ISA_INT.png
ISA_INT: covered=301 unexplained=0 (0.0%) -> /ic/projects/A513software/jingbo.jiang/OnchipPowerModeling/out/x-opm/lsu_activity/coverage_ISA_INT.png
ISA_LS: 8 rare(edge_rate<1e-3)+relevant(|corr|>0.3) signals -> /ic/projects/A513software/jingbo.jiang/OnchipPowerModeling/out/x-opm/lsu_activity/relevance_ISA_LS.png
ISA_LS: covered=824 unexplained=10 (1.2%) -> /ic/projects/A513software/jingbo.jiang/OnchipPowerModeling/out/x-opm/lsu_activity/coverage_ISA_LS.png
ISA_THEAD: 0 rare(edge_rate<1e-3)+relevant(|corr|>0.3) signals -> /ic/projects/A513software/jingbo.jiang/OnchipPowerModeling/out/x-opm/lsu_activity/relevance_ISA_THEAD.png
ISA_THEAD: covered=213 unexplained=0 (0.0%) -> /ic/projects/A513software/jingbo.jiang/OnchipPowerModeling/out/x-opm/lsu_activity/coverage_ISA_THEAD.png
MMU: 0 rare(edge_rate<1e-3)+relevant(|corr|>0.3) signals -> /ic/projects/A513software/jingbo.jiang/OnchipPowerModeling/out/x-opm/lsu_activity/relevance_MMU.png
MMU: covered=38 unexplained=5 (11.6%) -> /ic/projects/A513software/jingbo.jiang/OnchipPowerModeling/out/x-opm/lsu_activity/coverage_MMU.png

==== rare-but-relevant control/state signals (n_edges>=10, sorted by |lvl_corr|) ====

-- cache (rare: edge_rate<1e-3) --
Empty DataFrame
Columns: [signal, n_edges, edge_rate, impact_mW, lift, lvl_corr]
Index: []

-- coremark (rare: edge_rate<1e-3) --
                                                                 signal  n_edges  edge_rate  impact_mW     lift  lvl_corr
x_aq_lsu_top/x_aq_lsu_stb/x_aq_lsu_stb_entry_1/stb_entryx_dca_type[1:0]      281   0.000470  18.149644 1.261384  0.219995
                     x_aq_lsu_top/x_aq_lsu_stb/stb_entry1_dca_type[1:0]      281   0.000470  18.149644 1.261384  0.219995
                     x_aq_lsu_top/x_aq_lsu_stb/stb_entry2_dca_type[1:0]      230   0.000385  18.042565 1.253942  0.219267
x_aq_lsu_top/x_aq_lsu_stb/x_aq_lsu_stb_entry_2/stb_entryx_dca_type[1:0]      230   0.000385  18.042565 1.253942  0.219267
x_aq_lsu_top/x_aq_lsu_stb/x_aq_lsu_stb_entry_3/stb_entryx_dca_type[1:0]      272   0.000455  17.439044 1.211998  0.213082
                     x_aq_lsu_top/x_aq_lsu_stb/stb_entry3_dca_type[1:0]      272   0.000455  17.439044 1.211998  0.213082

-- csr (rare: edge_rate<1e-3) --
Empty DataFrame
Columns: [signal, n_edges, edge_rate, impact_mW, lift, lvl_corr]
Index: []

-- debug (rare: edge_rate<1e-3) --
                                                                                                        signal  n_edges  edge_rate  impact_mW     lift  lvl_corr
x_aq_lsu_top/x_aq_dcache_top/x_aq_dcache_tag_array_bank0/x_aq_spsram_64x58_bank1/x_aq_f_spsram_64x58/WEN[57:0]       10   0.000255     10.293 1.374635 -0.094624
x_aq_lsu_top/x_aq_dcache_top/x_aq_dcache_tag_array_bank1/x_aq_spsram_64x58_bank0/x_aq_f_spsram_64x58/WEN[57:0]       10   0.000255     10.293 1.374635 -0.094624
                    x_aq_lsu_top/x_aq_dcache_top/x_aq_dcache_tag_array_bank1/x_aq_spsram_64x58_bank0/WEN[57:0]       10   0.000255     10.293 1.374635 -0.094624
                    x_aq_lsu_top/x_aq_dcache_top/x_aq_dcache_tag_array_bank1/x_aq_spsram_64x58_bank1/WEN[57:0]       10   0.000255     10.293 1.374635 -0.094624
x_aq_lsu_top/x_aq_dcache_top/x_aq_dcache_tag_array_bank1/x_aq_spsram_64x58_bank1/x_aq_f_spsram_64x58/WEN[57:0]       10   0.000255     10.293 1.374635 -0.094624
x_aq_lsu_top/x_aq_dcache_top/x_aq_dcache_tag_array_bank0/x_aq_spsram_64x58_bank0/x_aq_f_spsram_64x58/WEN[57:0]       10   0.000255     10.293 1.374635 -0.094624

-- exception (rare: edge_rate<1e-3) --
                                                               signal  n_edges  edge_rate  impact_mW     lift  lvl_corr
      x_aq_lsu_top/x_aq_lsu_lfb/x_aq_lsu_lfb_entry_4/dc_hit_lfb_idx_x       12   0.000986  21.308333 1.769650  0.383808
     x_aq_lsu_top/x_aq_lsu_lfb/x_aq_lsu_lfb_entry_4/dc_hit_lfb_addr_x       12   0.000986  21.308333 1.769650  0.383808
     x_aq_lsu_top/x_aq_lsu_lfb/x_aq_lsu_lfb_entry_6/lfb_ref_tag[27:0]       10   0.000822  13.978000 1.160868  0.321967
                     x_aq_lsu_top/x_aq_lsu_lfb/lfb_entry6_mtval[39:0]       10   0.000822  13.978000 1.160868  0.321965
x_aq_lsu_top/x_aq_lsu_lfb/x_aq_lsu_lfb_entry_6/lfb_entryx_mtval[39:0]       10   0.000822  13.978000 1.160868  0.321965
   x_aq_lsu_top/x_aq_lsu_lfb/x_aq_lsu_lfb_entry_6/lfb_ref_offset[1:0]       10   0.000822  13.978000 1.160868  0.318170

-- interrupt (rare: edge_rate<1e-3) --
Empty DataFrame
Columns: [signal, n_edges, edge_rate, impact_mW, lift, lvl_corr]
Index: []

-- ISA_FP (rare: edge_rate<1e-3) --
                                                                                                 signal  n_edges  edge_rate  impact_mW     lift  lvl_corr
x_aq_lsu_top/x_aq_dcache_top/x_aq_dcache_data_array_bank1/x_aq_spsram_1024x64/x_aq_f_spsram_1024x64/CEN       37   0.000521  29.617027 3.962173 -0.201543
                      x_aq_lsu_top/x_aq_dcache_top/x_aq_dcache_data_array_bank1/x_aq_spsram_1024x64/CEN       37   0.000521  29.617027 3.962173 -0.201543
                                                                     x_aq_lsu_top/dcache_data_cen_bank1       37   0.000521  29.617027 3.962173 -0.201543
                                     x_aq_lsu_top/x_aq_dcache_top/x_aq_dcache_data_array_bank1/data_cen       37   0.000521  29.617027 3.962173 -0.201543
                                                     x_aq_lsu_top/x_aq_dcache_top/dcache_data_cen_bank1       37   0.000521  29.617027 3.962173 -0.201543
                                                        x_aq_lsu_top/x_aq_lsu_arb/dcache_data_cen_bank1       37   0.000521  29.617027 3.962173 -0.201543

-- ISA_INT (rare: edge_rate<1e-3) --
                                                               signal  n_edges  edge_rate  impact_mW     lift  lvl_corr
           x_aq_lsu_top/x_aq_lsu_stb/x_aq_lsu_stb_entry_0/stb_cur_wca       22   0.000733  25.360455 3.179709  0.160426
x_aq_lsu_top/x_aq_lsu_stb/x_aq_lsu_stb_entry_0/stb_entry_dcache_req_x       22   0.000733  25.360455 3.179709  0.160426
                          x_aq_lsu_top/x_aq_lsu_dc/dc_pfb_ld_vld_gate       18   0.000599  31.162778 3.907207  0.145685
                                      x_aq_lsu_top/dc_pfb_ld_vld_gate       18   0.000599  31.162778 3.907207  0.145685
               x_aq_lsu_top/x_aq_lsu_pfb_top/ppfb_create_en_gate[3:0]       18   0.000599  31.162778 3.907207  0.145685
            x_aq_lsu_top/x_aq_lsu_pfb_top/x_aq_lsu_gpfb/pf_start_gate       18   0.000599  31.162778 3.907207  0.145685

-- ISA_LS (rare: edge_rate<1e-3) --
                                                               signal  n_edges  edge_rate  impact_mW     lift  lvl_corr
x_aq_lsu_top/x_aq_lsu_stb/x_aq_lsu_stb_entry_1/stb_entry_dcache_req_x       40   0.000480  30.143250 3.886471  0.328558
           x_aq_lsu_top/x_aq_lsu_stb/x_aq_lsu_stb_entry_1/stb_cur_wca       40   0.000480  30.143250 3.886471  0.328558
                                       x_aq_lsu_top/stb_arb_data1_req       42   0.000504  27.842857 3.589874  0.321010
                          x_aq_lsu_top/x_aq_lsu_stb/stb_arb_data1_req       42   0.000504  27.842857 3.589874  0.321010
                          x_aq_lsu_top/x_aq_lsu_arb/stb_arb_data1_req       42   0.000504  27.842857 3.589874  0.321010
                                       x_aq_lsu_top/stb_arb_data0_req       36   0.000432  32.379722 4.174827  0.301439

-- ISA_THEAD (rare: edge_rate<1e-3) --
                                                          signal  n_edges  edge_rate  impact_mW     lift  lvl_corr
                x_aq_lsu_top/x_aq_lsu_ag/ag_pipe_lsi_offset_mask       21   0.000993  23.000000 2.776282 -0.148590
x_aq_lsu_top/x_aq_lsu_stb/x_aq_lsu_stb_entry_0/pfb_hit_stb_idx_x       18   0.000851  12.923889 1.560015  0.130967
              x_aq_lsu_top/x_aq_lsu_ag/ag_pipe_unalign_fsm_start       20   0.000946  17.294000 2.087522  0.130846
                    x_aq_lsu_top/x_aq_lsu_ag/ag_pipe_unalign_req       20   0.000946  17.294000 2.087522  0.130846
                                      x_aq_lsu_top/ag_dc_unalign       20   0.000946  17.294000 2.087522  0.130846
                         x_aq_lsu_top/x_aq_lsu_ag/unalign_src_up       20   0.000946  17.294000 2.087522  0.130846

-- MMU (rare: edge_rate<1e-3) --
Empty DataFrame
Columns: [signal, n_edges, edge_rate, impact_mW, lift, lvl_corr]
Index: []
===== module lsu DONE  Sun Aug 16 12:07:18 PM +08 2026 =====
