===== module rtu  Sun Aug 16 11:45:01 AM +08 2026 =====
--- compute_series ---
module=rtu  cases=['cache', 'conv_softmax', 'coremark', 'csr', 'debug', 'exception', 'interrupt', 'ISA_FP', 'ISA_INT', 'ISA_LS', 'ISA_THEAD', 'MMU']  out=/ic/projects/A513software/jingbo.jiang/OnchipPowerModeling/out/x-opm/rtu_activity
computed csr 2736
computed cache 8313
computed exception 12169
computed interrupt 3563
computed debug 39228
computed ISA_INT 30030
computed ISA_FP 71076
computed ISA_THEAD 21143
computed MMU 4233
computed ISA_LS 83386
computed coremark 598030
computed conv_softmax 1438221
plotted cache ->  /ic/projects/A513software/jingbo.jiang/OnchipPowerModeling/out/x-opm/rtu_activity/vpu_wave_cache.png corr 0.042
plotted conv_softmax ->  /ic/projects/A513software/jingbo.jiang/OnchipPowerModeling/out/x-opm/rtu_activity/vpu_wave_conv_softmax.png corr 0.581
plotted coremark ->  /ic/projects/A513software/jingbo.jiang/OnchipPowerModeling/out/x-opm/rtu_activity/vpu_wave_coremark.png corr 0.503
plotted csr ->  /ic/projects/A513software/jingbo.jiang/OnchipPowerModeling/out/x-opm/rtu_activity/vpu_wave_csr.png corr 0.082
plotted debug ->  /ic/projects/A513software/jingbo.jiang/OnchipPowerModeling/out/x-opm/rtu_activity/vpu_wave_debug.png corr 0.214
plotted exception ->  /ic/projects/A513software/jingbo.jiang/OnchipPowerModeling/out/x-opm/rtu_activity/vpu_wave_exception.png corr 0.261
plotted interrupt ->  /ic/projects/A513software/jingbo.jiang/OnchipPowerModeling/out/x-opm/rtu_activity/vpu_wave_interrupt.png corr 0.183
plotted ISA_FP ->  /ic/projects/A513software/jingbo.jiang/OnchipPowerModeling/out/x-opm/rtu_activity/vpu_wave_ISA_FP.png corr 0.705
plotted ISA_INT ->  /ic/projects/A513software/jingbo.jiang/OnchipPowerModeling/out/x-opm/rtu_activity/vpu_wave_ISA_INT.png corr 0.597
plotted ISA_LS ->  /ic/projects/A513software/jingbo.jiang/OnchipPowerModeling/out/x-opm/rtu_activity/vpu_wave_ISA_LS.png corr 0.723
plotted ISA_THEAD ->  /ic/projects/A513software/jingbo.jiang/OnchipPowerModeling/out/x-opm/rtu_activity/vpu_wave_ISA_THEAD.png corr 0.596
plotted MMU ->  /ic/projects/A513software/jingbo.jiang/OnchipPowerModeling/out/x-opm/rtu_activity/vpu_wave_MMU.png corr 0.202
--- compute_signal_stats ---
module=rtu  cases=['cache', 'conv_softmax', 'coremark', 'csr', 'debug', 'exception', 'interrupt', 'ISA_FP', 'ISA_INT', 'ISA_LS', 'ISA_THEAD', 'MMU']  out=/ic/projects/A513software/jingbo.jiang/OnchipPowerModeling/out/x-opm/rtu_activity
done csr
done cache
done exception
done debug
done interrupt
done ISA_INT
done ISA_FP
done ISA_THEAD
done MMU
done ISA_LS
done coremark
done conv_softmax
[
  {
    "case": "csr",
    "n_cycles": 2736,
    "n_signals": 763,
    "n_constant_signals": 460,
    "big_step_thr_mW": 1.1185,
    "n_big_steps": 28,
    "coverage_by_informative_edge(er<0.5)": 1.0,
    "coverage_by_any_nonclock_edge": 1.0,
    "mean_abs_dP_mW": 0.2733
  },
  {
    "case": "cache",
    "n_cycles": 8313,
    "n_signals": 763,
    "n_constant_signals": 440,
    "big_step_thr_mW": 0.8577,
    "n_big_steps": 84,
    "coverage_by_informative_edge(er<0.5)": 0.69,
    "coverage_by_any_nonclock_edge": 0.69,
    "mean_abs_dP_mW": 0.3073
  },
  {
    "case": "exception",
    "n_cycles": 12169,
    "n_signals": 763,
    "n_constant_signals": 377,
    "big_step_thr_mW": 0.9302,
    "n_big_steps": 122,
    "coverage_by_informative_edge(er<0.5)": 1.0,
    "coverage_by_any_nonclock_edge": 1.0,
    "mean_abs_dP_mW": 0.2464
  },
  {
    "case": "debug",
    "n_cycles": 39228,
    "n_signals": 763,
    "n_constant_signals": 396,
    "big_step_thr_mW": 0.7415,
    "n_big_steps": 393,
    "coverage_by_informative_edge(er<0.5)": 0.176,
    "coverage_by_any_nonclock_edge": 0.176,
    "mean_abs_dP_mW": 0.1372
  },
  {
    "case": "interrupt",
    "n_cycles": 3563,
    "n_signals": 763,
    "n_constant_signals": 404,
    "big_step_thr_mW": 0.8756,
    "n_big_steps": 36,
    "coverage_by_informative_edge(er<0.5)": 0.917,
    "coverage_by_any_nonclock_edge": 0.917,
    "mean_abs_dP_mW": 0.2503
  },
  {
    "case": "ISA_INT",
    "n_cycles": 30030,
    "n_signals": 763,
    "n_constant_signals": 369,
    "big_step_thr_mW": 0.892,
    "n_big_steps": 301,
    "coverage_by_informative_edge(er<0.5)": 1.0,
    "coverage_by_any_nonclock_edge": 1.0,
    "mean_abs_dP_mW": 0.1899
  },
  {
    "case": "ISA_FP",
    "n_cycles": 71076,
    "n_signals": 763,
    "n_constant_signals": 379,
    "big_step_thr_mW": 1.1379,
    "n_big_steps": 711,
    "coverage_by_informative_edge(er<0.5)": 1.0,
    "coverage_by_any_nonclock_edge": 1.0,
    "mean_abs_dP_mW": 0.2028
  },
  {
    "case": "ISA_THEAD",
    "n_cycles": 21143,
    "n_signals": 763,
    "n_constant_signals": 402,
    "big_step_thr_mW": 0.8939,
    "n_big_steps": 212,
    "coverage_by_informative_edge(er<0.5)": 1.0,
    "coverage_by_any_nonclock_edge": 1.0,
    "mean_abs_dP_mW": 0.187
  },
  {
    "case": "MMU",
    "n_cycles": 4233,
    "n_signals": 763,
    "n_constant_signals": 407,
    "big_step_thr_mW": 0.8962,
    "n_big_steps": 43,
    "coverage_by_informative_edge(er<0.5)": 1.0,
    "coverage_by_any_nonclock_edge": 1.0,
    "mean_abs_dP_mW": 0.2516
  },
  {
    "case": "ISA_LS",
    "n_cycles": 83386,
    "n_signals": 763,
    "n_constant_signals": 407,
    "big_step_thr_mW": 0.7938,
    "n_big_steps": 834,
    "coverage_by_informative_edge(er<0.5)": 0.878,
    "coverage_by_any_nonclock_edge": 0.878,
    "mean_abs_dP_mW": 0.1697
  },
  {
    "case": "coremark",
    "n_cycles": 598030,
    "n_signals": 763,
    "n_constant_signals": 335,
    "big_step_thr_mW": 1.0454,
    "n_big_steps": 5982,
    "coverage_by_informative_edge(er<0.5)": 0.999,
    "coverage_by_any_nonclock_edge": 1.0,
    "mean_abs_dP_mW": 0.3876
  },
  {
    "case": "conv_softmax",
    "n_cycles": 1438221,
    "n_signals": 763,
    "n_constant_signals": 340,
    "big_step_thr_mW": 0.9863,
    "n_big_steps": 14516,
    "coverage_by_informative_edge(er<0.5)": 1.0,
    "coverage_by_any_nonclock_edge": 1.0,
    "mean_abs_dP_mW": 0.3077
  }
]
--- correlate_toggle_power ---
module=rtu  cases=['cache', 'conv_softmax', 'coremark', 'csr', 'debug', 'exception', 'interrupt', 'ISA_FP', 'ISA_INT', 'ISA_LS', 'ISA_THEAD', 'MMU']  out=/ic/projects/A513software/jingbo.jiang/OnchipPowerModeling/out/x-opm/rtu_activity
/home/jingbo.jiang/anaconda3/lib/python3.14/site-packages/numpy/lib/_nanfunctions_impl.py:1396: RuntimeWarning: All-NaN slice encountered
  return _nanquantile_unchecked(

===== cache  (n=8,313) =====
  target     spearman  sp.null  pearson  pe.null  bestW
  tv            0.082    0.063    0.146    0.051      1
  maxstep       0.607    0.195    0.610    0.191     64
  range         0.643    0.198    0.698    0.186     64
  level         0.239    0.188    0.120    0.205     64
  SWITCHING headline (max Spearman over ['tv', 'maxstep']): 0.607 [maxstep @W=64]  null95=0.205  honest=0.402  p=0.000  (Pearson_max=0.610)
  LEVEL track: best in-scope |lvl_corr|=0.829 (91 signals >|0.3|, of 233 tested)
  >>> VERDICT: PARTIAL — switching explains some of it.  BUT an in-scope control/STATE signal tracks the power LEVEL (|lvl_corr|=0.829, 91 signals >|0.3|) → LEARNABLE from LEVEL features, not switching. Add them; see Diagnostic A/C.
  wrote /ic/projects/A513software/jingbo.jiang/OnchipPowerModeling/out/x-opm/rtu_activity/corr_toggle_power_cache.png

===== conv_softmax  (n=1,438,221) =====
  target     spearman  sp.null  pearson  pe.null  bestW
  tv            0.537    0.073    0.606    0.052      8
  maxstep       0.646    0.060    0.624    0.044      8
  range         0.760    0.151    0.682    0.125      8
  level         0.518    0.138    0.616    0.112      4
  SWITCHING headline (max Spearman over ['tv', 'maxstep']): 0.694 [maxstep @W=16]  null95=0.472  honest=0.222  p=0.000  (Pearson_max=0.774)
  LEVEL track: best in-scope |lvl_corr|=0.803 (81 signals >|0.3|, of 338 tested)
  >>> VERDICT: PARTIAL — switching explains some of it.  BUT an in-scope control/STATE signal tracks the power LEVEL (|lvl_corr|=0.803, 81 signals >|0.3|) → LEARNABLE from LEVEL features, not switching. Add them; see Diagnostic A/C.
  wrote /ic/projects/A513software/jingbo.jiang/OnchipPowerModeling/out/x-opm/rtu_activity/corr_toggle_power_conv_softmax.png

===== coremark  (n=598,030) =====
  target     spearman  sp.null  pearson  pe.null  bestW
  tv            0.476    0.129    0.871    0.204    512
  maxstep       0.288    0.034    0.536    0.088      8
  range         0.224    0.032    0.362    0.056      4
  level         0.774    0.177    0.876    0.211    512
  SWITCHING headline (max Spearman over ['tv', 'maxstep']): 0.476 [tv @W=512]  null95=0.171  honest=0.304  p=0.000  (Pearson_max=0.871, BURST-concentrated)
  LEVEL track: best in-scope |lvl_corr|=0.725 (90 signals >|0.3|, of 326 tested)
  >>> VERDICT: PARTIAL — switching explains some of it, concentrated in high-switching bursts.  BUT an in-scope control/STATE signal tracks the power LEVEL (|lvl_corr|=0.725, 90 signals >|0.3|) → LEARNABLE from LEVEL features, not switching. Add them; see Diagnostic A/C.
  wrote /ic/projects/A513software/jingbo.jiang/OnchipPowerModeling/out/x-opm/rtu_activity/corr_toggle_power_coremark.png

===== csr  (n=2,736) =====
  target     spearman  sp.null  pearson  pe.null  bestW
  tv            0.187    0.106    0.309    0.110      2
  maxstep       0.511    0.251    0.565    0.216     16
  range         0.638    0.287    0.623    0.241     16
  level         0.087    0.129    0.064    0.136      1
  SWITCHING headline (max Spearman over ['tv', 'maxstep']): 0.511 [maxstep @W=16]  null95=0.270  honest=0.241  p=0.000  (Pearson_max=0.565)
  LEVEL track: best in-scope |lvl_corr|=0.925 (81 signals >|0.3|, of 221 tested)
  >>> VERDICT: PARTIAL — switching explains some of it.  BUT an in-scope control/STATE signal tracks the power LEVEL (|lvl_corr|=0.925, 81 signals >|0.3|) → LEARNABLE from LEVEL features, not switching. Add them; see Diagnostic A/C.
  wrote /ic/projects/A513software/jingbo.jiang/OnchipPowerModeling/out/x-opm/rtu_activity/corr_toggle_power_csr.png

===== debug  (n=39,228) =====
  target     spearman  sp.null  pearson  pe.null  bestW
  tv            0.757    0.307    0.435    0.382    256
  maxstep       0.738    0.218    0.611    0.273    256
  range         0.749    0.197    0.614    0.241    256
  level         0.761    0.297    0.196    0.329    256
  SWITCHING headline (max Spearman over ['tv', 'maxstep']): 0.757 [tv @W=256]  null95=0.368  honest=0.390  p=0.000  (Pearson_max=0.794)
  LEVEL track: best in-scope |lvl_corr|=0.827 (97 signals >|0.3|, of 219 tested)
  >>> VERDICT: PARTIAL — switching explains some of it.  BUT an in-scope control/STATE signal tracks the power LEVEL (|lvl_corr|=0.827, 97 signals >|0.3|) → LEARNABLE from LEVEL features, not switching. Add them; see Diagnostic A/C.
  wrote /ic/projects/A513software/jingbo.jiang/OnchipPowerModeling/out/x-opm/rtu_activity/corr_toggle_power_debug.png

===== exception  (n=12,169) =====
  target     spearman  sp.null  pearson  pe.null  bestW
  tv            0.361    0.144    0.446    0.151      4
  maxstep       0.738    0.190    0.771    0.278     64
  range         0.817    0.218    0.775    0.241     64
  level         0.252    0.127    0.257    0.133      2
  SWITCHING headline (max Spearman over ['tv', 'maxstep']): 0.738 [maxstep @W=64]  null95=0.262  honest=0.476  p=0.000  (Pearson_max=0.771)
  LEVEL track: best in-scope |lvl_corr|=0.878 (86 signals >|0.3|, of 290 tested)
  >>> VERDICT: PARTIAL — switching explains some of it.  BUT an in-scope control/STATE signal tracks the power LEVEL (|lvl_corr|=0.878, 86 signals >|0.3|) → LEARNABLE from LEVEL features, not switching. Add them; see Diagnostic A/C.
  wrote /ic/projects/A513software/jingbo.jiang/OnchipPowerModeling/out/x-opm/rtu_activity/corr_toggle_power_exception.png

===== interrupt  (n=3,563) =====
  target     spearman  sp.null  pearson  pe.null  bestW
  tv            0.257    0.147    0.275    0.143      2
  maxstep       0.533    0.286    0.507    0.249     16
  range         0.632    0.315    0.624    0.235     16
  level         0.170    0.168    0.156    0.176      1
  SWITCHING headline (max Spearman over ['tv', 'maxstep']): 0.533 [maxstep @W=16]  null95=0.295  honest=0.238  p=0.000  (Pearson_max=0.507)
  LEVEL track: best in-scope |lvl_corr|=0.917 (92 signals >|0.3|, of 244 tested)
  >>> VERDICT: PARTIAL — switching explains some of it.  BUT an in-scope control/STATE signal tracks the power LEVEL (|lvl_corr|=0.917, 92 signals >|0.3|) → LEARNABLE from LEVEL features, not switching. Add them; see Diagnostic A/C.
  wrote /ic/projects/A513software/jingbo.jiang/OnchipPowerModeling/out/x-opm/rtu_activity/corr_toggle_power_interrupt.png

===== ISA_FP  (n=71,076) =====
  target     spearman  sp.null  pearson  pe.null  bestW
  tv            0.858    0.142    0.875    0.135     64
  maxstep       0.859    0.121    0.821    0.143     64
  range         0.874    0.121    0.827    0.142     64
  level         0.881    0.148    0.682    0.113    128
  SWITCHING headline (max Spearman over ['tv', 'maxstep']): 0.860 [tv @W=128]  null95=0.278  honest=0.582  p=0.000  (Pearson_max=0.875)
  LEVEL track: best in-scope |lvl_corr|=0.872 (126 signals >|0.3|, of 314 tested)
  >>> VERDICT: LEARNABLE — datapath switching drives power (set model window ≈ 128 cyc).
  wrote /ic/projects/A513software/jingbo.jiang/OnchipPowerModeling/out/x-opm/rtu_activity/corr_toggle_power_ISA_FP.png

===== ISA_INT  (n=30,030) =====
  target     spearman  sp.null  pearson  pe.null  bestW
  tv            0.650    0.153    0.714    0.162     16
  maxstep       0.698    0.160    0.710    0.171     16
  range         0.779    0.217    0.803    0.230     32
  level         0.626    0.134    0.672    0.144     16
  SWITCHING headline (max Spearman over ['tv', 'maxstep']): 0.825 [maxstep @W=64]  null95=0.414  honest=0.411  p=0.000  (Pearson_max=0.785)
  LEVEL track: best in-scope |lvl_corr|=0.891 (126 signals >|0.3|, of 288 tested)
  >>> VERDICT: PARTIAL — switching explains some of it.  BUT an in-scope control/STATE signal tracks the power LEVEL (|lvl_corr|=0.891, 126 signals >|0.3|) → LEARNABLE from LEVEL features, not switching. Add them; see Diagnostic A/C.
  wrote /ic/projects/A513software/jingbo.jiang/OnchipPowerModeling/out/x-opm/rtu_activity/corr_toggle_power_ISA_INT.png

===== ISA_LS  (n=83,386) =====
  target     spearman  sp.null  pearson  pe.null  bestW
  tv            0.843    0.127    0.622    0.098    128
  maxstep       0.795    0.137    0.674    0.118     64
  range         0.863    0.118    0.706    0.122    128
  level         0.852    0.121    0.605    0.094    128
  SWITCHING headline (max Spearman over ['tv', 'maxstep']): 0.843 [tv @W=128]  null95=0.194  honest=0.649  p=0.000  (Pearson_max=0.802)
  LEVEL track: best in-scope |lvl_corr|=0.921 (131 signals >|0.3|, of 276 tested)
  >>> VERDICT: LEARNABLE — datapath switching drives power (set model window ≈ 128 cyc).
  wrote /ic/projects/A513software/jingbo.jiang/OnchipPowerModeling/out/x-opm/rtu_activity/corr_toggle_power_ISA_LS.png

===== ISA_THEAD  (n=21,143) =====
  target     spearman  sp.null  pearson  pe.null  bestW
  tv            0.632    0.240    0.739    0.279     16
  maxstep       0.674    0.239    0.751    0.305     16
  range         0.769    0.289    0.835    0.342     32
  level         0.671    0.279    0.651    0.287     32
  SWITCHING headline (max Spearman over ['tv', 'maxstep']): 0.809 [maxstep @W=64]  null95=0.597  honest=0.212  p=0.000  (Pearson_max=0.795)
  LEVEL track: best in-scope |lvl_corr|=0.911 (149 signals >|0.3|, of 302 tested)
  >>> VERDICT: PARTIAL — switching explains some of it.  BUT an in-scope control/STATE signal tracks the power LEVEL (|lvl_corr|=0.911, 149 signals >|0.3|) → LEARNABLE from LEVEL features, not switching. Add them; see Diagnostic A/C.
  wrote /ic/projects/A513software/jingbo.jiang/OnchipPowerModeling/out/x-opm/rtu_activity/corr_toggle_power_ISA_THEAD.png

===== MMU  (n=4,233) =====
  target     spearman  sp.null  pearson  pe.null  bestW
  tv            0.266    0.140    0.317    0.127      2
  maxstep       0.628    0.270    0.670    0.253     32
  range         0.730    0.273    0.733    0.263     32
  level         0.174    0.167    0.177    0.181      1
  SWITCHING headline (max Spearman over ['tv', 'maxstep']): 0.628 [maxstep @W=32]  null95=0.283  honest=0.345  p=0.000  (Pearson_max=0.670)
  LEVEL track: best in-scope |lvl_corr|=0.901 (94 signals >|0.3|, of 272 tested)
  >>> VERDICT: PARTIAL — switching explains some of it.  BUT an in-scope control/STATE signal tracks the power LEVEL (|lvl_corr|=0.901, 94 signals >|0.3|) → LEARNABLE from LEVEL features, not switching. Add them; see Diagnostic A/C.
  wrote /ic/projects/A513software/jingbo.jiang/OnchipPowerModeling/out/x-opm/rtu_activity/corr_toggle_power_MMU.png

wrote /ic/projects/A513software/jingbo.jiang/OnchipPowerModeling/out/x-opm/rtu_activity/corr_toggle_power.json and .csv
--- plot_relevance ---
module=rtu  cases=['cache', 'conv_softmax', 'coremark', 'csr', 'debug', 'exception', 'interrupt', 'ISA_FP', 'ISA_INT', 'ISA_LS', 'ISA_THEAD', 'MMU']  out=/ic/projects/A513software/jingbo.jiang/OnchipPowerModeling/out/x-opm/rtu_activity
cache: 19 rare(edge_rate<1e-3)+relevant(|corr|>0.3) signals -> /ic/projects/A513software/jingbo.jiang/OnchipPowerModeling/out/x-opm/rtu_activity/relevance_cache.png
cache: covered=58 unexplained=26 (31.0%) -> /ic/projects/A513software/jingbo.jiang/OnchipPowerModeling/out/x-opm/rtu_activity/coverage_cache.png
conv_softmax: 0 rare(edge_rate<1e-3)+relevant(|corr|>0.3) signals -> /ic/projects/A513software/jingbo.jiang/OnchipPowerModeling/out/x-opm/rtu_activity/relevance_conv_softmax.png
conv_softmax: covered=14516 unexplained=0 (0.0%) -> /ic/projects/A513software/jingbo.jiang/OnchipPowerModeling/out/x-opm/rtu_activity/coverage_conv_softmax.png
coremark: 0 rare(edge_rate<1e-3)+relevant(|corr|>0.3) signals -> /ic/projects/A513software/jingbo.jiang/OnchipPowerModeling/out/x-opm/rtu_activity/relevance_coremark.png
coremark: covered=5978 unexplained=4 (0.1%) -> /ic/projects/A513software/jingbo.jiang/OnchipPowerModeling/out/x-opm/rtu_activity/coverage_coremark.png
csr: 30 rare(edge_rate<1e-3)+relevant(|corr|>0.3) signals -> /ic/projects/A513software/jingbo.jiang/OnchipPowerModeling/out/x-opm/rtu_activity/relevance_csr.png
csr: covered=28 unexplained=0 (0.0%) -> /ic/projects/A513software/jingbo.jiang/OnchipPowerModeling/out/x-opm/rtu_activity/coverage_csr.png
debug: 44 rare(edge_rate<1e-3)+relevant(|corr|>0.3) signals -> /ic/projects/A513software/jingbo.jiang/OnchipPowerModeling/out/x-opm/rtu_activity/relevance_debug.png
debug: covered=69 unexplained=324 (82.4%) -> /ic/projects/A513software/jingbo.jiang/OnchipPowerModeling/out/x-opm/rtu_activity/coverage_debug.png
exception: 10 rare(edge_rate<1e-3)+relevant(|corr|>0.3) signals -> /ic/projects/A513software/jingbo.jiang/OnchipPowerModeling/out/x-opm/rtu_activity/relevance_exception.png
exception: covered=122 unexplained=0 (0.0%) -> /ic/projects/A513software/jingbo.jiang/OnchipPowerModeling/out/x-opm/rtu_activity/coverage_exception.png
interrupt: 11 rare(edge_rate<1e-3)+relevant(|corr|>0.3) signals -> /ic/projects/A513software/jingbo.jiang/OnchipPowerModeling/out/x-opm/rtu_activity/relevance_interrupt.png
interrupt: covered=33 unexplained=3 (8.3%) -> /ic/projects/A513software/jingbo.jiang/OnchipPowerModeling/out/x-opm/rtu_activity/coverage_interrupt.png
ISA_FP: 0 rare(edge_rate<1e-3)+relevant(|corr|>0.3) signals -> /ic/projects/A513software/jingbo.jiang/OnchipPowerModeling/out/x-opm/rtu_activity/relevance_ISA_FP.png
ISA_FP: covered=711 unexplained=0 (0.0%) -> /ic/projects/A513software/jingbo.jiang/OnchipPowerModeling/out/x-opm/rtu_activity/coverage_ISA_FP.png
ISA_INT: 10 rare(edge_rate<1e-3)+relevant(|corr|>0.3) signals -> /ic/projects/A513software/jingbo.jiang/OnchipPowerModeling/out/x-opm/rtu_activity/relevance_ISA_INT.png
ISA_INT: covered=301 unexplained=0 (0.0%) -> /ic/projects/A513software/jingbo.jiang/OnchipPowerModeling/out/x-opm/rtu_activity/coverage_ISA_INT.png
ISA_LS: 4 rare(edge_rate<1e-3)+relevant(|corr|>0.3) signals -> /ic/projects/A513software/jingbo.jiang/OnchipPowerModeling/out/x-opm/rtu_activity/relevance_ISA_LS.png
ISA_LS: covered=732 unexplained=102 (12.2%) -> /ic/projects/A513software/jingbo.jiang/OnchipPowerModeling/out/x-opm/rtu_activity/coverage_ISA_LS.png
ISA_THEAD: 20 rare(edge_rate<1e-3)+relevant(|corr|>0.3) signals -> /ic/projects/A513software/jingbo.jiang/OnchipPowerModeling/out/x-opm/rtu_activity/relevance_ISA_THEAD.png
ISA_THEAD: covered=212 unexplained=0 (0.0%) -> /ic/projects/A513software/jingbo.jiang/OnchipPowerModeling/out/x-opm/rtu_activity/coverage_ISA_THEAD.png
MMU: 14 rare(edge_rate<1e-3)+relevant(|corr|>0.3) signals -> /ic/projects/A513software/jingbo.jiang/OnchipPowerModeling/out/x-opm/rtu_activity/relevance_MMU.png
MMU: covered=43 unexplained=0 (0.0%) -> /ic/projects/A513software/jingbo.jiang/OnchipPowerModeling/out/x-opm/rtu_activity/coverage_MMU.png

==== rare-but-relevant control/state signals (n_edges>=10, sorted by |lvl_corr|) ====

-- cache (rare: edge_rate<1e-3) --
Empty DataFrame
Columns: [signal, n_edges, edge_rate, impact_mW, lift, lvl_corr]
Index: []

-- conv_softmax (rare: edge_rate<1e-3) --
                                             signal  n_edges  edge_rate  impact_mW     lift  lvl_corr
              x_aq_rtu_top/iu_rtu_ex3_mul_preg[5:0]       17   0.000012   0.465499 1.512794 -0.265846
                 x_aq_rtu_top/rtu_idu_fwd1_reg[5:0]       17   0.000012   0.465499 1.512794 -0.265846
      x_aq_rtu_top/x_aq_rtu_rbus/rbus_mul_preg[5:0]       17   0.000012   0.465499 1.512794 -0.265846
  x_aq_rtu_top/x_aq_rtu_rbus/rbus_mul_fwd_preg[5:0]       17   0.000012   0.465499 1.512794 -0.265846
   x_aq_rtu_top/x_aq_rtu_rbus/rtu_idu_fwd1_reg[5:0]       17   0.000012   0.465499 1.512794 -0.265846
x_aq_rtu_top/x_aq_rtu_rbus/iu_rtu_ex3_mul_preg[5:0]       17   0.000012   0.465499 1.512794 -0.265846

-- coremark (rare: edge_rate<1e-3) --
                                          signal  n_edges  edge_rate  impact_mW     lift  lvl_corr
               x_aq_rtu_top/iu_rtu_div_preg[5:0]      159   0.000266    0.43304 1.117238  0.231845
 x_aq_rtu_top/x_aq_rtu_rbus/iu_rtu_div_preg[5:0]      159   0.000266    0.43304 1.117238  0.231845
   x_aq_rtu_top/x_aq_rtu_rbus/rbus_div_preg[5:0]      159   0.000266    0.43304 1.117238  0.231845
              x_aq_rtu_top/iu_rtu_div_data[63:0]      260   0.000435    0.35195 0.908027 -0.080619
x_aq_rtu_top/x_aq_rtu_rbus/iu_rtu_div_data[63:0]      260   0.000435    0.35195 0.908027 -0.080619
  x_aq_rtu_top/x_aq_rtu_rbus/rbus_div_data[63:0]      260   0.000435    0.35195 0.908027 -0.080619

-- csr (rare: edge_rate<1e-3) --
Empty DataFrame
Columns: [signal, n_edges, edge_rate, impact_mW, lift, lvl_corr]
Index: []

-- debug (rare: edge_rate<1e-3) --
                                                signal  n_edges  edge_rate  impact_mW     lift  lvl_corr
               x_aq_rtu_top/x_aq_rtu_wb/rbus_wb_clk_en       38   0.000969   0.568966 4.147484  0.807469
x_aq_rtu_top/x_aq_rtu_wb/x_rbus_wb_clk/clk_en_bf_latch       38   0.000969   0.568966 4.147484  0.807469
       x_aq_rtu_top/x_aq_rtu_wb/x_rbus_wb_clk/local_en       38   0.000969   0.568966 4.147484  0.807469
                       x_aq_rtu_top/rbus_wb_rbus_wb_dp       36   0.000918   0.561337 4.091870  0.805003
             x_aq_rtu_top/x_aq_rtu_rbus/rbus_ex1_wb_dp       36   0.000918   0.561337 4.091870  0.805003
         x_aq_rtu_top/x_aq_rtu_rbus/rbus_wb_rbus_wb_dp       36   0.000918   0.561337 4.091870  0.805003

-- exception (rare: edge_rate<1e-3) --
                                            signal  n_edges  edge_rate  impact_mW     lift  lvl_corr
                 x_aq_rtu_top/cp0_rtu_ex1_cmplt_dp       10   0.000822   0.530284 2.152418  0.496179
     x_aq_rtu_top/x_aq_rtu_dp/cp0_rtu_ex1_cmplt_dp       10   0.000822   0.530284 2.152418  0.496179
   x_aq_rtu_top/x_aq_rtu_rbus/cp0_rtu_ex1_cmplt_dp       10   0.000822   0.530284 2.152418  0.496179
      x_aq_rtu_top/x_aq_rtu_dp/dp_ex1_cp0_cmplt_dp       10   0.000822   0.530284 2.152418  0.496179
                x_aq_rtu_top/cp0_rtu_trap_pc[39:0]       12   0.000986   0.557922 2.264599  0.244657
x_aq_rtu_top/x_aq_rtu_retire/cp0_rtu_trap_pc[39:0]       12   0.000986   0.557922 2.264599  0.244657

-- interrupt (rare: edge_rate<1e-3) --
Empty DataFrame
Columns: [signal, n_edges, edge_rate, impact_mW, lift, lvl_corr]
Index: []

-- ISA_FP (rare: edge_rate<1e-3) --
                                                signal  n_edges  edge_rate  impact_mW     lift  lvl_corr
x_aq_rtu_top/x_aq_rtu_dp/x_dp_trap_clk/clk_en_bf_latch       30   0.000422   0.437998 2.160188  0.298829
       x_aq_rtu_top/x_aq_rtu_dp/x_dp_trap_clk/local_en       30   0.000422   0.437998 2.160188  0.298829
               x_aq_rtu_top/x_aq_rtu_dp/dp_trap_clk_en       30   0.000422   0.437998 2.160188  0.298829
             x_aq_rtu_top/x_aq_rtu_dp/dp_ex1_trap_updt       28   0.000394   0.418834 2.065672  0.298046
                     x_aq_rtu_top/lsu_rtu_ex1_cmplt_dp       20   0.000281   0.351760 1.734870  0.119840
         x_aq_rtu_top/x_aq_rtu_dp/lsu_rtu_ex1_cmplt_dp       20   0.000281   0.351760 1.734870  0.119840

-- ISA_INT (rare: edge_rate<1e-3) --
                                          signal  n_edges  edge_rate  impact_mW     lift  lvl_corr
              x_aq_rtu_top/iu_rtu_ex3_mul_wb_vld       30   0.000999   0.449809 2.368583  0.064296
                   x_aq_rtu_top/rtu_idu_fwd1_vld       30   0.000999   0.449809 2.368583  0.064296
x_aq_rtu_top/x_aq_rtu_rbus/iu_rtu_ex3_mul_wb_vld       30   0.000999   0.449809 2.368583  0.064296
     x_aq_rtu_top/x_aq_rtu_rbus/rtu_idu_fwd1_vld       30   0.000999   0.449809 2.368583  0.064296
       x_aq_rtu_top/x_aq_rtu_rbus/rbus_mul_wb_dp       30   0.000999   0.449809 2.368583  0.064296
      x_aq_rtu_top/x_aq_rtu_rbus/rbus_mul_wb_vld       30   0.000999   0.449809 2.368583  0.064296

-- ISA_LS (rare: edge_rate<1e-3) --
                                           signal  n_edges  edge_rate  impact_mW     lift  lvl_corr
                x_aq_rtu_top/cp0_rtu_ex1_cmplt_dp       14   0.000168   0.272605 1.606831  0.306734
  x_aq_rtu_top/x_aq_rtu_rbus/cp0_rtu_ex1_cmplt_dp       14   0.000168   0.272605 1.606831  0.306734
     x_aq_rtu_top/x_aq_rtu_dp/dp_ex1_cp0_cmplt_dp       14   0.000168   0.272605 1.606831  0.306734
    x_aq_rtu_top/x_aq_rtu_dp/cp0_rtu_ex1_cmplt_dp       14   0.000168   0.272605 1.606831  0.306734
            x_aq_rtu_top/dp_retire_ex2_inst_flush       18   0.000216   0.492014 2.900108  0.266737
x_aq_rtu_top/x_aq_rtu_dp/dp_retire_ex2_inst_flush       18   0.000216   0.492014 2.900108  0.266737

-- ISA_THEAD (rare: edge_rate<1e-3) --
                                              signal  n_edges  edge_rate  impact_mW     lift  lvl_corr
            x_aq_rtu_top/cp0_rtu_ex1_halt_info[21:0]       18   0.000851   0.332597 1.778799  0.483884
x_aq_rtu_top/x_aq_rtu_dp/cp0_rtu_ex1_halt_info[21:0]       18   0.000851   0.332597 1.778799  0.483884
            x_aq_rtu_top/cp0_rtu_ex1_expt_tval[39:0]       18   0.000851   0.332597 1.778799  0.483714
x_aq_rtu_top/x_aq_rtu_dp/cp0_rtu_ex1_expt_tval[39:0]       18   0.000851   0.332597 1.778799  0.483714
               x_aq_rtu_top/dp_retire_ex2_inst_flush       10   0.000473   0.648845 3.470158  0.468685
                   x_aq_rtu_top/dp_top_dbg_info[2:0]       10   0.000473   0.648845 3.470158  0.468685

-- MMU (rare: edge_rate<1e-3) --
Empty DataFrame
Columns: [signal, n_edges, edge_rate, impact_mW, lift, lvl_corr]
Index: []
===== module rtu DONE  Sun Aug 16 11:59:06 AM +08 2026 =====
