 
****************************************
Report : area
Design : multihead_attention_wrapper_D_TOKEN32_N_HEADS8_SEQ_LEN16_DATA_WIDTH8_FRAC_BITS7_SCALE_FRAC14_SM_FRAC8_RECIP_FRAC24_SCALE8192
Version: X-2025.06-SP2
Date   : Tue Jun 16 02:27:13 2026
****************************************

Library(s) Used:

    gtech (File: /usr/eelocal/synopsys/syn-vx2025.06-sp2/libraries/syn/gtech.db)

Number of ports:                     20573238
Number of nets:                      57998085
Number of cells:                     25962073
Number of combinational cells:       24998573
Number of sequential cells:            238759
Number of macros/black boxes:               0
Number of buf/inv:                    1838517
Number of references:                       3

Combinational area:                  0.000000
Buf/Inv area:                        0.000000
Noncombinational area:               0.000000
Macro/Black Box area:                0.000000
Net Interconnect area:      undefined  (Wire load has zero net area)

Total cell area:                     0.000000
Total area:                 undefined

Information: This design contains unmapped logic. (RPT-7)
1
